

================================================================
== Vitis HLS Report for 'matrix_mult'
================================================================
* Date:           Tue Oct  6 18:41:02 2026

* Version:        2026.1 (Build 6493734 on Jun 16 2026)
* Project:        matrix_mult
* Solution:       hls
* Product family: zynq
* Target device:  xc7z020-clg484-1


================================================================
== Performance Estimates
================================================================
+ Timing: 
    * Summary: 
    +--------+---------+----------+------------+
    |  Clock |  Target | Estimated| Uncertainty|
    +--------+---------+----------+------------+
    |ap_clk  |  5.00 ns|  5.415 ns|     1.35 ns|
    +--------+---------+----------+------------+

+ Latency: 
    * Summary: 
    +---------+---------+----------+----------+-----+-----+-----------------------------------------+
    |  Latency (cycles) |  Latency (absolute) |  Interval |                 Pipeline                |
    |   min   |   max   |    min   |    max   | min | max |                   Type                  |
    +---------+---------+----------+----------+-----+-----+-----------------------------------------+
    |       85|       85|  0.460 us|  0.460 us|   80|   80|  loop auto-rewind stp (delay=5 cycle(s))|
    +---------+---------+----------+----------+-----+-----+-----------------------------------------+

    + Detail: 
        * Instance: 
        N/A

        * Loop: 
        +-----------+---------+---------+----------+-----------+-----------+------+----------+
        |           |  Latency (cycles) | Iteration|  Initiation Interval  | Trip |          |
        | Loop Name |   min   |   max   |  Latency |  achieved |   target  | Count| Pipelined|
        +-----------+---------+---------+----------+-----------+-----------+------+----------+
        |- Row_Col  |       83|       83|        12|          3|          1|    25|       yes|
        +-----------+---------+---------+----------+-----------+-----------+------+----------+

============================================================
+ Verbose Summary: Synthesis Manager
============================================================
InlineROM: 1
ExposeGlobal: 0
============================================================
+ Verbose Summary: CDFG Model
============================================================
IsTopModel: 1
ResetActiveHigh: 1
IsCombinational: 2
IsDatapathOnly: 0
HasWiredReturn: 1
HasMFsm: 2
HasVarLatency: 1
IsPipeline: 0
IsRtlPipelined: 0
IsInstanceOverlapped: 0
IsDontTouch: 0
HasImplIP: 0
IsGatedGlobalClock: 0

+ Individual pipeline summary: 
  * Pipeline-0: initiation interval (II) = 3, depth = 12


============================================================
+ Verbose Summary: Schedule
============================================================
* Number of FSM states : 12
* Pipeline : 1
  Pipeline-0 : II = 3, D = 12, States = { 1 2 3 4 5 6 7 8 9 10 11 12 }
* Dataflow Pipeline: 0

* FSM state transitions: 
1 --> 2 
2 --> 3 
3 --> 4 
4 --> 5 
5 --> 6 
6 --> 7 
7 --> 8 
8 --> 9 
9 --> 10 
10 --> 11 
11 --> 12 
12 --> 

* FSM state operations: 

State 1 <SV = 0> <Delay = 3.23>
ST_1 : Operation 15 [1/1] (0.00ns)   --->   "%indvar_flatten1 = alloca i32 1"   --->   Operation 15 'alloca' 'indvar_flatten1' <Predicate = true> <Delay = 0.00>
ST_1 : Operation 16 [1/1] (0.00ns)   --->   "%i = alloca i32 1" [../source/tut3B_Col/matrix_mult.cpp:9]   --->   Operation 16 'alloca' 'i' <Predicate = true> <Delay = 0.00>
ST_1 : Operation 17 [1/1] (0.00ns)   --->   "%j = alloca i32 1" [../source/tut3B_Col/matrix_mult.cpp:12]   --->   Operation 17 'alloca' 'j' <Predicate = true> <Delay = 0.00>
ST_1 : Operation 18 [1/1] (0.00ns)   --->   "%spectopmodule_ln3 = spectopmodule void @_ssdm_op_SpecTopModule, void @empty_1" [../source/tut3B_Col/matrix_mult.cpp:3]   --->   Operation 18 'spectopmodule' 'spectopmodule_ln3' <Predicate = true> <Delay = 0.00>
ST_1 : Operation 19 [1/1] (0.00ns)   --->   "%specinterface_ln0 = specinterface void @_ssdm_op_SpecInterface, i8 %a, void @empty, i32 0, i32 0, void @empty_0, i32 4294967295, i32 0, void @empty_0, void @empty_0, void @empty_0, i32 0, i32 0, i32 0, i32 0, void @empty_0, void @empty_0, i32 4294967295, i32 0, i32 0, i32 0"   --->   Operation 19 'specinterface' 'specinterface_ln0' <Predicate = true> <Delay = 0.00>
ST_1 : Operation 20 [1/1] (0.00ns)   --->   "%specbitsmap_ln0 = specbitsmap void @_ssdm_op_SpecBitsMap, i8 %a"   --->   Operation 20 'specbitsmap' 'specbitsmap_ln0' <Predicate = true> <Delay = 0.00>
ST_1 : Operation 21 [1/1] (0.00ns)   --->   "%specinterface_ln0 = specinterface void @_ssdm_op_SpecInterface, i8 %b, void @empty, i32 0, i32 0, void @empty_0, i32 4294967295, i32 0, void @empty_0, void @empty_0, void @empty_0, i32 0, i32 0, i32 0, i32 0, void @empty_0, void @empty_0, i32 4294967295, i32 0, i32 0, i32 0"   --->   Operation 21 'specinterface' 'specinterface_ln0' <Predicate = true> <Delay = 0.00>
ST_1 : Operation 22 [1/1] (0.00ns)   --->   "%specbitsmap_ln0 = specbitsmap void @_ssdm_op_SpecBitsMap, i8 %b"   --->   Operation 22 'specbitsmap' 'specbitsmap_ln0' <Predicate = true> <Delay = 0.00>
ST_1 : Operation 23 [1/1] (0.00ns)   --->   "%specinterface_ln0 = specinterface void @_ssdm_op_SpecInterface, i16 %prod, void @empty, i32 0, i32 0, void @empty_0, i32 4294967295, i32 0, void @empty_0, void @empty_0, void @empty_0, i32 0, i32 0, i32 0, i32 0, void @empty_0, void @empty_0, i32 4294967295, i32 0, i32 0, i32 0"   --->   Operation 23 'specinterface' 'specinterface_ln0' <Predicate = true> <Delay = 0.00>
ST_1 : Operation 24 [1/1] (0.00ns)   --->   "%specbitsmap_ln0 = specbitsmap void @_ssdm_op_SpecBitsMap, i16 %prod"   --->   Operation 24 'specbitsmap' 'specbitsmap_ln0' <Predicate = true> <Delay = 0.00>
ST_1 : Operation 25 [1/1] (1.58ns)   --->   "%store_ln12 = store i3 0, i3 %j" [../source/tut3B_Col/matrix_mult.cpp:12]   --->   Operation 25 'store' 'store_ln12' <Predicate = true> <Delay = 1.58>
ST_1 : Operation 26 [1/1] (1.58ns)   --->   "%store_ln9 = store i3 0, i3 %i" [../source/tut3B_Col/matrix_mult.cpp:9]   --->   Operation 26 'store' 'store_ln9' <Predicate = true> <Delay = 1.58>
ST_1 : Operation 27 [1/1] (1.58ns)   --->   "%store_ln0 = store i5 0, i5 %indvar_flatten1"   --->   Operation 27 'store' 'store_ln0' <Predicate = true> <Delay = 1.58>
ST_1 : Operation 28 [1/1] (1.58ns)   --->   "%br_ln0 = br void %for.inc29"   --->   Operation 28 'br' 'br_ln0' <Predicate = true> <Delay = 1.58>
ST_1 : Operation 29 [1/1] (0.00ns)   --->   "%icmp_ln124 = phi i1 0, void %entry, i1 %icmp_ln12, void %for.inc29" [../source/tut3B_Col/matrix_mult.cpp:12]   --->   Operation 29 'phi' 'icmp_ln124' <Predicate = true> <Delay = 0.00>
ST_1 : Operation 30 [1/1] (0.00ns)   --->   "%i_1 = load i3 %i" [../source/tut3B_Col/matrix_mult.cpp:9]   --->   Operation 30 'load' 'i_1' <Predicate = true> <Delay = 0.00>
ST_1 : Operation 31 [1/1] (0.00ns)   --->   "%j_1 = load i3 %j" [../source/tut3B_Col/matrix_mult.cpp:9]   --->   Operation 31 'load' 'j_1' <Predicate = true> <Delay = 0.00>
ST_1 : Operation 32 [1/1] (0.98ns)   --->   "%select_ln9 = select i1 %icmp_ln124, i3 0, i3 %j_1" [../source/tut3B_Col/matrix_mult.cpp:9]   --->   Operation 32 'select' 'select_ln9' <Predicate = true> <Delay = 0.98> <CoreInst = "Sel">   --->   Core 73 'Sel' <Latency = 0> <II = 1> <Delay = 0.98> <FuncUnit> <Opcode : 'select'> <InPorts = 3> <OutPorts = 1>
ST_1 : Operation 33 [1/1] (0.00ns) (grouped into LUT with out node i_3)   --->   "%empty = select i1 %icmp_ln124, i3 1, i3 0" [../source/tut3B_Col/matrix_mult.cpp:12]   --->   Operation 33 'select' 'empty' <Predicate = true> <Delay = 0.00> <CoreInst = "Sel">   --->   Core 73 'Sel' <Latency = 0> <II = 1> <Delay = 0.99> <FuncUnit> <Opcode : 'select'> <InPorts = 3> <OutPorts = 1>
ST_1 : Operation 34 [1/1] (1.65ns) (out node of the LUT)   --->   "%i_3 = add i3 %i_1, i3 %empty" [../source/tut3B_Col/matrix_mult.cpp:9]   --->   Operation 34 'add' 'i_3' <Predicate = true> <Delay = 1.65> <CoreInst = "Adder">   --->   Core 1 'Adder' <Latency = 0> <II = 1> <Delay = 1.65> <FuncUnit> <Opcode : 'add' 'sub'> <InPorts = 2> <OutPorts = 1>
ST_1 : Operation 35 [1/1] (0.00ns)   --->   "%zext_ln12 = zext i3 %select_ln9" [../source/tut3B_Col/matrix_mult.cpp:12]   --->   Operation 35 'zext' 'zext_ln12' <Predicate = true> <Delay = 0.00>
ST_1 : Operation 36 [1/1] (0.00ns)   --->   "%b_addr = getelementptr i8 %b, i64 0, i64 %zext_ln12" [../source/tut3B_Col/matrix_mult.cpp:20]   --->   Operation 36 'getelementptr' 'b_addr' <Predicate = true> <Delay = 0.00>
ST_1 : Operation 37 [2/2] (0.00ns)   --->   "%b_load = load i5 %b_addr" [../source/tut3B_Col/matrix_mult.cpp:20]   --->   Operation 37 'load' 'b_load' <Predicate = true> <Delay = 0.00> <CoreInst = "RAM">   --->   Core 81 'RAM' <Latency = 1> <II = 1> <Delay = 2.32> <Storage> <Opcode : 'load' 'store'> <Ports = 2> <Width = 8> <Depth = 25> <RAM>

State 2 <SV = 1> <Delay = 3.56>
ST_2 : Operation 38 [1/1] (0.00ns)   --->   "%zext_ln20 = zext i3 %i_3" [../source/tut3B_Col/matrix_mult.cpp:20]   --->   Operation 38 'zext' 'zext_ln20' <Predicate = true> <Delay = 0.00>
ST_2 : Operation 39 [1/1] (0.00ns)   --->   "%tmp = bitconcatenate i5 @_ssdm_op_BitConcatenate.i5.i3.i2, i3 %i_3, i2 0" [../source/tut3B_Col/matrix_mult.cpp:20]   --->   Operation 39 'bitconcatenate' 'tmp' <Predicate = true> <Delay = 0.00>
ST_2 : Operation 40 [1/1] (0.00ns)   --->   "%zext_ln20_1 = zext i5 %tmp" [../source/tut3B_Col/matrix_mult.cpp:20]   --->   Operation 40 'zext' 'zext_ln20_1' <Predicate = true> <Delay = 0.00>
ST_2 : Operation 41 [1/1] (1.78ns)   --->   "%add_ln20_13 = add i6 %zext_ln20_1, i6 %zext_ln20" [../source/tut3B_Col/matrix_mult.cpp:20]   --->   Operation 41 'add' 'add_ln20_13' <Predicate = true> <Delay = 1.78> <CoreInst = "Adder">   --->   Core 1 'Adder' <Latency = 0> <II = 1> <Delay = 1.78> <FuncUnit> <Opcode : 'add' 'sub'> <InPorts = 2> <OutPorts = 1>
ST_2 : Operation 42 [1/1] (0.00ns)   --->   "%trunc_ln20 = trunc i6 %add_ln20_13" [../source/tut3B_Col/matrix_mult.cpp:20]   --->   Operation 42 'trunc' 'trunc_ln20' <Predicate = true> <Delay = 0.00>
ST_2 : Operation 43 [1/1] (1.78ns)   --->   "%add_ln20_4 = add i5 %trunc_ln20, i5 1" [../source/tut3B_Col/matrix_mult.cpp:20]   --->   Operation 43 'add' 'add_ln20_4' <Predicate = true> <Delay = 1.78> <CoreInst = "Adder">   --->   Core 1 'Adder' <Latency = 0> <II = 1> <Delay = 1.78> <FuncUnit> <Opcode : 'add' 'sub'> <InPorts = 2> <OutPorts = 1>
ST_2 : Operation 44 [1/1] (0.00ns)   --->   "%zext_ln20_3 = zext i5 %add_ln20_4" [../source/tut3B_Col/matrix_mult.cpp:20]   --->   Operation 44 'zext' 'zext_ln20_3' <Predicate = true> <Delay = 0.00>
ST_2 : Operation 45 [1/1] (0.00ns)   --->   "%a_addr_1 = getelementptr i8 %a, i64 0, i64 %zext_ln20_3" [../source/tut3B_Col/matrix_mult.cpp:20]   --->   Operation 45 'getelementptr' 'a_addr_1' <Predicate = true> <Delay = 0.00>
ST_2 : Operation 46 [1/1] (1.78ns)   --->   "%add_ln20_6 = add i5 %trunc_ln20, i5 3" [../source/tut3B_Col/matrix_mult.cpp:20]   --->   Operation 46 'add' 'add_ln20_6' <Predicate = true> <Delay = 1.78> <CoreInst = "Adder">   --->   Core 1 'Adder' <Latency = 0> <II = 1> <Delay = 1.78> <FuncUnit> <Opcode : 'add' 'sub'> <InPorts = 2> <OutPorts = 1>
ST_2 : Operation 47 [1/1] (0.00ns)   --->   "%zext_ln20_5 = zext i5 %add_ln20_6" [../source/tut3B_Col/matrix_mult.cpp:20]   --->   Operation 47 'zext' 'zext_ln20_5' <Predicate = true> <Delay = 0.00>
ST_2 : Operation 48 [1/1] (0.00ns)   --->   "%a_addr_3 = getelementptr i8 %a, i64 0, i64 %zext_ln20_5" [../source/tut3B_Col/matrix_mult.cpp:20]   --->   Operation 48 'getelementptr' 'a_addr_3' <Predicate = true> <Delay = 0.00>
ST_2 : Operation 49 [2/2] (0.00ns)   --->   "%a_load_1 = load i5 %a_addr_1" [../source/tut3B_Col/matrix_mult.cpp:20]   --->   Operation 49 'load' 'a_load_1' <Predicate = true> <Delay = 0.00> <CoreInst = "RAM">   --->   Core 81 'RAM' <Latency = 1> <II = 1> <Delay = 2.32> <Storage> <Opcode : 'load' 'store'> <Ports = 2> <Width = 8> <Depth = 25> <RAM>
ST_2 : Operation 50 [2/2] (0.00ns)   --->   "%a_load_3 = load i5 %a_addr_3" [../source/tut3B_Col/matrix_mult.cpp:20]   --->   Operation 50 'load' 'a_load_3' <Predicate = true> <Delay = 0.00> <CoreInst = "RAM">   --->   Core 81 'RAM' <Latency = 1> <II = 1> <Delay = 2.32> <Storage> <Opcode : 'load' 'store'> <Ports = 2> <Width = 8> <Depth = 25> <RAM>
ST_2 : Operation 51 [1/1] (0.00ns)   --->   "%zext_ln20_7 = zext i3 %select_ln9" [../source/tut3B_Col/matrix_mult.cpp:20]   --->   Operation 51 'zext' 'zext_ln20_7' <Predicate = true> <Delay = 0.00>
ST_2 : Operation 52 [1/1] (0.00ns)   --->   "%zext_ln20_8 = zext i3 %select_ln9" [../source/tut3B_Col/matrix_mult.cpp:20]   --->   Operation 52 'zext' 'zext_ln20_8' <Predicate = true> <Delay = 0.00>
ST_2 : Operation 53 [1/1] (1.73ns)   --->   "%add_ln20_8 = add i4 %zext_ln20_8, i4 5" [../source/tut3B_Col/matrix_mult.cpp:20]   --->   Operation 53 'add' 'add_ln20_8' <Predicate = true> <Delay = 1.73> <CoreInst = "Adder">   --->   Core 1 'Adder' <Latency = 0> <II = 1> <Delay = 1.73> <FuncUnit> <Opcode : 'add' 'sub'> <InPorts = 2> <OutPorts = 1>
ST_2 : Operation 54 [1/1] (0.00ns)   --->   "%zext_ln20_9 = zext i4 %add_ln20_8" [../source/tut3B_Col/matrix_mult.cpp:20]   --->   Operation 54 'zext' 'zext_ln20_9' <Predicate = true> <Delay = 0.00>
ST_2 : Operation 55 [1/1] (0.00ns)   --->   "%b_addr_1 = getelementptr i8 %b, i64 0, i64 %zext_ln20_9" [../source/tut3B_Col/matrix_mult.cpp:20]   --->   Operation 55 'getelementptr' 'b_addr_1' <Predicate = true> <Delay = 0.00>
ST_2 : Operation 56 [1/1] (1.78ns)   --->   "%add_ln20_10 = add i5 %zext_ln20_7, i5 15" [../source/tut3B_Col/matrix_mult.cpp:20]   --->   Operation 56 'add' 'add_ln20_10' <Predicate = true> <Delay = 1.78> <CoreInst = "Adder">   --->   Core 1 'Adder' <Latency = 0> <II = 1> <Delay = 1.78> <FuncUnit> <Opcode : 'add' 'sub'> <InPorts = 2> <OutPorts = 1>
ST_2 : Operation 57 [1/1] (0.00ns)   --->   "%zext_ln20_11 = zext i5 %add_ln20_10" [../source/tut3B_Col/matrix_mult.cpp:20]   --->   Operation 57 'zext' 'zext_ln20_11' <Predicate = true> <Delay = 0.00>
ST_2 : Operation 58 [1/1] (0.00ns)   --->   "%b_addr_3 = getelementptr i8 %b, i64 0, i64 %zext_ln20_11" [../source/tut3B_Col/matrix_mult.cpp:20]   --->   Operation 58 'getelementptr' 'b_addr_3' <Predicate = true> <Delay = 0.00>
ST_2 : Operation 59 [1/2] ( I:0.00ns O:0.00ns )   --->   "%b_load = load i5 %b_addr" [../source/tut3B_Col/matrix_mult.cpp:20]   --->   Operation 59 'load' 'b_load' <Predicate = true> <Delay = 0.00> <CoreInst = "RAM">   --->   Core 81 'RAM' <Latency = 1> <II = 1> <Delay = 2.32> <Storage> <Opcode : 'load' 'store'> <Ports = 2> <Width = 8> <Depth = 25> <RAM>
ST_2 : Operation 60 [2/2] (0.00ns)   --->   "%b_load_1 = load i5 %b_addr_1" [../source/tut3B_Col/matrix_mult.cpp:20]   --->   Operation 60 'load' 'b_load_1' <Predicate = true> <Delay = 0.00> <CoreInst = "RAM">   --->   Core 81 'RAM' <Latency = 1> <II = 1> <Delay = 2.32> <Storage> <Opcode : 'load' 'store'> <Ports = 2> <Width = 8> <Depth = 25> <RAM>
ST_2 : Operation 61 [2/2] (0.00ns)   --->   "%b_load_3 = load i5 %b_addr_3" [../source/tut3B_Col/matrix_mult.cpp:20]   --->   Operation 61 'load' 'b_load_3' <Predicate = true> <Delay = 0.00> <CoreInst = "RAM">   --->   Core 81 'RAM' <Latency = 1> <II = 1> <Delay = 2.32> <Storage> <Opcode : 'load' 'store'> <Ports = 2> <Width = 8> <Depth = 25> <RAM>
ST_2 : Operation 62 [1/1] (1.65ns)   --->   "%j_3 = add i3 %select_ln9, i3 1" [../source/tut3B_Col/matrix_mult.cpp:12]   --->   Operation 62 'add' 'j_3' <Predicate = true> <Delay = 1.65> <CoreInst = "Adder">   --->   Core 1 'Adder' <Latency = 0> <II = 1> <Delay = 1.65> <FuncUnit> <Opcode : 'add' 'sub'> <InPorts = 2> <OutPorts = 1>
ST_2 : Operation 63 [1/1] (1.65ns)   --->   "%icmp_ln12 = icmp_eq  i3 %j_3, i3 5" [../source/tut3B_Col/matrix_mult.cpp:12]   --->   Operation 63 'icmp' 'icmp_ln12' <Predicate = true> <Delay = 1.65> <CoreInst = "Cmp">   --->   Core 9 'Cmp' <Latency = 0> <II = 1> <Delay = 1.65> <FuncUnit> <Opcode : 'seteq' 'setne' 'setle' 'setge' 'setlt' 'setgt'> <InPorts = 2> <OutPorts = 1>
ST_2 : Operation 64 [1/1] (1.58ns)   --->   "%store_ln12 = store i3 %j_3, i3 %j" [../source/tut3B_Col/matrix_mult.cpp:12]   --->   Operation 64 'store' 'store_ln12' <Predicate = true> <Delay = 1.58>
ST_2 : Operation 65 [1/1] (1.58ns)   --->   "%store_ln9 = store i3 %i_3, i3 %i" [../source/tut3B_Col/matrix_mult.cpp:9]   --->   Operation 65 'store' 'store_ln9' <Predicate = true> <Delay = 1.58>

State 3 <SV = 2> <Delay = 5.41>
ST_3 : Operation 66 [1/1] (0.00ns)   --->   "%indvar_flatten1_load = load i5 %indvar_flatten1" [../source/tut3B_Col/matrix_mult.cpp:9]   --->   Operation 66 'load' 'indvar_flatten1_load' <Predicate = true> <Delay = 0.00>
ST_3 : Operation 67 [1/1] (0.00ns)   --->   "%zext_ln20_2 = zext i6 %add_ln20_13" [../source/tut3B_Col/matrix_mult.cpp:20]   --->   Operation 67 'zext' 'zext_ln20_2' <Predicate = true> <Delay = 0.00>
ST_3 : Operation 68 [1/1] (0.00ns)   --->   "%a_addr = getelementptr i8 %a, i64 0, i64 %zext_ln20_2" [../source/tut3B_Col/matrix_mult.cpp:20]   --->   Operation 68 'getelementptr' 'a_addr' <Predicate = true> <Delay = 0.00>
ST_3 : Operation 69 [1/1] (1.78ns)   --->   "%add_ln20_7 = add i5 %trunc_ln20, i5 4" [../source/tut3B_Col/matrix_mult.cpp:20]   --->   Operation 69 'add' 'add_ln20_7' <Predicate = true> <Delay = 1.78> <CoreInst = "Adder">   --->   Core 1 'Adder' <Latency = 0> <II = 1> <Delay = 1.78> <FuncUnit> <Opcode : 'add' 'sub'> <InPorts = 2> <OutPorts = 1>
ST_3 : Operation 70 [1/1] (0.00ns)   --->   "%zext_ln20_6 = zext i5 %add_ln20_7" [../source/tut3B_Col/matrix_mult.cpp:20]   --->   Operation 70 'zext' 'zext_ln20_6' <Predicate = true> <Delay = 0.00>
ST_3 : Operation 71 [1/1] (0.00ns)   --->   "%a_addr_4 = getelementptr i8 %a, i64 0, i64 %zext_ln20_6" [../source/tut3B_Col/matrix_mult.cpp:20]   --->   Operation 71 'getelementptr' 'a_addr_4' <Predicate = true> <Delay = 0.00>
ST_3 : Operation 72 [2/2] (0.00ns)   --->   "%a_load = load i5 %a_addr" [../source/tut3B_Col/matrix_mult.cpp:20]   --->   Operation 72 'load' 'a_load' <Predicate = true> <Delay = 0.00> <CoreInst = "RAM">   --->   Core 81 'RAM' <Latency = 1> <II = 1> <Delay = 2.32> <Storage> <Opcode : 'load' 'store'> <Ports = 2> <Width = 8> <Depth = 25> <RAM>
ST_3 : Operation 73 [1/2] ( I:0.00ns O:0.00ns )   --->   "%a_load_1 = load i5 %a_addr_1" [../source/tut3B_Col/matrix_mult.cpp:20]   --->   Operation 73 'load' 'a_load_1' <Predicate = true> <Delay = 0.00> <CoreInst = "RAM">   --->   Core 81 'RAM' <Latency = 1> <II = 1> <Delay = 2.32> <Storage> <Opcode : 'load' 'store'> <Ports = 2> <Width = 8> <Depth = 25> <RAM>
ST_3 : Operation 74 [1/2] ( I:0.00ns O:0.00ns )   --->   "%a_load_3 = load i5 %a_addr_3" [../source/tut3B_Col/matrix_mult.cpp:20]   --->   Operation 74 'load' 'a_load_3' <Predicate = true> <Delay = 0.00> <CoreInst = "RAM">   --->   Core 81 'RAM' <Latency = 1> <II = 1> <Delay = 2.32> <Storage> <Opcode : 'load' 'store'> <Ports = 2> <Width = 8> <Depth = 25> <RAM>
ST_3 : Operation 75 [1/1] (0.00ns)   --->   "%sext_ln20_3 = sext i8 %a_load_3" [../source/tut3B_Col/matrix_mult.cpp:20]   --->   Operation 75 'sext' 'sext_ln20_3' <Predicate = true> <Delay = 0.00>
ST_3 : Operation 76 [2/2] (0.00ns)   --->   "%a_load_4 = load i5 %a_addr_4" [../source/tut3B_Col/matrix_mult.cpp:20]   --->   Operation 76 'load' 'a_load_4' <Predicate = true> <Delay = 0.00> <CoreInst = "RAM">   --->   Core 81 'RAM' <Latency = 1> <II = 1> <Delay = 2.32> <Storage> <Opcode : 'load' 'store'> <Ports = 2> <Width = 8> <Depth = 25> <RAM>
ST_3 : Operation 77 [1/1] (1.78ns)   --->   "%add_ln20_9 = add i5 %zext_ln20_7, i5 10" [../source/tut3B_Col/matrix_mult.cpp:20]   --->   Operation 77 'add' 'add_ln20_9' <Predicate = true> <Delay = 1.78> <CoreInst = "Adder">   --->   Core 1 'Adder' <Latency = 0> <II = 1> <Delay = 1.78> <FuncUnit> <Opcode : 'add' 'sub'> <InPorts = 2> <OutPorts = 1>
ST_3 : Operation 78 [1/1] (0.00ns)   --->   "%zext_ln20_10 = zext i5 %add_ln20_9" [../source/tut3B_Col/matrix_mult.cpp:20]   --->   Operation 78 'zext' 'zext_ln20_10' <Predicate = true> <Delay = 0.00>
ST_3 : Operation 79 [1/1] (0.00ns)   --->   "%b_addr_2 = getelementptr i8 %b, i64 0, i64 %zext_ln20_10" [../source/tut3B_Col/matrix_mult.cpp:20]   --->   Operation 79 'getelementptr' 'b_addr_2' <Predicate = true> <Delay = 0.00>
ST_3 : Operation 80 [1/1] (1.78ns)   --->   "%add_ln20_11 = add i5 %zext_ln20_7, i5 20" [../source/tut3B_Col/matrix_mult.cpp:20]   --->   Operation 80 'add' 'add_ln20_11' <Predicate = true> <Delay = 1.78> <CoreInst = "Adder">   --->   Core 1 'Adder' <Latency = 0> <II = 1> <Delay = 1.78> <FuncUnit> <Opcode : 'add' 'sub'> <InPorts = 2> <OutPorts = 1>
ST_3 : Operation 81 [1/1] (0.00ns)   --->   "%zext_ln20_12 = zext i5 %add_ln20_11" [../source/tut3B_Col/matrix_mult.cpp:20]   --->   Operation 81 'zext' 'zext_ln20_12' <Predicate = true> <Delay = 0.00>
ST_3 : Operation 82 [1/1] (0.00ns)   --->   "%b_addr_4 = getelementptr i8 %b, i64 0, i64 %zext_ln20_12" [../source/tut3B_Col/matrix_mult.cpp:20]   --->   Operation 82 'getelementptr' 'b_addr_4' <Predicate = true> <Delay = 0.00>
ST_3 : Operation 83 [1/2] ( I:0.00ns O:0.00ns )   --->   "%b_load_1 = load i5 %b_addr_1" [../source/tut3B_Col/matrix_mult.cpp:20]   --->   Operation 83 'load' 'b_load_1' <Predicate = true> <Delay = 0.00> <CoreInst = "RAM">   --->   Core 81 'RAM' <Latency = 1> <II = 1> <Delay = 2.32> <Storage> <Opcode : 'load' 'store'> <Ports = 2> <Width = 8> <Depth = 25> <RAM>
ST_3 : Operation 84 [2/2] (0.00ns)   --->   "%b_load_2 = load i5 %b_addr_2" [../source/tut3B_Col/matrix_mult.cpp:20]   --->   Operation 84 'load' 'b_load_2' <Predicate = true> <Delay = 0.00> <CoreInst = "RAM">   --->   Core 81 'RAM' <Latency = 1> <II = 1> <Delay = 2.32> <Storage> <Opcode : 'load' 'store'> <Ports = 2> <Width = 8> <Depth = 25> <RAM>
ST_3 : Operation 85 [1/2] ( I:0.00ns O:0.00ns )   --->   "%b_load_3 = load i5 %b_addr_3" [../source/tut3B_Col/matrix_mult.cpp:20]   --->   Operation 85 'load' 'b_load_3' <Predicate = true> <Delay = 0.00> <CoreInst = "RAM">   --->   Core 81 'RAM' <Latency = 1> <II = 1> <Delay = 2.32> <Storage> <Opcode : 'load' 'store'> <Ports = 2> <Width = 8> <Depth = 25> <RAM>
ST_3 : Operation 86 [1/1] (0.00ns)   --->   "%sext_ln20_8 = sext i8 %b_load_3" [../source/tut3B_Col/matrix_mult.cpp:20]   --->   Operation 86 'sext' 'sext_ln20_8' <Predicate = true> <Delay = 0.00>
ST_3 : Operation 87 [2/2] (0.00ns)   --->   "%b_load_4 = load i5 %b_addr_4" [../source/tut3B_Col/matrix_mult.cpp:20]   --->   Operation 87 'load' 'b_load_4' <Predicate = true> <Delay = 0.00> <CoreInst = "RAM">   --->   Core 81 'RAM' <Latency = 1> <II = 1> <Delay = 2.32> <Storage> <Opcode : 'load' 'store'> <Ports = 2> <Width = 8> <Depth = 25> <RAM>
ST_3 : Operation 88 [5/5] (5.41ns)   --->   "%mul_ln20_3 = mul i16 %sext_ln20_8, i16 %sext_ln20_3" [../source/tut3B_Col/matrix_mult.cpp:20]   --->   Operation 88 'mul' 'mul_ln20_3' <Predicate = true> <Delay = 5.41> <CoreInst = "Multiplier">   --->   Core 3 'Multiplier' <Latency = 4> <II = 1> <Delay = 5.41> <FuncUnit> <Opcode : 'mul'> <InPorts = 2> <OutPorts = 1>
ST_3 : Operation 89 [1/1] (1.78ns)   --->   "%add_ln9_1 = add i5 %indvar_flatten1_load, i5 1" [../source/tut3B_Col/matrix_mult.cpp:9]   --->   Operation 89 'add' 'add_ln9_1' <Predicate = true> <Delay = 1.78> <CoreInst = "Adder">   --->   Core 1 'Adder' <Latency = 0> <II = 1> <Delay = 1.78> <FuncUnit> <Opcode : 'add' 'sub'> <InPorts = 2> <OutPorts = 1>
ST_3 : Operation 90 [1/1] (1.78ns)   --->   "%icmp_ln9 = icmp_eq  i5 %indvar_flatten1_load, i5 24" [../source/tut3B_Col/matrix_mult.cpp:9]   --->   Operation 90 'icmp' 'icmp_ln9' <Predicate = true> <Delay = 1.78> <CoreInst = "Cmp">   --->   Core 9 'Cmp' <Latency = 0> <II = 1> <Delay = 1.78> <FuncUnit> <Opcode : 'seteq' 'setne' 'setle' 'setge' 'setlt' 'setgt'> <InPorts = 2> <OutPorts = 1>
ST_3 : Operation 91 [1/1] (1.58ns)   --->   "%store_ln9 = store i5 %add_ln9_1, i5 %indvar_flatten1" [../source/tut3B_Col/matrix_mult.cpp:9]   --->   Operation 91 'store' 'store_ln9' <Predicate = true> <Delay = 1.58>
ST_3 : Operation 92 [1/1] (0.00ns)   --->   "%br_ln9 = br i1 %icmp_ln9, void %for.inc29, void %for.end31" [../source/tut3B_Col/matrix_mult.cpp:9]   --->   Operation 92 'br' 'br_ln9' <Predicate = true> <Delay = 0.00>

State 4 <SV = 3> <Delay = 5.41>
ST_4 : Operation 93 [1/1] (1.78ns)   --->   "%add_ln20_5 = add i5 %trunc_ln20, i5 2" [../source/tut3B_Col/matrix_mult.cpp:20]   --->   Operation 93 'add' 'add_ln20_5' <Predicate = true> <Delay = 1.78> <CoreInst = "Adder">   --->   Core 1 'Adder' <Latency = 0> <II = 1> <Delay = 1.78> <FuncUnit> <Opcode : 'add' 'sub'> <InPorts = 2> <OutPorts = 1>
ST_4 : Operation 94 [1/1] (0.00ns)   --->   "%zext_ln20_4 = zext i5 %add_ln20_5" [../source/tut3B_Col/matrix_mult.cpp:20]   --->   Operation 94 'zext' 'zext_ln20_4' <Predicate = true> <Delay = 0.00>
ST_4 : Operation 95 [1/1] (0.00ns)   --->   "%a_addr_2 = getelementptr i8 %a, i64 0, i64 %zext_ln20_4" [../source/tut3B_Col/matrix_mult.cpp:20]   --->   Operation 95 'getelementptr' 'a_addr_2' <Predicate = true> <Delay = 0.00>
ST_4 : Operation 96 [1/2] ( I:0.00ns O:0.00ns )   --->   "%a_load = load i5 %a_addr" [../source/tut3B_Col/matrix_mult.cpp:20]   --->   Operation 96 'load' 'a_load' <Predicate = true> <Delay = 0.00> <CoreInst = "RAM">   --->   Core 81 'RAM' <Latency = 1> <II = 1> <Delay = 2.32> <Storage> <Opcode : 'load' 'store'> <Ports = 2> <Width = 8> <Depth = 25> <RAM>
ST_4 : Operation 97 [1/1] (0.00ns)   --->   "%sext_ln20_1 = sext i8 %a_load_1" [../source/tut3B_Col/matrix_mult.cpp:20]   --->   Operation 97 'sext' 'sext_ln20_1' <Predicate = true> <Delay = 0.00>
ST_4 : Operation 98 [2/2] (0.00ns)   --->   "%a_load_2 = load i5 %a_addr_2" [../source/tut3B_Col/matrix_mult.cpp:20]   --->   Operation 98 'load' 'a_load_2' <Predicate = true> <Delay = 0.00> <CoreInst = "RAM">   --->   Core 81 'RAM' <Latency = 1> <II = 1> <Delay = 2.32> <Storage> <Opcode : 'load' 'store'> <Ports = 2> <Width = 8> <Depth = 25> <RAM>
ST_4 : Operation 99 [1/2] ( I:0.00ns O:0.00ns )   --->   "%a_load_4 = load i5 %a_addr_4" [../source/tut3B_Col/matrix_mult.cpp:20]   --->   Operation 99 'load' 'a_load_4' <Predicate = true> <Delay = 0.00> <CoreInst = "RAM">   --->   Core 81 'RAM' <Latency = 1> <II = 1> <Delay = 2.32> <Storage> <Opcode : 'load' 'store'> <Ports = 2> <Width = 8> <Depth = 25> <RAM>
ST_4 : Operation 100 [1/1] (1.78ns)   --->   "%add_ln20_12 = add i5 %trunc_ln20, i5 %zext_ln20_7" [../source/tut3B_Col/matrix_mult.cpp:20]   --->   Operation 100 'add' 'add_ln20_12' <Predicate = true> <Delay = 1.78> <CoreInst = "Adder">   --->   Core 1 'Adder' <Latency = 0> <II = 1> <Delay = 1.78> <FuncUnit> <Opcode : 'add' 'sub'> <InPorts = 2> <OutPorts = 1>
ST_4 : Operation 101 [1/1] (0.00ns)   --->   "%sext_ln20_6 = sext i8 %b_load_1" [../source/tut3B_Col/matrix_mult.cpp:20]   --->   Operation 101 'sext' 'sext_ln20_6' <Predicate = true> <Delay = 0.00>
ST_4 : Operation 102 [1/2] ( I:0.00ns O:0.00ns )   --->   "%b_load_2 = load i5 %b_addr_2" [../source/tut3B_Col/matrix_mult.cpp:20]   --->   Operation 102 'load' 'b_load_2' <Predicate = true> <Delay = 0.00> <CoreInst = "RAM">   --->   Core 81 'RAM' <Latency = 1> <II = 1> <Delay = 2.32> <Storage> <Opcode : 'load' 'store'> <Ports = 2> <Width = 8> <Depth = 25> <RAM>
ST_4 : Operation 103 [1/2] ( I:0.00ns O:0.00ns )   --->   "%b_load_4 = load i5 %b_addr_4" [../source/tut3B_Col/matrix_mult.cpp:20]   --->   Operation 103 'load' 'b_load_4' <Predicate = true> <Delay = 0.00> <CoreInst = "RAM">   --->   Core 81 'RAM' <Latency = 1> <II = 1> <Delay = 2.32> <Storage> <Opcode : 'load' 'store'> <Ports = 2> <Width = 8> <Depth = 25> <RAM>
ST_4 : Operation 104 [5/5] (5.41ns)   --->   "%mul_ln20_1 = mul i16 %sext_ln20_6, i16 %sext_ln20_1" [../source/tut3B_Col/matrix_mult.cpp:20]   --->   Operation 104 'mul' 'mul_ln20_1' <Predicate = true> <Delay = 5.41> <CoreInst = "Multiplier">   --->   Core 3 'Multiplier' <Latency = 4> <II = 1> <Delay = 5.41> <FuncUnit> <Opcode : 'mul'> <InPorts = 2> <OutPorts = 1>
ST_4 : Operation 105 [4/5] (5.41ns)   --->   "%mul_ln20_3 = mul i16 %sext_ln20_8, i16 %sext_ln20_3" [../source/tut3B_Col/matrix_mult.cpp:20]   --->   Operation 105 'mul' 'mul_ln20_3' <Predicate = true> <Delay = 5.41> <CoreInst = "Multiplier">   --->   Core 3 'Multiplier' <Latency = 4> <II = 1> <Delay = 5.41> <FuncUnit> <Opcode : 'mul'> <InPorts = 2> <OutPorts = 1>

State 5 <SV = 4> <Delay = 5.41>
ST_5 : Operation 106 [1/2] ( I:0.00ns O:0.00ns )   --->   "%a_load_2 = load i5 %a_addr_2" [../source/tut3B_Col/matrix_mult.cpp:20]   --->   Operation 106 'load' 'a_load_2' <Predicate = true> <Delay = 0.00> <CoreInst = "RAM">   --->   Core 81 'RAM' <Latency = 1> <II = 1> <Delay = 2.32> <Storage> <Opcode : 'load' 'store'> <Ports = 2> <Width = 8> <Depth = 25> <RAM>
ST_5 : Operation 107 [4/5] (5.41ns)   --->   "%mul_ln20_1 = mul i16 %sext_ln20_6, i16 %sext_ln20_1" [../source/tut3B_Col/matrix_mult.cpp:20]   --->   Operation 107 'mul' 'mul_ln20_1' <Predicate = true> <Delay = 5.41> <CoreInst = "Multiplier">   --->   Core 3 'Multiplier' <Latency = 4> <II = 1> <Delay = 5.41> <FuncUnit> <Opcode : 'mul'> <InPorts = 2> <OutPorts = 1>
ST_5 : Operation 108 [3/5] (5.41ns)   --->   "%mul_ln20_3 = mul i16 %sext_ln20_8, i16 %sext_ln20_3" [../source/tut3B_Col/matrix_mult.cpp:20]   --->   Operation 108 'mul' 'mul_ln20_3' <Predicate = true> <Delay = 5.41> <CoreInst = "Multiplier">   --->   Core 3 'Multiplier' <Latency = 4> <II = 1> <Delay = 5.41> <FuncUnit> <Opcode : 'mul'> <InPorts = 2> <OutPorts = 1>

State 6 <SV = 5> <Delay = 5.41>
ST_6 : Operation 109 [1/1] (0.00ns)   --->   "%sext_ln20_4 = sext i8 %a_load_4" [../source/tut3B_Col/matrix_mult.cpp:20]   --->   Operation 109 'sext' 'sext_ln20_4' <Predicate = true> <Delay = 0.00>
ST_6 : Operation 110 [1/1] (0.00ns)   --->   "%sext_ln20_9 = sext i8 %b_load_4" [../source/tut3B_Col/matrix_mult.cpp:20]   --->   Operation 110 'sext' 'sext_ln20_9' <Predicate = true> <Delay = 0.00>
ST_6 : Operation 111 [3/5] (5.41ns)   --->   "%mul_ln20_1 = mul i16 %sext_ln20_6, i16 %sext_ln20_1" [../source/tut3B_Col/matrix_mult.cpp:20]   --->   Operation 111 'mul' 'mul_ln20_1' <Predicate = true> <Delay = 5.41> <CoreInst = "Multiplier">   --->   Core 3 'Multiplier' <Latency = 4> <II = 1> <Delay = 5.41> <FuncUnit> <Opcode : 'mul'> <InPorts = 2> <OutPorts = 1>
ST_6 : Operation 112 [3/3] (1.05ns) (grouped into DSP with root node add_ln20_1)   --->   "%mul_ln20_2 = mul i16 %sext_ln20_9, i16 %sext_ln20_4" [../source/tut3B_Col/matrix_mult.cpp:20]   --->   Operation 112 'mul' 'mul_ln20_2' <Predicate = true> <Delay = 1.05> <CoreInst = "DSP48">   --->   Core 116 'DSP48' <Latency = 3> <II = 1> <Delay = 2.15> <IPBlock> <Opcode : 'add' 'sub' 'mul' 'select'> <InPorts = 0> <OutPorts = 1> <Sync> <CReg>
ST_6 : Operation 113 [2/5] (5.41ns)   --->   "%mul_ln20_3 = mul i16 %sext_ln20_8, i16 %sext_ln20_3" [../source/tut3B_Col/matrix_mult.cpp:20]   --->   Operation 113 'mul' 'mul_ln20_3' <Predicate = true> <Delay = 5.41> <CoreInst = "Multiplier">   --->   Core 3 'Multiplier' <Latency = 4> <II = 1> <Delay = 5.41> <FuncUnit> <Opcode : 'mul'> <InPorts = 2> <OutPorts = 1>

State 7 <SV = 6> <Delay = 5.41>
ST_7 : Operation 114 [1/1] (0.00ns)   --->   "%sext_ln20 = sext i8 %a_load" [../source/tut3B_Col/matrix_mult.cpp:20]   --->   Operation 114 'sext' 'sext_ln20' <Predicate = true> <Delay = 0.00>
ST_7 : Operation 115 [1/1] (0.00ns)   --->   "%sext_ln20_5 = sext i8 %b_load" [../source/tut3B_Col/matrix_mult.cpp:20]   --->   Operation 115 'sext' 'sext_ln20_5' <Predicate = true> <Delay = 0.00>
ST_7 : Operation 116 [3/3] (1.05ns) (grouped into DSP with root node add_ln20)   --->   "%mul_ln20 = mul i16 %sext_ln20_5, i16 %sext_ln20" [../source/tut3B_Col/matrix_mult.cpp:20]   --->   Operation 116 'mul' 'mul_ln20' <Predicate = true> <Delay = 1.05> <CoreInst = "DSP48">   --->   Core 116 'DSP48' <Latency = 3> <II = 1> <Delay = 2.15> <IPBlock> <Opcode : 'add' 'sub' 'mul' 'select'> <InPorts = 0> <OutPorts = 1> <Sync> <CReg>
ST_7 : Operation 117 [2/5] (5.41ns)   --->   "%mul_ln20_1 = mul i16 %sext_ln20_6, i16 %sext_ln20_1" [../source/tut3B_Col/matrix_mult.cpp:20]   --->   Operation 117 'mul' 'mul_ln20_1' <Predicate = true> <Delay = 5.41> <CoreInst = "Multiplier">   --->   Core 3 'Multiplier' <Latency = 4> <II = 1> <Delay = 5.41> <FuncUnit> <Opcode : 'mul'> <InPorts = 2> <OutPorts = 1>
ST_7 : Operation 118 [2/3] (1.05ns) (grouped into DSP with root node add_ln20_1)   --->   "%mul_ln20_2 = mul i16 %sext_ln20_9, i16 %sext_ln20_4" [../source/tut3B_Col/matrix_mult.cpp:20]   --->   Operation 118 'mul' 'mul_ln20_2' <Predicate = true> <Delay = 1.05> <CoreInst = "DSP48">   --->   Core 116 'DSP48' <Latency = 3> <II = 1> <Delay = 2.15> <IPBlock> <Opcode : 'add' 'sub' 'mul' 'select'> <InPorts = 0> <OutPorts = 1> <Sync> <CReg>
ST_7 : Operation 119 [1/5] (5.41ns)   --->   "%mul_ln20_3 = mul i16 %sext_ln20_8, i16 %sext_ln20_3" [../source/tut3B_Col/matrix_mult.cpp:20]   --->   Operation 119 'mul' 'mul_ln20_3' <Predicate = true> <Delay = 5.41> <CoreInst = "Multiplier">   --->   Core 3 'Multiplier' <Latency = 4> <II = 1> <Delay = 5.41> <FuncUnit> <Opcode : 'mul'> <InPorts = 2> <OutPorts = 1>

State 8 <SV = 7> <Delay = 5.41>
ST_8 : Operation 120 [1/1] (0.00ns)   --->   "%sext_ln20_2 = sext i8 %a_load_2" [../source/tut3B_Col/matrix_mult.cpp:20]   --->   Operation 120 'sext' 'sext_ln20_2' <Predicate = true> <Delay = 0.00>
ST_8 : Operation 121 [1/1] (0.00ns)   --->   "%sext_ln20_7 = sext i8 %b_load_2" [../source/tut3B_Col/matrix_mult.cpp:20]   --->   Operation 121 'sext' 'sext_ln20_7' <Predicate = true> <Delay = 0.00>
ST_8 : Operation 122 [2/3] (1.05ns) (grouped into DSP with root node add_ln20)   --->   "%mul_ln20 = mul i16 %sext_ln20_5, i16 %sext_ln20" [../source/tut3B_Col/matrix_mult.cpp:20]   --->   Operation 122 'mul' 'mul_ln20' <Predicate = true> <Delay = 1.05> <CoreInst = "DSP48">   --->   Core 116 'DSP48' <Latency = 3> <II = 1> <Delay = 2.15> <IPBlock> <Opcode : 'add' 'sub' 'mul' 'select'> <InPorts = 0> <OutPorts = 1> <Sync> <CReg>
ST_8 : Operation 123 [1/5] (5.41ns)   --->   "%mul_ln20_1 = mul i16 %sext_ln20_6, i16 %sext_ln20_1" [../source/tut3B_Col/matrix_mult.cpp:20]   --->   Operation 123 'mul' 'mul_ln20_1' <Predicate = true> <Delay = 5.41> <CoreInst = "Multiplier">   --->   Core 3 'Multiplier' <Latency = 4> <II = 1> <Delay = 5.41> <FuncUnit> <Opcode : 'mul'> <InPorts = 2> <OutPorts = 1>
ST_8 : Operation 124 [1/3] (0.00ns) (grouped into DSP with root node add_ln20_1)   --->   "%mul_ln20_2 = mul i16 %sext_ln20_9, i16 %sext_ln20_4" [../source/tut3B_Col/matrix_mult.cpp:20]   --->   Operation 124 'mul' 'mul_ln20_2' <Predicate = true> <Delay = 0.00> <CoreInst = "DSP48">   --->   Core 116 'DSP48' <Latency = 3> <II = 1> <Delay = 2.15> <IPBlock> <Opcode : 'add' 'sub' 'mul' 'select'> <InPorts = 0> <OutPorts = 1> <Sync> <CReg>
ST_8 : Operation 125 [3/3] (1.05ns) (grouped into DSP with root node add_ln20_2)   --->   "%mul_ln20_4 = mul i16 %sext_ln20_7, i16 %sext_ln20_2" [../source/tut3B_Col/matrix_mult.cpp:20]   --->   Operation 125 'mul' 'mul_ln20_4' <Predicate = true> <Delay = 1.05> <CoreInst = "DSP48">   --->   Core 116 'DSP48' <Latency = 3> <II = 1> <Delay = 2.15> <IPBlock> <Opcode : 'add' 'sub' 'mul' 'select'> <InPorts = 0> <OutPorts = 1> <Sync> <CReg>
ST_8 : Operation 126 [2/2] (2.10ns) (root node of the DSP)   --->   "%add_ln20_1 = add i16 %mul_ln20_3, i16 %mul_ln20_2" [../source/tut3B_Col/matrix_mult.cpp:20]   --->   Operation 126 'add' 'add_ln20_1' <Predicate = true> <Delay = 2.10> <CoreInst = "DSP48">   --->   Core 116 'DSP48' <Latency = 3> <II = 1> <Delay = 2.15> <IPBlock> <Opcode : 'add' 'sub' 'mul' 'select'> <InPorts = 0> <OutPorts = 1> <Sync> <CReg>

State 9 <SV = 8> <Delay = 2.10>
ST_9 : Operation 127 [1/3] (0.00ns) (grouped into DSP with root node add_ln20)   --->   "%mul_ln20 = mul i16 %sext_ln20_5, i16 %sext_ln20" [../source/tut3B_Col/matrix_mult.cpp:20]   --->   Operation 127 'mul' 'mul_ln20' <Predicate = true> <Delay = 0.00> <CoreInst = "DSP48">   --->   Core 116 'DSP48' <Latency = 3> <II = 1> <Delay = 2.15> <IPBlock> <Opcode : 'add' 'sub' 'mul' 'select'> <InPorts = 0> <OutPorts = 1> <Sync> <CReg>
ST_9 : Operation 128 [2/3] (1.05ns) (grouped into DSP with root node add_ln20_2)   --->   "%mul_ln20_4 = mul i16 %sext_ln20_7, i16 %sext_ln20_2" [../source/tut3B_Col/matrix_mult.cpp:20]   --->   Operation 128 'mul' 'mul_ln20_4' <Predicate = true> <Delay = 1.05> <CoreInst = "DSP48">   --->   Core 116 'DSP48' <Latency = 3> <II = 1> <Delay = 2.15> <IPBlock> <Opcode : 'add' 'sub' 'mul' 'select'> <InPorts = 0> <OutPorts = 1> <Sync> <CReg>
ST_9 : Operation 129 [2/2] (2.10ns) (root node of the DSP)   --->   "%add_ln20 = add i16 %mul_ln20_1, i16 %mul_ln20" [../source/tut3B_Col/matrix_mult.cpp:20]   --->   Operation 129 'add' 'add_ln20' <Predicate = true> <Delay = 2.10> <CoreInst = "DSP48">   --->   Core 116 'DSP48' <Latency = 3> <II = 1> <Delay = 2.15> <IPBlock> <Opcode : 'add' 'sub' 'mul' 'select'> <InPorts = 0> <OutPorts = 1> <Sync> <CReg>
ST_9 : Operation 130 [1/2] (2.10ns) (root node of the DSP)   --->   "%add_ln20_1 = add i16 %mul_ln20_3, i16 %mul_ln20_2" [../source/tut3B_Col/matrix_mult.cpp:20]   --->   Operation 130 'add' 'add_ln20_1' <Predicate = true> <Delay = 2.10> <CoreInst = "DSP48">   --->   Core 116 'DSP48' <Latency = 3> <II = 1> <Delay = 2.15> <IPBlock> <Opcode : 'add' 'sub' 'mul' 'select'> <InPorts = 0> <OutPorts = 1> <Sync> <CReg>

State 10 <SV = 9> <Delay = 2.10>
ST_10 : Operation 131 [1/3] (0.00ns) (grouped into DSP with root node add_ln20_2)   --->   "%mul_ln20_4 = mul i16 %sext_ln20_7, i16 %sext_ln20_2" [../source/tut3B_Col/matrix_mult.cpp:20]   --->   Operation 131 'mul' 'mul_ln20_4' <Predicate = true> <Delay = 0.00> <CoreInst = "DSP48">   --->   Core 116 'DSP48' <Latency = 3> <II = 1> <Delay = 2.15> <IPBlock> <Opcode : 'add' 'sub' 'mul' 'select'> <InPorts = 0> <OutPorts = 1> <Sync> <CReg>
ST_10 : Operation 132 [1/2] (2.10ns) (root node of the DSP)   --->   "%add_ln20 = add i16 %mul_ln20_1, i16 %mul_ln20" [../source/tut3B_Col/matrix_mult.cpp:20]   --->   Operation 132 'add' 'add_ln20' <Predicate = true> <Delay = 2.10> <CoreInst = "DSP48">   --->   Core 116 'DSP48' <Latency = 3> <II = 1> <Delay = 2.15> <IPBlock> <Opcode : 'add' 'sub' 'mul' 'select'> <InPorts = 0> <OutPorts = 1> <Sync> <CReg>
ST_10 : Operation 133 [2/2] (2.10ns) (root node of the DSP)   --->   "%add_ln20_2 = add i16 %add_ln20_1, i16 %mul_ln20_4" [../source/tut3B_Col/matrix_mult.cpp:20]   --->   Operation 133 'add' 'add_ln20_2' <Predicate = true> <Delay = 2.10> <CoreInst = "DSP48">   --->   Core 116 'DSP48' <Latency = 3> <II = 1> <Delay = 2.15> <IPBlock> <Opcode : 'add' 'sub' 'mul' 'select'> <InPorts = 0> <OutPorts = 1> <Sync> <CReg>

State 11 <SV = 10> <Delay = 2.10>
ST_11 : Operation 134 [1/2] (2.10ns) (root node of the DSP)   --->   "%add_ln20_2 = add i16 %add_ln20_1, i16 %mul_ln20_4" [../source/tut3B_Col/matrix_mult.cpp:20]   --->   Operation 134 'add' 'add_ln20_2' <Predicate = true> <Delay = 2.10> <CoreInst = "DSP48">   --->   Core 116 'DSP48' <Latency = 3> <II = 1> <Delay = 2.15> <IPBlock> <Opcode : 'add' 'sub' 'mul' 'select'> <InPorts = 0> <OutPorts = 1> <Sync> <CReg>

State 12 <SV = 11> <Delay = 2.07>
ST_12 : Operation 135 [1/1] (0.00ns)   --->   "%specloopname_ln0 = specloopname void @_ssdm_op_SpecLoopName, void @Row_Col_str"   --->   Operation 135 'specloopname' 'specloopname_ln0' <Predicate = true> <Delay = 0.00>
ST_12 : Operation 136 [1/1] (0.00ns)   --->   "%speclooptripcount_ln0 = speclooptripcount void @_ssdm_op_SpecLoopTripCount, i64 25, i64 25, i64 25"   --->   Operation 136 'speclooptripcount' 'speclooptripcount_ln0' <Predicate = true> <Delay = 0.00>
ST_12 : Operation 137 [1/1] (0.00ns)   --->   "%zext_ln20_13 = zext i5 %add_ln20_12" [../source/tut3B_Col/matrix_mult.cpp:20]   --->   Operation 137 'zext' 'zext_ln20_13' <Predicate = true> <Delay = 0.00>
ST_12 : Operation 138 [1/1] (0.00ns)   --->   "%prod_addr = getelementptr i16 %prod, i64 0, i64 %zext_ln20_13" [../source/tut3B_Col/matrix_mult.cpp:20]   --->   Operation 138 'getelementptr' 'prod_addr' <Predicate = true> <Delay = 0.00>
ST_12 : Operation 139 [1/1] (0.00ns)   --->   "%specpipeline_ln13 = specpipeline void @_ssdm_op_SpecPipeline, i32 1, i32 0, i32 0, i32 0, i32 4294967295, void @empty_0" [../source/tut3B_Col/matrix_mult.cpp:13]   --->   Operation 139 'specpipeline' 'specpipeline_ln13' <Predicate = true> <Delay = 0.00>
ST_12 : Operation 140 [1/1] (2.07ns)   --->   "%add_ln20_3 = add i16 %add_ln20_2, i16 %add_ln20" [../source/tut3B_Col/matrix_mult.cpp:20]   --->   Operation 140 'add' 'add_ln20_3' <Predicate = true> <Delay = 2.07> <CoreInst = "Adder">   --->   Core 1 'Adder' <Latency = 0> <II = 1> <Delay = 2.07> <FuncUnit> <Opcode : 'add' 'sub'> <InPorts = 2> <OutPorts = 1>
ST_12 : Operation 141 [1/1] ( I:0.00ns O:0.00ns )   --->   "%store_ln20 = store i16 %add_ln20_3, i5 %prod_addr" [../source/tut3B_Col/matrix_mult.cpp:20]   --->   Operation 141 'store' 'store_ln20' <Predicate = true> <Delay = 0.00> <CoreInst = "RAM">   --->   Core 81 'RAM' <Latency = 0> <II = 1> <Delay = 1.86> <Storage> <Opcode : 'load' 'store'> <Ports = 2> <Width = 16> <Depth = 25> <RAM>
ST_12 : Operation 142 [1/1] (1.58ns)   --->   "%ret_ln24 = ret" [../source/tut3B_Col/matrix_mult.cpp:24]   --->   Operation 142 'ret' 'ret_ln24' <Predicate = (icmp_ln9)> <Delay = 1.58>


============================================================
+ Verbose Summary: Timing violations
============================================================
Target clock period: 5.000ns, clock uncertainty: 1.350ns.

 <State 1>: 3.238ns
The critical path consists of the following:
	'store' operation ('store_ln9', ../source/tut3B_Col/matrix_mult.cpp:9) of constant 0 3 bit on local variable 'i', ../source/tut3B_Col/matrix_mult.cpp:9 [15]  (1.588 ns)
	'load' operation 3 bit ('i', ../source/tut3B_Col/matrix_mult.cpp:9) on local variable 'i', ../source/tut3B_Col/matrix_mult.cpp:9 [21]  (0.000 ns)
	'add' operation 3 bit ('i_3', ../source/tut3B_Col/matrix_mult.cpp:9) [27]  (1.650 ns)

 <State 2>: 3.560ns
The critical path consists of the following:
	'add' operation 6 bit ('add_ln20_13', ../source/tut3B_Col/matrix_mult.cpp:20) [31]  (1.780 ns)
	'add' operation 5 bit ('add_ln20_4', ../source/tut3B_Col/matrix_mult.cpp:20) [35]  (1.780 ns)

 <State 3>: 5.415ns
The critical path consists of the following:
	'load' operation 8 bit ('a_load_3', ../source/tut3B_Col/matrix_mult.cpp:20) on array 'a' [53]  (0.000 ns)
	'mul' operation 16 bit ('mul_ln20_3', ../source/tut3B_Col/matrix_mult.cpp:20) [90]  (5.415 ns)

 <State 4>: 5.415ns
The critical path consists of the following:
	'mul' operation 16 bit ('mul_ln20_1', ../source/tut3B_Col/matrix_mult.cpp:20) [88]  (5.415 ns)

 <State 5>: 5.415ns
The critical path consists of the following:
	'mul' operation 16 bit ('mul_ln20_1', ../source/tut3B_Col/matrix_mult.cpp:20) [88]  (5.415 ns)

 <State 6>: 5.415ns
The critical path consists of the following:
	'mul' operation 16 bit ('mul_ln20_1', ../source/tut3B_Col/matrix_mult.cpp:20) [88]  (5.415 ns)

 <State 7>: 5.415ns
The critical path consists of the following:
	'mul' operation 16 bit ('mul_ln20_1', ../source/tut3B_Col/matrix_mult.cpp:20) [88]  (5.415 ns)

 <State 8>: 5.415ns
The critical path consists of the following:
	'mul' operation 16 bit ('mul_ln20_1', ../source/tut3B_Col/matrix_mult.cpp:20) [88]  (5.415 ns)

 <State 9>: 2.100ns
The critical path consists of the following:
	'mul' operation 16 bit of DSP[92] ('mul_ln20', ../source/tut3B_Col/matrix_mult.cpp:20) [87]  (0.000 ns)
	'add' operation 16 bit of DSP[92] ('add_ln20', ../source/tut3B_Col/matrix_mult.cpp:20) [92]  (2.100 ns)

 <State 10>: 2.100ns
The critical path consists of the following:
	'add' operation 16 bit of DSP[92] ('add_ln20', ../source/tut3B_Col/matrix_mult.cpp:20) [92]  (2.100 ns)

 <State 11>: 2.100ns
The critical path consists of the following:
	'add' operation 16 bit of DSP[94] ('add_ln20_2', ../source/tut3B_Col/matrix_mult.cpp:20) [94]  (2.100 ns)

 <State 12>: 2.077ns
The critical path consists of the following:
	'add' operation 16 bit ('add_ln20_3', ../source/tut3B_Col/matrix_mult.cpp:20) [95]  (2.077 ns)


============================================================
+ Verbose Summary: Binding
============================================================
N/A
* FSMD analyzer results:
  - Output states:
 - Input state : 
  - Chain level:
	State 1
	State 2
	State 3
	State 4
	State 5
	State 6
	State 7
	State 8
	State 9
	State 10
	State 11
	State 12


============================================================
+ Verbose Summary: Datapath Resource usage 
============================================================
N/A
