
*** Running vivado
    with args -log first_zynq_system_wrapper.vds -m64 -product Vivado -mode batch -messageDb vivado.pb -notrace -source first_zynq_system_wrapper.tcl


INFO: [Common 17-3922] A valid Vivado Design Suite BASIC license has been detected. Your current license is active and will expire on 18-aug-2027.
#-----------------------------------------------------------
# Vivado v2026.1 (64-bit)
# SW Build 6511674 on Tue Jun 16 11:02:23 MDT 2026
# IP Build 6504888 on Tue Jun 09 09:05:25 MDT 2026
# SharedData Build 6501428 on Mon Jun 08 17:34:18 MDT 2026
# Start of session at: Fri Sep 25 19:27:59 2026
# Process ID         : 16064
# Current directory  : D:/SoC/Lab 1/first_zynq_design/first_zynq_design.runs/synth_1
# Command line       : vivado.exe -log first_zynq_system_wrapper.vds -product Vivado -mode batch -messageDb vivado.pb -notrace -source first_zynq_system_wrapper.tcl
# Log file           : D:/SoC/Lab 1/first_zynq_design/first_zynq_design.runs/synth_1/first_zynq_system_wrapper.vds
# Journal file       : D:/SoC/Lab 1/first_zynq_design/first_zynq_design.runs/synth_1\vivado.jou
# Running On         : KHANHLQ
# Platform           : Windows 11
# Operating System   : 26200
# Processor Detail   : AMD Ryzen 7 7735HS with Radeon Graphics        
# CPU Frequency      : 3194 MHz
# CPU Physical cores : 8
# CPU Logical cores  : 16
# Host memory        : 14286 MB
# Swap memory        : 11274 MB
# Total Virtual      : 25560 MB
# Available Virtual  : 10167 MB
#-----------------------------------------------------------

****** Vivado v2026.1 (64-bit)
  **** SW Build 6511674 on Tue Jun 16 11:02:23 MDT 2026
  **** IP Build 6504888 on Tue Jun 09 09:05:25 MDT 2026
  **** SharedData Build 6501428 on Mon Jun 08 17:34:18 MDT 2026
  **** Start of session at: Fri Sep 25 19:27:59 2026
    ** Copyright 1986-2022 Xilinx, Inc. All Rights Reserved.
    ** Copyright 2022-2026 Advanced Micro Devices, Inc. All Rights Reserved.

source first_zynq_system_wrapper.tcl -notrace
create_project: Time (s): cpu = 00:00:14 ; elapsed = 00:00:09 . Memory (MB): peak = 586.723 ; gain = 267.516
INFO: [IP_Flow 19-234] Refreshing IP repositories
INFO: [IP_Flow 19-1704] No user IP repositories specified
INFO: [IP_Flow 19-2313] Loaded Vivado IP repository 'C:/AMDDesignTools/2026.1/Vivado/data/ip'.
Command: synth_design -top first_zynq_system_wrapper -part xc7z045ffg900-2
Starting synth_design
Attempting to get a license for feature 'Vivado_Synthesis' and/or device 'xc7z045'
INFO: [Common 17-349] Got license for feature 'Vivado_Synthesis' and/or device 'xc7z045'
INFO: [Device 21-403] Loading part xc7z045ffg900-2
INFO: [Designutils 20-5008] Incremental synthesis strategy default
INFO: [Synth 8-7079] Multithreading enabled for synth_design using a maximum of 2 processes.
INFO: [Synth 8-7078] Launching helper process for spawning children vivado processes
INFO: [Synth 8-7075] Helper process launched with PID 21008
---------------------------------------------------------------------------------
Starting RTL Elaboration : Time (s): cpu = 00:00:06 ; elapsed = 00:00:07 . Memory (MB): peak = 1474.922 ; gain = 576.742
---------------------------------------------------------------------------------
INFO: [Synth 8-6157] synthesizing module 'first_zynq_system_wrapper' [D:/SoC/Lab 1/first_zynq_design/first_zynq_design.gen/sources_1/bd/first_zynq_system/hdl/first_zynq_system_wrapper.v:13]
INFO: [Synth 8-6157] synthesizing module 'first_zynq_system' [d:/SoC/Lab 1/first_zynq_design/first_zynq_design.gen/sources_1/bd/first_zynq_system/synth/first_zynq_system.v:13]
INFO: [Synth 8-6157] synthesizing module 'first_zynq_system_axi_gpio_0_0' [D:/SoC/Lab 1/first_zynq_design/first_zynq_design.runs/synth_1/.Xil/Vivado-16064-KHANHLQ/realtime/first_zynq_system_axi_gpio_0_0_stub.v:6]
INFO: [Synth 8-6155] done synthesizing module 'first_zynq_system_axi_gpio_0_0' (0#1) [D:/SoC/Lab 1/first_zynq_design/first_zynq_design.runs/synth_1/.Xil/Vivado-16064-KHANHLQ/realtime/first_zynq_system_axi_gpio_0_0_stub.v:6]
INFO: [Synth 8-6157] synthesizing module 'first_zynq_system_axi_smc_0' [D:/SoC/Lab 1/first_zynq_design/first_zynq_design.runs/synth_1/.Xil/Vivado-16064-KHANHLQ/realtime/first_zynq_system_axi_smc_0_stub.v:6]
INFO: [Synth 8-6155] done synthesizing module 'first_zynq_system_axi_smc_0' (0#1) [D:/SoC/Lab 1/first_zynq_design/first_zynq_design.runs/synth_1/.Xil/Vivado-16064-KHANHLQ/realtime/first_zynq_system_axi_smc_0_stub.v:6]
WARNING: [Synth 8-7071] port 'M00_AXI_awprot' of module 'first_zynq_system_axi_smc_0' is unconnected for instance 'axi_smc' [d:/SoC/Lab 1/first_zynq_design/first_zynq_design.gen/sources_1/bd/first_zynq_system/synth/first_zynq_system.v:162]
WARNING: [Synth 8-7071] port 'M00_AXI_arprot' of module 'first_zynq_system_axi_smc_0' is unconnected for instance 'axi_smc' [d:/SoC/Lab 1/first_zynq_design/first_zynq_design.gen/sources_1/bd/first_zynq_system/synth/first_zynq_system.v:162]
WARNING: [Synth 8-7023] instance 'axi_smc' of module 'first_zynq_system_axi_smc_0' has 59 connections declared, but only 57 given [d:/SoC/Lab 1/first_zynq_design/first_zynq_design.gen/sources_1/bd/first_zynq_system/synth/first_zynq_system.v:162]
INFO: [Synth 8-6157] synthesizing module 'first_zynq_system_processing_system7_0_0' [D:/SoC/Lab 1/first_zynq_design/first_zynq_design.runs/synth_1/.Xil/Vivado-16064-KHANHLQ/realtime/first_zynq_system_processing_system7_0_0_stub.v:6]
INFO: [Synth 8-6155] done synthesizing module 'first_zynq_system_processing_system7_0_0' (0#1) [D:/SoC/Lab 1/first_zynq_design/first_zynq_design.runs/synth_1/.Xil/Vivado-16064-KHANHLQ/realtime/first_zynq_system_processing_system7_0_0_stub.v:6]
WARNING: [Synth 8-7071] port 'TTC0_WAVE0_OUT' of module 'first_zynq_system_processing_system7_0_0' is unconnected for instance 'processing_system7_0' [d:/SoC/Lab 1/first_zynq_design/first_zynq_design.gen/sources_1/bd/first_zynq_system/synth/first_zynq_system.v:220]
WARNING: [Synth 8-7071] port 'TTC0_WAVE1_OUT' of module 'first_zynq_system_processing_system7_0_0' is unconnected for instance 'processing_system7_0' [d:/SoC/Lab 1/first_zynq_design/first_zynq_design.gen/sources_1/bd/first_zynq_system/synth/first_zynq_system.v:220]
WARNING: [Synth 8-7071] port 'TTC0_WAVE2_OUT' of module 'first_zynq_system_processing_system7_0_0' is unconnected for instance 'processing_system7_0' [d:/SoC/Lab 1/first_zynq_design/first_zynq_design.gen/sources_1/bd/first_zynq_system/synth/first_zynq_system.v:220]
WARNING: [Synth 8-7071] port 'USB0_PORT_INDCTL' of module 'first_zynq_system_processing_system7_0_0' is unconnected for instance 'processing_system7_0' [d:/SoC/Lab 1/first_zynq_design/first_zynq_design.gen/sources_1/bd/first_zynq_system/synth/first_zynq_system.v:220]
WARNING: [Synth 8-7071] port 'USB0_VBUS_PWRSELECT' of module 'first_zynq_system_processing_system7_0_0' is unconnected for instance 'processing_system7_0' [d:/SoC/Lab 1/first_zynq_design/first_zynq_design.gen/sources_1/bd/first_zynq_system/synth/first_zynq_system.v:220]
WARNING: [Synth 8-7023] instance 'processing_system7_0' of module 'first_zynq_system_processing_system7_0_0' has 68 connections declared, but only 63 given [d:/SoC/Lab 1/first_zynq_design/first_zynq_design.gen/sources_1/bd/first_zynq_system/synth/first_zynq_system.v:220]
INFO: [Synth 8-6157] synthesizing module 'first_zynq_system_rst_ps7_0_50M_0' [D:/SoC/Lab 1/first_zynq_design/first_zynq_design.runs/synth_1/.Xil/Vivado-16064-KHANHLQ/realtime/first_zynq_system_rst_ps7_0_50M_0_stub.v:6]
INFO: [Synth 8-6155] done synthesizing module 'first_zynq_system_rst_ps7_0_50M_0' (0#1) [D:/SoC/Lab 1/first_zynq_design/first_zynq_design.runs/synth_1/.Xil/Vivado-16064-KHANHLQ/realtime/first_zynq_system_rst_ps7_0_50M_0_stub.v:6]
WARNING: [Synth 8-7071] port 'mb_reset' of module 'first_zynq_system_rst_ps7_0_50M_0' is unconnected for instance 'rst_ps7_0_50M' [d:/SoC/Lab 1/first_zynq_design/first_zynq_design.gen/sources_1/bd/first_zynq_system/synth/first_zynq_system.v:284]
WARNING: [Synth 8-7071] port 'bus_struct_reset' of module 'first_zynq_system_rst_ps7_0_50M_0' is unconnected for instance 'rst_ps7_0_50M' [d:/SoC/Lab 1/first_zynq_design/first_zynq_design.gen/sources_1/bd/first_zynq_system/synth/first_zynq_system.v:284]
WARNING: [Synth 8-7071] port 'peripheral_reset' of module 'first_zynq_system_rst_ps7_0_50M_0' is unconnected for instance 'rst_ps7_0_50M' [d:/SoC/Lab 1/first_zynq_design/first_zynq_design.gen/sources_1/bd/first_zynq_system/synth/first_zynq_system.v:284]
WARNING: [Synth 8-7071] port 'interconnect_aresetn' of module 'first_zynq_system_rst_ps7_0_50M_0' is unconnected for instance 'rst_ps7_0_50M' [d:/SoC/Lab 1/first_zynq_design/first_zynq_design.gen/sources_1/bd/first_zynq_system/synth/first_zynq_system.v:284]
WARNING: [Synth 8-7023] instance 'rst_ps7_0_50M' of module 'first_zynq_system_rst_ps7_0_50M_0' has 10 connections declared, but only 6 given [d:/SoC/Lab 1/first_zynq_design/first_zynq_design.gen/sources_1/bd/first_zynq_system/synth/first_zynq_system.v:284]
INFO: [Synth 8-6155] done synthesizing module 'first_zynq_system' (0#1) [d:/SoC/Lab 1/first_zynq_design/first_zynq_design.gen/sources_1/bd/first_zynq_system/synth/first_zynq_system.v:13]
INFO: [Synth 8-6155] done synthesizing module 'first_zynq_system_wrapper' (0#1) [D:/SoC/Lab 1/first_zynq_design/first_zynq_design.gen/sources_1/bd/first_zynq_system/hdl/first_zynq_system_wrapper.v:13]
---------------------------------------------------------------------------------
Finished RTL Elaboration : Time (s): cpu = 00:00:09 ; elapsed = 00:00:09 . Memory (MB): peak = 1601.195 ; gain = 703.016
---------------------------------------------------------------------------------
---------------------------------------------------------------------------------
Start Handling Custom Attributes
---------------------------------------------------------------------------------
---------------------------------------------------------------------------------
Finished Handling Custom Attributes : Time (s): cpu = 00:00:09 ; elapsed = 00:00:09 . Memory (MB): peak = 1601.195 ; gain = 703.016
---------------------------------------------------------------------------------
---------------------------------------------------------------------------------
Finished RTL Optimization Phase 1 : Time (s): cpu = 00:00:09 ; elapsed = 00:00:09 . Memory (MB): peak = 1601.195 ; gain = 703.016
---------------------------------------------------------------------------------
Netlist sorting complete. Time (s): cpu = 00:00:00 ; elapsed = 00:00:00.002 . Memory (MB): peak = 1601.195 ; gain = 0.000
INFO: [Project 1-570] Preparing netlist for logic optimization

Processing XDC Constraints
Initializing timing engine
Parsing XDC File [d:/SoC/Lab 1/first_zynq_design/first_zynq_design.gen/sources_1/bd/first_zynq_system/ip/first_zynq_system_processing_system7_0_0/first_zynq_system_processing_system7_0_0/first_zynq_system_processing_system7_0_0_in_context.xdc] for cell 'first_zynq_system_i/processing_system7_0'
Finished Parsing XDC File [d:/SoC/Lab 1/first_zynq_design/first_zynq_design.gen/sources_1/bd/first_zynq_system/ip/first_zynq_system_processing_system7_0_0/first_zynq_system_processing_system7_0_0/first_zynq_system_processing_system7_0_0_in_context.xdc] for cell 'first_zynq_system_i/processing_system7_0'
Parsing XDC File [d:/SoC/Lab 1/first_zynq_design/first_zynq_design.gen/sources_1/bd/first_zynq_system/ip/first_zynq_system_axi_gpio_0_0/first_zynq_system_axi_gpio_0_0/first_zynq_system_axi_gpio_0_0_in_context.xdc] for cell 'first_zynq_system_i/axi_gpio_0'
Finished Parsing XDC File [d:/SoC/Lab 1/first_zynq_design/first_zynq_design.gen/sources_1/bd/first_zynq_system/ip/first_zynq_system_axi_gpio_0_0/first_zynq_system_axi_gpio_0_0/first_zynq_system_axi_gpio_0_0_in_context.xdc] for cell 'first_zynq_system_i/axi_gpio_0'
Parsing XDC File [d:/SoC/Lab 1/first_zynq_design/first_zynq_design.gen/sources_1/bd/first_zynq_system/ip/first_zynq_system_axi_smc_0/first_zynq_system_axi_smc_0/first_zynq_system_axi_smc_0_in_context.xdc] for cell 'first_zynq_system_i/axi_smc'
Finished Parsing XDC File [d:/SoC/Lab 1/first_zynq_design/first_zynq_design.gen/sources_1/bd/first_zynq_system/ip/first_zynq_system_axi_smc_0/first_zynq_system_axi_smc_0/first_zynq_system_axi_smc_0_in_context.xdc] for cell 'first_zynq_system_i/axi_smc'
Parsing XDC File [d:/SoC/Lab 1/first_zynq_design/first_zynq_design.gen/sources_1/bd/first_zynq_system/ip/first_zynq_system_rst_ps7_0_50M_0/first_zynq_system_rst_ps7_0_50M_0/first_zynq_system_rst_ps7_0_50M_0_in_context.xdc] for cell 'first_zynq_system_i/rst_ps7_0_50M'
Finished Parsing XDC File [d:/SoC/Lab 1/first_zynq_design/first_zynq_design.gen/sources_1/bd/first_zynq_system/ip/first_zynq_system_rst_ps7_0_50M_0/first_zynq_system_rst_ps7_0_50M_0/first_zynq_system_rst_ps7_0_50M_0_in_context.xdc] for cell 'first_zynq_system_i/rst_ps7_0_50M'
Parsing XDC File [D:/SoC/Lab 1/first_zynq_design/first_zynq_design.srcs/constrs_1/new/constraints.xdc]
CRITICAL WARNING: [Common 17-69] Command failed: Cannot set load on pre-synthesized design.  Please open a synthesized design (or synthesize the current design) and rerun this command. [D:/SoC/Lab 1/first_zynq_design/first_zynq_design.srcs/constrs_1/new/constraints.xdc:3]
CRITICAL WARNING: [Common 17-69] Command failed: Cannot set load on pre-synthesized design.  Please open a synthesized design (or synthesize the current design) and rerun this command. [D:/SoC/Lab 1/first_zynq_design/first_zynq_design.srcs/constrs_1/new/constraints.xdc:4]
CRITICAL WARNING: [Common 17-69] Command failed: Cannot set load on pre-synthesized design.  Please open a synthesized design (or synthesize the current design) and rerun this command. [D:/SoC/Lab 1/first_zynq_design/first_zynq_design.srcs/constrs_1/new/constraints.xdc:5]
CRITICAL WARNING: [Common 17-69] Command failed: Cannot set load on pre-synthesized design.  Please open a synthesized design (or synthesize the current design) and rerun this command. [D:/SoC/Lab 1/first_zynq_design/first_zynq_design.srcs/constrs_1/new/constraints.xdc:6]
CRITICAL WARNING: [Common 17-69] Command failed: Cannot set load on pre-synthesized design.  Please open a synthesized design (or synthesize the current design) and rerun this command. [D:/SoC/Lab 1/first_zynq_design/first_zynq_design.srcs/constrs_1/new/constraints.xdc:7]
CRITICAL WARNING: [Common 17-69] Command failed: Cannot set load on pre-synthesized design.  Please open a synthesized design (or synthesize the current design) and rerun this command. [D:/SoC/Lab 1/first_zynq_design/first_zynq_design.srcs/constrs_1/new/constraints.xdc:8]
CRITICAL WARNING: [Common 17-69] Command failed: Cannot set load on pre-synthesized design.  Please open a synthesized design (or synthesize the current design) and rerun this command. [D:/SoC/Lab 1/first_zynq_design/first_zynq_design.srcs/constrs_1/new/constraints.xdc:9]
CRITICAL WARNING: [Common 17-69] Command failed: Cannot set load on pre-synthesized design.  Please open a synthesized design (or synthesize the current design) and rerun this command. [D:/SoC/Lab 1/first_zynq_design/first_zynq_design.srcs/constrs_1/new/constraints.xdc:10]
CRITICAL WARNING: [Common 17-69] Command failed: Cannot set load on pre-synthesized design.  Please open a synthesized design (or synthesize the current design) and rerun this command. [D:/SoC/Lab 1/first_zynq_design/first_zynq_design.srcs/constrs_1/new/constraints.xdc:11]
CRITICAL WARNING: [Common 17-69] Command failed: Cannot set load on pre-synthesized design.  Please open a synthesized design (or synthesize the current design) and rerun this command. [D:/SoC/Lab 1/first_zynq_design/first_zynq_design.srcs/constrs_1/new/constraints.xdc:12]
CRITICAL WARNING: [Common 17-69] Command failed: Cannot set load on pre-synthesized design.  Please open a synthesized design (or synthesize the current design) and rerun this command. [D:/SoC/Lab 1/first_zynq_design/first_zynq_design.srcs/constrs_1/new/constraints.xdc:13]
CRITICAL WARNING: [Common 17-69] Command failed: Cannot set load on pre-synthesized design.  Please open a synthesized design (or synthesize the current design) and rerun this command. [D:/SoC/Lab 1/first_zynq_design/first_zynq_design.srcs/constrs_1/new/constraints.xdc:14]
CRITICAL WARNING: [Common 17-69] Command failed: Cannot set load on pre-synthesized design.  Please open a synthesized design (or synthesize the current design) and rerun this command. [D:/SoC/Lab 1/first_zynq_design/first_zynq_design.srcs/constrs_1/new/constraints.xdc:15]
CRITICAL WARNING: [Common 17-69] Command failed: Cannot set load on pre-synthesized design.  Please open a synthesized design (or synthesize the current design) and rerun this command. [D:/SoC/Lab 1/first_zynq_design/first_zynq_design.srcs/constrs_1/new/constraints.xdc:16]
CRITICAL WARNING: [Common 17-69] Command failed: Cannot set load on pre-synthesized design.  Please open a synthesized design (or synthesize the current design) and rerun this command. [D:/SoC/Lab 1/first_zynq_design/first_zynq_design.srcs/constrs_1/new/constraints.xdc:17]
CRITICAL WARNING: [Common 17-69] Command failed: Cannot set load on pre-synthesized design.  Please open a synthesized design (or synthesize the current design) and rerun this command. [D:/SoC/Lab 1/first_zynq_design/first_zynq_design.srcs/constrs_1/new/constraints.xdc:18]
CRITICAL WARNING: [Common 17-69] Command failed: Cannot set load on pre-synthesized design.  Please open a synthesized design (or synthesize the current design) and rerun this command. [D:/SoC/Lab 1/first_zynq_design/first_zynq_design.srcs/constrs_1/new/constraints.xdc:19]
CRITICAL WARNING: [Common 17-69] Command failed: Cannot set load on pre-synthesized design.  Please open a synthesized design (or synthesize the current design) and rerun this command. [D:/SoC/Lab 1/first_zynq_design/first_zynq_design.srcs/constrs_1/new/constraints.xdc:20]
CRITICAL WARNING: [Common 17-69] Command failed: Cannot set load on pre-synthesized design.  Please open a synthesized design (or synthesize the current design) and rerun this command. [D:/SoC/Lab 1/first_zynq_design/first_zynq_design.srcs/constrs_1/new/constraints.xdc:21]
CRITICAL WARNING: [Common 17-69] Command failed: Cannot set load on pre-synthesized design.  Please open a synthesized design (or synthesize the current design) and rerun this command. [D:/SoC/Lab 1/first_zynq_design/first_zynq_design.srcs/constrs_1/new/constraints.xdc:22]
CRITICAL WARNING: [Common 17-69] Command failed: Cannot set load on pre-synthesized design.  Please open a synthesized design (or synthesize the current design) and rerun this command. [D:/SoC/Lab 1/first_zynq_design/first_zynq_design.srcs/constrs_1/new/constraints.xdc:23]
CRITICAL WARNING: [Common 17-69] Command failed: Cannot set load on pre-synthesized design.  Please open a synthesized design (or synthesize the current design) and rerun this command. [D:/SoC/Lab 1/first_zynq_design/first_zynq_design.srcs/constrs_1/new/constraints.xdc:24]
CRITICAL WARNING: [Common 17-69] Command failed: Cannot set load on pre-synthesized design.  Please open a synthesized design (or synthesize the current design) and rerun this command. [D:/SoC/Lab 1/first_zynq_design/first_zynq_design.srcs/constrs_1/new/constraints.xdc:25]
CRITICAL WARNING: [Common 17-69] Command failed: Cannot set load on pre-synthesized design.  Please open a synthesized design (or synthesize the current design) and rerun this command. [D:/SoC/Lab 1/first_zynq_design/first_zynq_design.srcs/constrs_1/new/constraints.xdc:26]
CRITICAL WARNING: [Common 17-69] Command failed: Cannot set load on pre-synthesized design.  Please open a synthesized design (or synthesize the current design) and rerun this command. [D:/SoC/Lab 1/first_zynq_design/first_zynq_design.srcs/constrs_1/new/constraints.xdc:27]
CRITICAL WARNING: [Common 17-69] Command failed: Cannot set load on pre-synthesized design.  Please open a synthesized design (or synthesize the current design) and rerun this command. [D:/SoC/Lab 1/first_zynq_design/first_zynq_design.srcs/constrs_1/new/constraints.xdc:28]
CRITICAL WARNING: [Common 17-69] Command failed: Cannot set load on pre-synthesized design.  Please open a synthesized design (or synthesize the current design) and rerun this command. [D:/SoC/Lab 1/first_zynq_design/first_zynq_design.srcs/constrs_1/new/constraints.xdc:29]
CRITICAL WARNING: [Common 17-69] Command failed: Cannot set load on pre-synthesized design.  Please open a synthesized design (or synthesize the current design) and rerun this command. [D:/SoC/Lab 1/first_zynq_design/first_zynq_design.srcs/constrs_1/new/constraints.xdc:30]
CRITICAL WARNING: [Common 17-69] Command failed: Cannot set load on pre-synthesized design.  Please open a synthesized design (or synthesize the current design) and rerun this command. [D:/SoC/Lab 1/first_zynq_design/first_zynq_design.srcs/constrs_1/new/constraints.xdc:31]
CRITICAL WARNING: [Common 17-69] Command failed: Cannot set load on pre-synthesized design.  Please open a synthesized design (or synthesize the current design) and rerun this command. [D:/SoC/Lab 1/first_zynq_design/first_zynq_design.srcs/constrs_1/new/constraints.xdc:32]
CRITICAL WARNING: [Common 17-69] Command failed: Cannot set load on pre-synthesized design.  Please open a synthesized design (or synthesize the current design) and rerun this command. [D:/SoC/Lab 1/first_zynq_design/first_zynq_design.srcs/constrs_1/new/constraints.xdc:33]
CRITICAL WARNING: [Common 17-69] Command failed: Cannot set load on pre-synthesized design.  Please open a synthesized design (or synthesize the current design) and rerun this command. [D:/SoC/Lab 1/first_zynq_design/first_zynq_design.srcs/constrs_1/new/constraints.xdc:34]
CRITICAL WARNING: [Common 17-69] Command failed: Cannot set load on pre-synthesized design.  Please open a synthesized design (or synthesize the current design) and rerun this command. [D:/SoC/Lab 1/first_zynq_design/first_zynq_design.srcs/constrs_1/new/constraints.xdc:35]
CRITICAL WARNING: [Common 17-69] Command failed: Cannot set load on pre-synthesized design.  Please open a synthesized design (or synthesize the current design) and rerun this command. [D:/SoC/Lab 1/first_zynq_design/first_zynq_design.srcs/constrs_1/new/constraints.xdc:36]
CRITICAL WARNING: [Common 17-69] Command failed: Cannot set load on pre-synthesized design.  Please open a synthesized design (or synthesize the current design) and rerun this command. [D:/SoC/Lab 1/first_zynq_design/first_zynq_design.srcs/constrs_1/new/constraints.xdc:37]
CRITICAL WARNING: [Common 17-69] Command failed: Cannot set load on pre-synthesized design.  Please open a synthesized design (or synthesize the current design) and rerun this command. [D:/SoC/Lab 1/first_zynq_design/first_zynq_design.srcs/constrs_1/new/constraints.xdc:38]
CRITICAL WARNING: [Common 17-69] Command failed: Cannot set load on pre-synthesized design.  Please open a synthesized design (or synthesize the current design) and rerun this command. [D:/SoC/Lab 1/first_zynq_design/first_zynq_design.srcs/constrs_1/new/constraints.xdc:39]
CRITICAL WARNING: [Common 17-69] Command failed: Cannot set load on pre-synthesized design.  Please open a synthesized design (or synthesize the current design) and rerun this command. [D:/SoC/Lab 1/first_zynq_design/first_zynq_design.srcs/constrs_1/new/constraints.xdc:40]
CRITICAL WARNING: [Common 17-69] Command failed: Cannot set load on pre-synthesized design.  Please open a synthesized design (or synthesize the current design) and rerun this command. [D:/SoC/Lab 1/first_zynq_design/first_zynq_design.srcs/constrs_1/new/constraints.xdc:41]
CRITICAL WARNING: [Common 17-69] Command failed: Cannot set load on pre-synthesized design.  Please open a synthesized design (or synthesize the current design) and rerun this command. [D:/SoC/Lab 1/first_zynq_design/first_zynq_design.srcs/constrs_1/new/constraints.xdc:42]
CRITICAL WARNING: [Common 17-69] Command failed: Cannot set load on pre-synthesized design.  Please open a synthesized design (or synthesize the current design) and rerun this command. [D:/SoC/Lab 1/first_zynq_design/first_zynq_design.srcs/constrs_1/new/constraints.xdc:43]
CRITICAL WARNING: [Common 17-69] Command failed: Cannot set load on pre-synthesized design.  Please open a synthesized design (or synthesize the current design) and rerun this command. [D:/SoC/Lab 1/first_zynq_design/first_zynq_design.srcs/constrs_1/new/constraints.xdc:44]
CRITICAL WARNING: [Common 17-69] Command failed: Cannot set load on pre-synthesized design.  Please open a synthesized design (or synthesize the current design) and rerun this command. [D:/SoC/Lab 1/first_zynq_design/first_zynq_design.srcs/constrs_1/new/constraints.xdc:45]
CRITICAL WARNING: [Common 17-69] Command failed: Cannot set load on pre-synthesized design.  Please open a synthesized design (or synthesize the current design) and rerun this command. [D:/SoC/Lab 1/first_zynq_design/first_zynq_design.srcs/constrs_1/new/constraints.xdc:46]
CRITICAL WARNING: [Common 17-69] Command failed: Cannot set load on pre-synthesized design.  Please open a synthesized design (or synthesize the current design) and rerun this command. [D:/SoC/Lab 1/first_zynq_design/first_zynq_design.srcs/constrs_1/new/constraints.xdc:47]
CRITICAL WARNING: [Common 17-69] Command failed: Cannot set load on pre-synthesized design.  Please open a synthesized design (or synthesize the current design) and rerun this command. [D:/SoC/Lab 1/first_zynq_design/first_zynq_design.srcs/constrs_1/new/constraints.xdc:48]
CRITICAL WARNING: [Common 17-69] Command failed: Cannot set load on pre-synthesized design.  Please open a synthesized design (or synthesize the current design) and rerun this command. [D:/SoC/Lab 1/first_zynq_design/first_zynq_design.srcs/constrs_1/new/constraints.xdc:49]
CRITICAL WARNING: [Common 17-69] Command failed: Cannot set load on pre-synthesized design.  Please open a synthesized design (or synthesize the current design) and rerun this command. [D:/SoC/Lab 1/first_zynq_design/first_zynq_design.srcs/constrs_1/new/constraints.xdc:50]
CRITICAL WARNING: [Common 17-69] Command failed: Cannot set load on pre-synthesized design.  Please open a synthesized design (or synthesize the current design) and rerun this command. [D:/SoC/Lab 1/first_zynq_design/first_zynq_design.srcs/constrs_1/new/constraints.xdc:51]
CRITICAL WARNING: [Common 17-69] Command failed: Cannot set load on pre-synthesized design.  Please open a synthesized design (or synthesize the current design) and rerun this command. [D:/SoC/Lab 1/first_zynq_design/first_zynq_design.srcs/constrs_1/new/constraints.xdc:52]
CRITICAL WARNING: [Common 17-69] Command failed: Cannot set load on pre-synthesized design.  Please open a synthesized design (or synthesize the current design) and rerun this command. [D:/SoC/Lab 1/first_zynq_design/first_zynq_design.srcs/constrs_1/new/constraints.xdc:53]
CRITICAL WARNING: [Common 17-69] Command failed: Cannot set load on pre-synthesized design.  Please open a synthesized design (or synthesize the current design) and rerun this command. [D:/SoC/Lab 1/first_zynq_design/first_zynq_design.srcs/constrs_1/new/constraints.xdc:54]
CRITICAL WARNING: [Common 17-69] Command failed: Cannot set load on pre-synthesized design.  Please open a synthesized design (or synthesize the current design) and rerun this command. [D:/SoC/Lab 1/first_zynq_design/first_zynq_design.srcs/constrs_1/new/constraints.xdc:55]
CRITICAL WARNING: [Common 17-69] Command failed: Cannot set load on pre-synthesized design.  Please open a synthesized design (or synthesize the current design) and rerun this command. [D:/SoC/Lab 1/first_zynq_design/first_zynq_design.srcs/constrs_1/new/constraints.xdc:56]
CRITICAL WARNING: [Common 17-69] Command failed: Cannot set load on pre-synthesized design.  Please open a synthesized design (or synthesize the current design) and rerun this command. [D:/SoC/Lab 1/first_zynq_design/first_zynq_design.srcs/constrs_1/new/constraints.xdc:57]
CRITICAL WARNING: [Common 17-69] Command failed: Cannot set load on pre-synthesized design.  Please open a synthesized design (or synthesize the current design) and rerun this command. [D:/SoC/Lab 1/first_zynq_design/first_zynq_design.srcs/constrs_1/new/constraints.xdc:58]
CRITICAL WARNING: [Common 17-69] Command failed: Cannot set load on pre-synthesized design.  Please open a synthesized design (or synthesize the current design) and rerun this command. [D:/SoC/Lab 1/first_zynq_design/first_zynq_design.srcs/constrs_1/new/constraints.xdc:59]
CRITICAL WARNING: [Common 17-69] Command failed: Cannot set load on pre-synthesized design.  Please open a synthesized design (or synthesize the current design) and rerun this command. [D:/SoC/Lab 1/first_zynq_design/first_zynq_design.srcs/constrs_1/new/constraints.xdc:60]
CRITICAL WARNING: [Common 17-69] Command failed: Cannot set load on pre-synthesized design.  Please open a synthesized design (or synthesize the current design) and rerun this command. [D:/SoC/Lab 1/first_zynq_design/first_zynq_design.srcs/constrs_1/new/constraints.xdc:61]
CRITICAL WARNING: [Common 17-69] Command failed: Cannot set load on pre-synthesized design.  Please open a synthesized design (or synthesize the current design) and rerun this command. [D:/SoC/Lab 1/first_zynq_design/first_zynq_design.srcs/constrs_1/new/constraints.xdc:62]
CRITICAL WARNING: [Common 17-69] Command failed: Cannot set load on pre-synthesized design.  Please open a synthesized design (or synthesize the current design) and rerun this command. [D:/SoC/Lab 1/first_zynq_design/first_zynq_design.srcs/constrs_1/new/constraints.xdc:63]
CRITICAL WARNING: [Common 17-69] Command failed: Cannot set load on pre-synthesized design.  Please open a synthesized design (or synthesize the current design) and rerun this command. [D:/SoC/Lab 1/first_zynq_design/first_zynq_design.srcs/constrs_1/new/constraints.xdc:64]
CRITICAL WARNING: [Common 17-69] Command failed: Cannot set load on pre-synthesized design.  Please open a synthesized design (or synthesize the current design) and rerun this command. [D:/SoC/Lab 1/first_zynq_design/first_zynq_design.srcs/constrs_1/new/constraints.xdc:65]
CRITICAL WARNING: [Common 17-69] Command failed: Cannot set load on pre-synthesized design.  Please open a synthesized design (or synthesize the current design) and rerun this command. [D:/SoC/Lab 1/first_zynq_design/first_zynq_design.srcs/constrs_1/new/constraints.xdc:66]
CRITICAL WARNING: [Common 17-69] Command failed: Cannot set load on pre-synthesized design.  Please open a synthesized design (or synthesize the current design) and rerun this command. [D:/SoC/Lab 1/first_zynq_design/first_zynq_design.srcs/constrs_1/new/constraints.xdc:67]
CRITICAL WARNING: [Common 17-69] Command failed: Cannot set load on pre-synthesized design.  Please open a synthesized design (or synthesize the current design) and rerun this command. [D:/SoC/Lab 1/first_zynq_design/first_zynq_design.srcs/constrs_1/new/constraints.xdc:68]
CRITICAL WARNING: [Common 17-69] Command failed: Cannot set load on pre-synthesized design.  Please open a synthesized design (or synthesize the current design) and rerun this command. [D:/SoC/Lab 1/first_zynq_design/first_zynq_design.srcs/constrs_1/new/constraints.xdc:69]
CRITICAL WARNING: [Common 17-69] Command failed: Cannot set load on pre-synthesized design.  Please open a synthesized design (or synthesize the current design) and rerun this command. [D:/SoC/Lab 1/first_zynq_design/first_zynq_design.srcs/constrs_1/new/constraints.xdc:70]
CRITICAL WARNING: [Common 17-69] Command failed: Cannot set load on pre-synthesized design.  Please open a synthesized design (or synthesize the current design) and rerun this command. [D:/SoC/Lab 1/first_zynq_design/first_zynq_design.srcs/constrs_1/new/constraints.xdc:71]
CRITICAL WARNING: [Common 17-69] Command failed: Cannot set load on pre-synthesized design.  Please open a synthesized design (or synthesize the current design) and rerun this command. [D:/SoC/Lab 1/first_zynq_design/first_zynq_design.srcs/constrs_1/new/constraints.xdc:72]
CRITICAL WARNING: [Common 17-69] Command failed: Cannot set load on pre-synthesized design.  Please open a synthesized design (or synthesize the current design) and rerun this command. [D:/SoC/Lab 1/first_zynq_design/first_zynq_design.srcs/constrs_1/new/constraints.xdc:73]
CRITICAL WARNING: [Common 17-69] Command failed: Cannot set load on pre-synthesized design.  Please open a synthesized design (or synthesize the current design) and rerun this command. [D:/SoC/Lab 1/first_zynq_design/first_zynq_design.srcs/constrs_1/new/constraints.xdc:74]
CRITICAL WARNING: [Common 17-69] Command failed: Cannot set load on pre-synthesized design.  Please open a synthesized design (or synthesize the current design) and rerun this command. [D:/SoC/Lab 1/first_zynq_design/first_zynq_design.srcs/constrs_1/new/constraints.xdc:75]
CRITICAL WARNING: [Common 17-69] Command failed: Cannot set load on pre-synthesized design.  Please open a synthesized design (or synthesize the current design) and rerun this command. [D:/SoC/Lab 1/first_zynq_design/first_zynq_design.srcs/constrs_1/new/constraints.xdc:76]
CRITICAL WARNING: [Common 17-69] Command failed: Cannot set load on pre-synthesized design.  Please open a synthesized design (or synthesize the current design) and rerun this command. [D:/SoC/Lab 1/first_zynq_design/first_zynq_design.srcs/constrs_1/new/constraints.xdc:77]
CRITICAL WARNING: [Common 17-69] Command failed: Cannot set load on pre-synthesized design.  Please open a synthesized design (or synthesize the current design) and rerun this command. [D:/SoC/Lab 1/first_zynq_design/first_zynq_design.srcs/constrs_1/new/constraints.xdc:78]
CRITICAL WARNING: [Common 17-69] Command failed: Cannot set load on pre-synthesized design.  Please open a synthesized design (or synthesize the current design) and rerun this command. [D:/SoC/Lab 1/first_zynq_design/first_zynq_design.srcs/constrs_1/new/constraints.xdc:79]
CRITICAL WARNING: [Common 17-69] Command failed: Cannot set load on pre-synthesized design.  Please open a synthesized design (or synthesize the current design) and rerun this command. [D:/SoC/Lab 1/first_zynq_design/first_zynq_design.srcs/constrs_1/new/constraints.xdc:80]
CRITICAL WARNING: [Common 17-69] Command failed: Cannot set load on pre-synthesized design.  Please open a synthesized design (or synthesize the current design) and rerun this command. [D:/SoC/Lab 1/first_zynq_design/first_zynq_design.srcs/constrs_1/new/constraints.xdc:81]
CRITICAL WARNING: [Common 17-69] Command failed: Cannot set load on pre-synthesized design.  Please open a synthesized design (or synthesize the current design) and rerun this command. [D:/SoC/Lab 1/first_zynq_design/first_zynq_design.srcs/constrs_1/new/constraints.xdc:82]
CRITICAL WARNING: [Common 17-69] Command failed: Cannot set load on pre-synthesized design.  Please open a synthesized design (or synthesize the current design) and rerun this command. [D:/SoC/Lab 1/first_zynq_design/first_zynq_design.srcs/constrs_1/new/constraints.xdc:83]
CRITICAL WARNING: [Common 17-69] Command failed: Cannot set load on pre-synthesized design.  Please open a synthesized design (or synthesize the current design) and rerun this command. [D:/SoC/Lab 1/first_zynq_design/first_zynq_design.srcs/constrs_1/new/constraints.xdc:84]
CRITICAL WARNING: [Common 17-69] Command failed: Cannot set load on pre-synthesized design.  Please open a synthesized design (or synthesize the current design) and rerun this command. [D:/SoC/Lab 1/first_zynq_design/first_zynq_design.srcs/constrs_1/new/constraints.xdc:85]
CRITICAL WARNING: [Common 17-69] Command failed: Cannot set load on pre-synthesized design.  Please open a synthesized design (or synthesize the current design) and rerun this command. [D:/SoC/Lab 1/first_zynq_design/first_zynq_design.srcs/constrs_1/new/constraints.xdc:86]
CRITICAL WARNING: [Common 17-69] Command failed: Cannot set load on pre-synthesized design.  Please open a synthesized design (or synthesize the current design) and rerun this command. [D:/SoC/Lab 1/first_zynq_design/first_zynq_design.srcs/constrs_1/new/constraints.xdc:87]
CRITICAL WARNING: [Common 17-69] Command failed: Cannot set load on pre-synthesized design.  Please open a synthesized design (or synthesize the current design) and rerun this command. [D:/SoC/Lab 1/first_zynq_design/first_zynq_design.srcs/constrs_1/new/constraints.xdc:88]
CRITICAL WARNING: [Common 17-69] Command failed: Cannot set load on pre-synthesized design.  Please open a synthesized design (or synthesize the current design) and rerun this command. [D:/SoC/Lab 1/first_zynq_design/first_zynq_design.srcs/constrs_1/new/constraints.xdc:89]
CRITICAL WARNING: [Common 17-69] Command failed: Cannot set load on pre-synthesized design.  Please open a synthesized design (or synthesize the current design) and rerun this command. [D:/SoC/Lab 1/first_zynq_design/first_zynq_design.srcs/constrs_1/new/constraints.xdc:90]
CRITICAL WARNING: [Common 17-69] Command failed: Cannot set load on pre-synthesized design.  Please open a synthesized design (or synthesize the current design) and rerun this command. [D:/SoC/Lab 1/first_zynq_design/first_zynq_design.srcs/constrs_1/new/constraints.xdc:91]
CRITICAL WARNING: [Common 17-69] Command failed: Cannot set load on pre-synthesized design.  Please open a synthesized design (or synthesize the current design) and rerun this command. [D:/SoC/Lab 1/first_zynq_design/first_zynq_design.srcs/constrs_1/new/constraints.xdc:92]
CRITICAL WARNING: [Common 17-69] Command failed: Cannot set load on pre-synthesized design.  Please open a synthesized design (or synthesize the current design) and rerun this command. [D:/SoC/Lab 1/first_zynq_design/first_zynq_design.srcs/constrs_1/new/constraints.xdc:93]
CRITICAL WARNING: [Common 17-69] Command failed: Cannot set load on pre-synthesized design.  Please open a synthesized design (or synthesize the current design) and rerun this command. [D:/SoC/Lab 1/first_zynq_design/first_zynq_design.srcs/constrs_1/new/constraints.xdc:94]
CRITICAL WARNING: [Common 17-69] Command failed: Cannot set load on pre-synthesized design.  Please open a synthesized design (or synthesize the current design) and rerun this command. [D:/SoC/Lab 1/first_zynq_design/first_zynq_design.srcs/constrs_1/new/constraints.xdc:95]
CRITICAL WARNING: [Common 17-69] Command failed: Cannot set load on pre-synthesized design.  Please open a synthesized design (or synthesize the current design) and rerun this command. [D:/SoC/Lab 1/first_zynq_design/first_zynq_design.srcs/constrs_1/new/constraints.xdc:96]
CRITICAL WARNING: [Common 17-69] Command failed: Cannot set load on pre-synthesized design.  Please open a synthesized design (or synthesize the current design) and rerun this command. [D:/SoC/Lab 1/first_zynq_design/first_zynq_design.srcs/constrs_1/new/constraints.xdc:97]
CRITICAL WARNING: [Common 17-69] Command failed: Cannot set load on pre-synthesized design.  Please open a synthesized design (or synthesize the current design) and rerun this command. [D:/SoC/Lab 1/first_zynq_design/first_zynq_design.srcs/constrs_1/new/constraints.xdc:98]
CRITICAL WARNING: [Common 17-69] Command failed: Cannot set load on pre-synthesized design.  Please open a synthesized design (or synthesize the current design) and rerun this command. [D:/SoC/Lab 1/first_zynq_design/first_zynq_design.srcs/constrs_1/new/constraints.xdc:99]
CRITICAL WARNING: [Common 17-69] Command failed: Cannot set load on pre-synthesized design.  Please open a synthesized design (or synthesize the current design) and rerun this command. [D:/SoC/Lab 1/first_zynq_design/first_zynq_design.srcs/constrs_1/new/constraints.xdc:100]
CRITICAL WARNING: [Common 17-69] Command failed: Cannot set load on pre-synthesized design.  Please open a synthesized design (or synthesize the current design) and rerun this command. [D:/SoC/Lab 1/first_zynq_design/first_zynq_design.srcs/constrs_1/new/constraints.xdc:101]
CRITICAL WARNING: [Common 17-69] Command failed: Cannot set load on pre-synthesized design.  Please open a synthesized design (or synthesize the current design) and rerun this command. [D:/SoC/Lab 1/first_zynq_design/first_zynq_design.srcs/constrs_1/new/constraints.xdc:102]
INFO: [Common 17-14] Message 'Common 17-69' appears 100 times and further instances of the messages will be disabled. Use the Tcl command set_msg_config to change the current settings. [D:/SoC/Lab 1/first_zynq_design/first_zynq_design.srcs/constrs_1/new/constraints.xdc:102]
Finished Parsing XDC File [D:/SoC/Lab 1/first_zynq_design/first_zynq_design.srcs/constrs_1/new/constraints.xdc]
INFO: [Project 1-236] Implementation specific constraints were found while reading constraint file [D:/SoC/Lab 1/first_zynq_design/first_zynq_design.srcs/constrs_1/new/constraints.xdc]. These constraints will be ignored for synthesis but will be used in implementation. Impacted constraints are listed in the file [.Xil/first_zynq_system_wrapper_propImpl.xdc].
Resolution: To avoid this warning, move constraints listed in [.Xil/first_zynq_system_wrapper_propImpl.xdc] to another XDC file and exclude this new file from synthesis with the used_in_synthesis property (File Properties dialog in GUI) and re-run elaboration/synthesis.
Parsing XDC File [D:/SoC/Lab 1/first_zynq_design/first_zynq_design.runs/synth_1/dont_touch.xdc]
Finished Parsing XDC File [D:/SoC/Lab 1/first_zynq_design/first_zynq_design.runs/synth_1/dont_touch.xdc]
Completed Processing XDC Constraints

Netlist sorting complete. Time (s): cpu = 00:00:00 ; elapsed = 00:00:00 . Memory (MB): peak = 1601.195 ; gain = 0.000
INFO: [Project 1-111] Unisim Transformation Summary:
No Unisim elements were transformed.

Constraint Validation Runtime : Time (s): cpu = 00:00:00 ; elapsed = 00:00:00.010 . Memory (MB): peak = 1601.195 ; gain = 0.000
---------------------------------------------------------------------------------
Finished Constraint Validation : Time (s): cpu = 00:00:19 ; elapsed = 00:00:19 . Memory (MB): peak = 1601.195 ; gain = 703.016
---------------------------------------------------------------------------------
---------------------------------------------------------------------------------
Start Loading Part and Timing Information
---------------------------------------------------------------------------------
Loading part: xc7z045ffg900-2
---------------------------------------------------------------------------------
Finished Loading Part and Timing Information : Time (s): cpu = 00:00:19 ; elapsed = 00:00:19 . Memory (MB): peak = 1601.195 ; gain = 703.016
---------------------------------------------------------------------------------
---------------------------------------------------------------------------------
Start Applying 'set_property' XDC Constraints
---------------------------------------------------------------------------------
---------------------------------------------------------------------------------
Finished applying 'set_property' XDC Constraints : Time (s): cpu = 00:00:19 ; elapsed = 00:00:19 . Memory (MB): peak = 1601.195 ; gain = 703.016
---------------------------------------------------------------------------------
---------------------------------------------------------------------------------
Finished RTL Optimization Phase 2 : Time (s): cpu = 00:00:19 ; elapsed = 00:00:20 . Memory (MB): peak = 1601.195 ; gain = 703.016
---------------------------------------------------------------------------------
---------------------------------------------------------------------------------
Start RTL Component Statistics 
---------------------------------------------------------------------------------
Detailed RTL Component Info : 
---------------------------------------------------------------------------------
Finished RTL Component Statistics 
---------------------------------------------------------------------------------
---------------------------------------------------------------------------------
Start Part Resource Summary
---------------------------------------------------------------------------------
Part Resources:
DSPs: 900 (col length:140)
BRAMs: 1090 (col length: RAMB18 140 RAMB36 70)
---------------------------------------------------------------------------------
Finished Part Resource Summary
---------------------------------------------------------------------------------
---------------------------------------------------------------------------------
Start Cross Boundary and Area Optimization
---------------------------------------------------------------------------------
---------------------------------------------------------------------------------
Finished Cross Boundary and Area Optimization : Time (s): cpu = 00:00:21 ; elapsed = 00:00:22 . Memory (MB): peak = 1635.715 ; gain = 737.535
---------------------------------------------------------------------------------
---------------------------------------------------------------------------------
Start Applying XDC Timing Constraints
---------------------------------------------------------------------------------
---------------------------------------------------------------------------------
Finished Applying XDC Timing Constraints : Time (s): cpu = 00:00:27 ; elapsed = 00:00:27 . Memory (MB): peak = 1801.945 ; gain = 903.766
---------------------------------------------------------------------------------
---------------------------------------------------------------------------------
Start Timing Optimization
---------------------------------------------------------------------------------
---------------------------------------------------------------------------------
Finished Timing Optimization : Time (s): cpu = 00:00:27 ; elapsed = 00:00:27 . Memory (MB): peak = 1802.094 ; gain = 903.914
---------------------------------------------------------------------------------
---------------------------------------------------------------------------------
Start Technology Mapping
---------------------------------------------------------------------------------
---------------------------------------------------------------------------------
Finished Technology Mapping : Time (s): cpu = 00:00:27 ; elapsed = 00:00:27 . Memory (MB): peak = 1812.039 ; gain = 913.859
---------------------------------------------------------------------------------
---------------------------------------------------------------------------------
Start IO Insertion
---------------------------------------------------------------------------------
---------------------------------------------------------------------------------
Start Flattening Before IO Insertion
---------------------------------------------------------------------------------
---------------------------------------------------------------------------------
Finished Flattening Before IO Insertion
---------------------------------------------------------------------------------
---------------------------------------------------------------------------------
Start Final Netlist Cleanup
---------------------------------------------------------------------------------
---------------------------------------------------------------------------------
Finished Final Netlist Cleanup
---------------------------------------------------------------------------------
---------------------------------------------------------------------------------
Finished IO Insertion : Time (s): cpu = 00:00:32 ; elapsed = 00:00:33 . Memory (MB): peak = 2087.305 ; gain = 1189.125
---------------------------------------------------------------------------------
---------------------------------------------------------------------------------
Start Renaming Generated Instances
---------------------------------------------------------------------------------
---------------------------------------------------------------------------------
Finished Renaming Generated Instances : Time (s): cpu = 00:00:32 ; elapsed = 00:00:33 . Memory (MB): peak = 2087.305 ; gain = 1189.125
---------------------------------------------------------------------------------
---------------------------------------------------------------------------------
Start Rebuilding User Hierarchy
---------------------------------------------------------------------------------
---------------------------------------------------------------------------------
Finished Rebuilding User Hierarchy : Time (s): cpu = 00:00:32 ; elapsed = 00:00:33 . Memory (MB): peak = 2087.305 ; gain = 1189.125
---------------------------------------------------------------------------------
---------------------------------------------------------------------------------
Start Renaming Generated Ports
---------------------------------------------------------------------------------
---------------------------------------------------------------------------------
Finished Renaming Generated Ports : Time (s): cpu = 00:00:32 ; elapsed = 00:00:33 . Memory (MB): peak = 2087.305 ; gain = 1189.125
---------------------------------------------------------------------------------
---------------------------------------------------------------------------------
Start Handling Custom Attributes
---------------------------------------------------------------------------------
---------------------------------------------------------------------------------
Finished Handling Custom Attributes : Time (s): cpu = 00:00:32 ; elapsed = 00:00:33 . Memory (MB): peak = 2087.305 ; gain = 1189.125
---------------------------------------------------------------------------------
---------------------------------------------------------------------------------
Start Renaming Generated Nets
---------------------------------------------------------------------------------
---------------------------------------------------------------------------------
Finished Renaming Generated Nets : Time (s): cpu = 00:00:32 ; elapsed = 00:00:33 . Memory (MB): peak = 2087.305 ; gain = 1189.125
---------------------------------------------------------------------------------
---------------------------------------------------------------------------------
Start Writing Synthesis Report
---------------------------------------------------------------------------------

Report BlackBoxes: 
+------+-----------------------------------------+----------+
|      |BlackBox name                            |Instances |
+------+-----------------------------------------+----------+
|1     |first_zynq_system_axi_gpio_0_0           |         1|
|2     |first_zynq_system_axi_smc_0              |         1|
|3     |first_zynq_system_processing_system7_0_0 |         1|
|4     |first_zynq_system_rst_ps7_0_50M_0        |         1|
+------+-----------------------------------------+----------+

Report Cell Usage: 
+------+---------------------------------------+------+
|      |Cell                                   |Count |
+------+---------------------------------------+------+
|1     |first_zynq_system_axi_gpio_0           |     1|
|2     |first_zynq_system_axi_smc              |     1|
|3     |first_zynq_system_processing_system7_0 |     1|
|4     |first_zynq_system_rst_ps7_0_50M        |     1|
|5     |OBUF                                   |     4|
+------+---------------------------------------+------+
---------------------------------------------------------------------------------
Finished Writing Synthesis Report : Time (s): cpu = 00:00:32 ; elapsed = 00:00:33 . Memory (MB): peak = 2087.305 ; gain = 1189.125
---------------------------------------------------------------------------------
Synthesis finished with 0 errors, 0 critical warnings and 0 warnings.
Synthesis Optimization Runtime : Time (s): cpu = 00:00:20 ; elapsed = 00:00:30 . Memory (MB): peak = 2087.305 ; gain = 1189.125
Synthesis Optimization Complete : Time (s): cpu = 00:00:32 ; elapsed = 00:00:33 . Memory (MB): peak = 2087.305 ; gain = 1189.125
INFO: [Project 1-571] Translating synthesized netlist
Netlist sorting complete. Time (s): cpu = 00:00:00 ; elapsed = 00:00:00.002 . Memory (MB): peak = 2096.418 ; gain = 0.000
INFO: [Project 1-570] Preparing netlist for logic optimization
INFO: [Opt 31-138] Pushed 0 inverter(s) to 0 load pin(s).
Netlist sorting complete. Time (s): cpu = 00:00:00 ; elapsed = 00:00:00 . Memory (MB): peak = 2105.770 ; gain = 0.000
INFO: [Project 1-111] Unisim Transformation Summary:
No Unisim elements were transformed.

Synth Design complete | Checksum: 2418e600
INFO: [Common 17-83] Releasing license: Vivado_Synthesis
30 Infos, 14 Warnings, 100 Critical Warnings and 0 Errors encountered.
synth_design completed successfully
synth_design: Time (s): cpu = 00:00:39 ; elapsed = 00:00:44 . Memory (MB): peak = 2105.770 ; gain = 1504.945
INFO: [runtcl-6] Synthesis results are not added to the cache due to CRITICAL_WARNING
Write ShapeDB Complete: Time (s): cpu = 00:00:00 ; elapsed = 00:00:00.001 . Memory (MB): peak = 2105.770 ; gain = 0.000
INFO: [Common 17-1381] The checkpoint 'D:/SoC/Lab 1/first_zynq_design/first_zynq_design.runs/synth_1/first_zynq_system_wrapper.dcp' has been generated.
INFO: [Vivado 12-24828] Executing command : report_utilization -file first_zynq_system_wrapper_utilization_synth.rpt -pb first_zynq_system_wrapper_utilization_synth.pb
INFO: [Common 17-206] Exiting Vivado at Fri Sep 25 19:28:57 2026...
