# 
# Steps log generated by v++
# This log file contains a collection of steps that describe the kernel compilation flow
# Note: Some steps are tagged as internal, these steps are for debugging purposes and 
#       are not expected to be able to run independently.
# 

# The following environment variables are set when running vitis-run
Environment variables :
------------------------------------------
ALLUSERSPROFILE=C:\ProgramData
APPDATA=C:\Users\LENOVO\AppData\Roaming
arr.length=0
arr.Ubound=-1
CHARPOP=1
CMAKE_OBJECT_PATH_MAX=4096
CommonProgramFiles=C:\Program Files\Common Files
CommonProgramFiles(x86)=C:\Program Files (x86)\Common Files
CommonProgramW6432=C:\Program Files\Common Files
COMPUTERNAME=KHANHLQ
ComSpec=C:\WINDOWS\system32\cmd.exe
DriverData=C:\Windows\System32\Drivers\DriverData
EFC_3572_1262719628=1
EFC_3572_1592913036=1
EFC_3572_2283032206=1
EFC_3572_2775293581=1
EFC_3572_2946480783=1
EFC_3572_344590478=1
EFC_3572_3789132940=1
EFC_3572_4126798990=1
FPS_BROWSER_APP_PROFILE_STRING=Internet Explorer
FPS_BROWSER_USER_PROFILE_STRING=Default
HDI_APPROOT=C:/AMDDesignTools/2026.1/Vitis
HDI_PROCESSOR=i686
HOMEDRIVE=C:
HOMEPATH=\Users\LENOVO
HW_SERVER_DJTG_DISABLE=1
HW_SERVER_FTDIMGR_DISABLE=1
IDE_SKIP_SERVER_LICENSE=1
INT_VARIABLE_NAME=XILINX_PATH
ISL_IOSTREAMS_RSA=C:/AMDDesignTools/2026.1/Vitis/tps/isl
JAVA_EXE=C:/AMDDesignTools/2026.1/Vitis\tps\win64\jre24.0.2_12\bin\java.exe
JAVA_HOME=C:/AMDDesignTools/2026.1/Vitis\tps\win64\jre24.0.2_12
LC_NUMERIC=C
LOCALAPPDATA=C:\Users\LENOVO\AppData\Local
LOGONSERVER=\\KHANHLQ
LOPPER_DTC_FLAGS=-b 0 -@
NOSPLASH=false
NUMBER_OF_PROCESSORS=16
OneDrive=C:\Users\LENOVO\OneDrive
OneDriveConsumer=C:\Users\LENOVO\OneDrive
ORIGINAL_XDG_CURRENT_DESKTOP=undefined
OS=Windows_NT
PATH=C:/AMDDesignTools/2026.1/Vivado/tps/win64/binutils-2.44/bin;C:/AMDDesignTools/2026.1/Vitis/bin/../gnu/aarch64/nt/aarch64-linux/bin;C:/AMDDesignTools/2026.1/Vitis/bin/../gnu/ppc64le/4.9.3/win64/bin;C:/AMDDesignTools/2026.1/Vitis/bin/../gnu/aarch32/nt/gcc-arm-linux-gnueabi/bin;C:/AMDDesignTools/2026.1/Vitis/tps/mingw/6.2.0/win64.o/nt/bin;C:/AMDDesignTools/2026.1/Vivado\gnuwin\bin;C:/AMDDesignTools/2026.1/Vivado\gnu\microblaze\nt\bin;C:/AMDDesignTools/2026.1/Vitis/bin;C:/AMDDesignTools/2026.1/Vitis\tps\win64;C:/AMDDesignTools/2026.1/Vitis/tps/win64/javafx-sdk-11.0.2/lib;C:/AMDDesignTools/2026.1/Vitis/tps/win64/javafx-sdk-11.0.2/bin;C:/AMDDesignTools/2026.1/Vitis/lib/win64.o;C:/AMDDesignTools/2026.1/Vitis/tps/win64/jre11.0.16_1/bin/server;C:/AMDDesignTools/2026.1/Vitis/tps/win64/jre11.0.16_1/bin;C:/AMDDesignTools/2026.1/Vitis\tps\win64\cmake-3.24.2\bin;C:/AMDDesignTools/2026.1/Vitis\gnu\microblaze\nt\bin;C:/AMDDesignTools/2026.1/Vitis\gnu\microblaze\linux_toolchain\nt64_le\bin;C:/AMDDesignTools/2026.1/Vitis\gnu\aarch32\nt\gcc-arm-linux-gnueabi\bin;C:/AMDDesignTools/2026.1/Vitis\gnu\aarch32\nt\gcc-arm-none-eabi\bin;C:/AMDDesignTools/2026.1/Vitis\gnu\aarch64\nt\aarch64-linux\bin;C:/AMDDesignTools/2026.1/Vitis\gnu\aarch64\nt\aarch64-none\bin;C:/AMDDesignTools/2026.1/Vitis\gnu\armr5\nt\gcc-arm-none-eabi\bin;C:/AMDDesignTools/2026.1/Vitis\gnuwin\bin;C:/AMDDesignTools/2026.1/Vitis\tps\win64\python-3.13.0;C:/AMDDesignTools/2026.1/Vitis\tps\win64\jre24.0.2_12\bin;C:/AMDDesignTools/2026.1/Vitis\tps\win64\libxslt\bin;C:/AMDDesignTools/2026.1/Vitis\gnu\arm\nt\bin;C:/AMDDesignTools/2026.1/Vitis\gnu\microblaze\linux_toolchain\nt64_be\bin;C:/AMDDesignTools/2026.1/Vitis\gnu\riscv\nt\bin;C:/AMDDesignTools/2026.1/Vitis\gnu\riscv\linux_toolchain\nt64\bin;C:/AMDDesignTools/2026.1/Vitis\gnu\riscv\linux_toolchain\nt32\bin;C:/AMDDesignTools/2026.1/Vivado\tps\win64\python-3.13.0;C:/AMDDesignTools/2026.1/Vivado\tps\win64\jre24.0.2_12\bin\server;C:/AMDDesignTools/2026.1/Vivado\tps\win64\git-2.53.0\bin;C:/AMDDesignTools/2026.1/Vivado\tps\win64\cmake-4.0.1\bin;C:/AMDDesignTools/2026.1/Vitis\win64\tools\clang-16\bin;C:/AMDDesignTools/2026.1/Vivado\tps\win64\jre24.0.2_12\bin;C:/AMDDesignTools/2026.1/Vivado\tps\win64\libxslt/bin;C:\Program Files (x86)\VMware\VMware Workstation\bin\;C:\WINDOWS\system32;C:\WINDOWS;C:\WINDOWS\System32\Wbem;C:\WINDOWS\System32\WindowsPowerShell\v1.0\;C:\WINDOWS\System32\OpenSSH\;C:\Program Files\Git\cmd;C:\Users\LENOVO\.local\bin;C:\Users\LENOVO\AppData\Local\Microsoft\WindowsApps;C:\Users\LENOVO\AppData\Local\Programs\Microsoft VS Code\bin;C:/AMDDesignTools/2026.1/Vitis\tps\mingw\6.2.0\win64.o\nt\bin;C:/AMDDesignTools/2026.1/Vitis\tps\mingw\6.2.0\win64.o\nt\libexec\gcc\x86_64-w64-mingw32\6.2.0
PATHEXT=.COM;.EXE;.BAT;.CMD;.VBS;.VBE;.JS;.JSE;.WSF;.WSH;.MSC
PROCESSOR_ARCHITECTURE=AMD64
PROCESSOR_IDENTIFIER=AMD64 Family 25 Model 68 Stepping 1, AuthenticAMD
PROCESSOR_LEVEL=25
PROCESSOR_REVISION=4401
PRODVERSION_EXE=C:/AMDDesignTools/2026.1/Vitis/bin/unwrapped/win64.o/prodversion.exe
ProgramData=C:\ProgramData
ProgramFiles=C:\Program Files
ProgramFiles(x86)=C:\Program Files (x86)
ProgramW6432=C:\Program Files
PROMPT=$P$G
PSModulePath=C:\Program Files\WindowsPowerShell\Modules;C:\WINDOWS\system32\WindowsPowerShell\v1.0\Modules
PUBLIC=C:\Users\Public
RDI_APPROOT=C:/AMDDesignTools/2026.1/Vitis
RDI_ARGS= --mode hls --csim --config D:\SOCD334264\Lab_3\matrix_mult_3C_prj\hls_config.cfg --work_dir matrix_mult
RDI_ARGS_FUNCTION=RDI_EXEC_DEFAULT
RDI_BASEROOT=C:/AMDDesignTools/2026.1
RDI_BINDIR=C:/AMDDesignTools/2026.1/Vitis/bin
RDI_BINROOT=C:/AMDDesignTools/2026.1/Vitis/bin
RDI_BUILD=yes
RDI_CHECK_PROG=True
RDI_DATADIR=C:/AMDDesignTools/2026.1/Vitis/data
RDI_INSTALLROOT=C:/AMDDesignTools
RDI_INSTALLVER=Vitis
RDI_INSTALLVERSION=2026.1
RDI_JAVACEFROOT=C:/AMDDesignTools/2026.1/Vitis/tps/win64/java-cef-95.0.4638.69
RDI_JAVAFXROOT=C:/AMDDesignTools/2026.1/Vitis/tps/win64/javafx-sdk-11.0.2
RDI_JAVAROOT=C:/AMDDesignTools/2026.1/Vitis/tps/win64/jre11.0.16_1
RDI_JAVA_VERSION=11.0.16_1
RDI_LIBDIR=C:/AMDDesignTools/2026.1/Vitis/lib/win64.o
RDI_MINGW_LIB=C:/AMDDesignTools/2026.1/Vitis\tps\mingw\6.2.0\win64.o\nt\bin;C:/AMDDesignTools/2026.1/Vitis\tps\mingw\6.2.0\win64.o\nt\libexec\gcc\x86_64-w64-mingw32\6.2.0
RDI_OPT_EXT=.o
RDI_OS_ARCH=64
RDI_PLATFORM=win64
RDI_PREPEND_PATH=C:/AMDDesignTools/2026.1/Vitis/bin
RDI_PROG=C:/AMDDesignTools/2026.1/Vitis/bin/unwrapped/win64.o/vitis-run.exe
RDI_PROGNAME=vitis-run.exe
RDI_SESSION_INFO=C:\AMDDesignTools\2026.1\Vitis\bin:KHANHLQ-Tue10-06-2026_16-03-20.15
RDI_SHARED_DATA=C:/AMDDesignTools/SharedData/2026.1/data
RDI_TEMPINSTALL=C:\AMDDesignTools\2026.1
RDI_TPS_ROOT=C:/AMDDesignTools/2026.1/Vivado/tps/win64
RDI_USE_JDK11=1
RDI_VERBOSE=False
RT_LIBPATH=C:/AMDDesignTools/2026.1/Vitis/scripts/rt/data
RT_TCL_PATH=C:/AMDDesignTools/2026.1/Vitis/scripts/rt/base_tcl/tcl
SESSIONNAME=Console
session_string=D:\SOCD334264\Lab_3\matrix_mult_3C_prj:KHANHLQ-Tue10-06-2026_17-59-50.24
supports_classic_ide=false
SYNTH_COMMON=C:/AMDDesignTools/2026.1/Vitis/scripts/rt/data
SystemDrive=C:
SystemRoot=C:\WINDOWS
TCL_LIBRARY=C:/AMDDesignTools/2026.1/Vitis/tps/tcl/tcl8.6
TCMALLOC_LARGE_ALLOC_REPORT_THRESHOLD=4294967296
TEMP=C:\Users\LENOVO\AppData\Local\Temp
THEIA_APP_PROJECT_PATH=C:\AMDDesignTools\2026.1\Vitis\ide\electron-app\win64\resources\app
THEIA_DEFAULT_PLUGINS=local-dir:C:\AMDDesignTools\2026.1\Vitis\ide\electron-app\win64\resources\app\plugins
THEIA_ELECTRON_TOKEN={"value":"bb14c152-6c33-4c82-8b0a-9205a0d221e1"}
THEIA_ELECTRON_VERSION=30.1.2
THEIA_PLUGINS=local-dir:C:\Users\LENOVO\.theia\plugins
TMP=C:\Users\LENOVO\AppData\Local\Temp
tooldir=tps\win64\git-2.53.0
TOOLS_CLANGD=C:/AMDDesignTools/2026.1/Vitis\win64\tools\clang-16\bin
TPS_CMAKE=C:/AMDDesignTools/2026.1/Vivado\tps\win64\cmake-4.0.1
TPS_GIT=C:/AMDDesignTools/2026.1/Vivado\tps\win64\git-2.53.0
TPS_LIBXSLT=C:/AMDDesignTools/2026.1/Vivado\tps\win64\libxslt
TPS_PYTHON=C:/AMDDesignTools/2026.1/Vivado\tps\win64\python-3.13.0
USERDOMAIN=KHANHLQ
USERDOMAIN_ROAMINGPROFILE=KHANHLQ
USERNAME=LENOVO
USERPROFILE=C:\Users\LENOVO
VALIDATE_ARGS="False"
VITISNEW=true
VITIS_HLS_INSTALL=true
VSCODE_API_VERSION=1.99.3
windir=C:\WINDOWS
XILINX_HLS=C:/AMDDesignTools/2026.1/Vitis
XILINX_PLANAHEAD=C:/AMDDesignTools/2026.1/Vitis
XILINX_SDK=C:/AMDDesignTools/2026.1/Vitis
XILINX_VERSION_DEFAULT=2026.1
XILINX_VERSION_VITIS=2026.1
XILINX_VITIS=C:/AMDDesignTools/2026.1/Vitis
XILINX_VITIS_GIT=C:/AMDDesignTools/2026.1/Vivado\tps\win64\git-2.53.0\bin
XILINX_VITIS_VERSION=Vitis v2026.1 (64-bit)
XILINX_VIVADO=C:/AMDDesignTools/2026.1/Vivado
XIL_CHECK_TCL_DEBUG=False
XIL_NO_OVERRIDE=0
XIL_SUPPRESS_OVERRIDE_WARNINGS=1
XVREDIST=C:/AMDDesignTools/2026.1/Vitis\tps\win64\xvcredist.exe
_RDI_BINROOT=C:\AMDDesignTools\2026.1\Vitis\bin
_RDI_CWD=D:\SOCD334264\Lab_3\matrix_mult_3C_prj
_RDI_DONT_SET_XILINX_AS_PATH=True
_RDI_VERSION_PROG=vitis-run
_valid=False
XILINX_CD_CONNECT_ID=62805
XILINX_CD_SESSION=de6e2cbe-c6b6-4850-8256-a29c878b6c02


VITIS-RUN command line:
------------------------------------------
C:/AMDDesignTools/2026.1/Vitis/bin/unwrapped/win64.o/vitis-run.exe --mode hls --csim --config D:\SOCD334264\Lab_3\matrix_mult_3C_prj\hls_config.cfg --work_dir matrix_mult 

FINAL PROGRAM OPTIONS
--config D:\SOCD334264\Lab_3\matrix_mult_3C_prj\hls_config.cfg
--csim
--hls.clock 5ns
--hls.package.output.format ip_catalog
--hls.package.output.syn false
--hls.syn.file ../source/tut3C/matrix_mult.cpp
--hls.syn.file ../source/tut3C/matrix_mult.h
--hls.syn.top matrix_mult
--hls.tb.file ../source/tut3C/matrix_mult_test.cpp
--mode hls
--part xc7z020clg484-1
--work_dir matrix_mult

PARSED COMMAND LINE OPTIONS
--mode hls 
--csim 
--config D:\SOCD334264\Lab_3\matrix_mult_3C_prj\hls_config.cfg 
--work_dir matrix_mult 

PARSED CONFIG FILE (1) OPTIONS
file: D:\SOCD334264\Lab_3\matrix_mult_3C_prj\hls_config.cfg
part xc7z020clg484-1 
hls.package.output.format ip_catalog 
hls.package.output.syn false 
hls.syn.top matrix_mult 
hls.syn.file ../source/tut3C/matrix_mult.cpp 
hls.syn.file ../source/tut3C/matrix_mult.h 
hls.tb.file ../source/tut3C/matrix_mult_test.cpp 
hls.clock 5ns 


==========================================
new:  steps log generated by v++ for new launch 
timestamp: 06 Oct 2026 17:59:54

------------------------------------------
V++ command line :
------------------------------------------
C:/AMDDesignTools/2026.1/Vitis/bin/unwrapped/win64.o/v++.exe -c --mode hls --config D:\SOCD334264\Lab_3\matrix_mult_3C_prj\hls_config.cfg --work_dir matrix_mult 
  Options from -O    : 
  Options from *.ini : 
  Options from Hw Platform : 

==========================================
new:  steps log generated by v++ for new launch 
timestamp: 06 Oct 2026 18:01:35

------------------------------------------
V++ command line :
------------------------------------------
C:/AMDDesignTools/2026.1/Vitis/bin/unwrapped/win64.o/v++.exe -c --mode hls --config D:\SOCD334264\Lab_3\matrix_mult_3C_prj\hls_config.cfg --work_dir matrix_mult 
  Options from -O    : 
  Options from *.ini : 
  Options from Hw Platform : 

==========================================
new:  steps log generated by v++ for new launch 
timestamp: 06 Oct 2026 18:04:27

------------------------------------------
VITIS-RUN command line :
------------------------------------------
C:/AMDDesignTools/2026.1/Vitis/bin/unwrapped/win64.o/vitis-run.exe --mode hls --cosim --config D:\SOCD334264\Lab_3\matrix_mult_3C_prj\hls_config.cfg --work_dir matrix_mult 
  Options from -O    : 
  Options from *.ini : 
  Options from Hw Platform : 

==========================================
new:  steps log generated by v++ for new launch 
timestamp: 06 Oct 2026 18:08:01
