10/06/26 17:59:51: Running xcd server. This server was built by gradle.
10/06/26 17:59:51: Server was asked to start on port: '62805'
10/06/26 17:59:51: Server is using token UUID: '8742a0f1-3297-4170-bcb3-d2a0c06b471c'
10/06/26 17:59:51: SESSION_MGR: creating session with session uuid: '6d04a3e9-ade5-4ab9-8d63-1f78fcd2ec76' and name 'default'
10/06/26 17:59:51: Attempting to start server on port '62805'
10/06/26 17:59:51: Running Dispatch Server
10/06/26 17:59:51: Version 2.2.0
10/06/26 17:59:53: Dispatch Server: Accepted socket connection from client
10/06/26 17:59:53: Starting Socket connection
10/06/26 17:59:53: EXCHANGE_TOKEN received, server token: 8742a0f1-3297-4170-bcb3-d2a0c06b471c, passed token: 8742a0f1-3297-4170-bcb3-d2a0c06b471c
10/06/26 17:59:54: DISPATCH_HANDLER: Adding handler from function makeHandler in library xv_system_diagram
10/06/26 17:59:54: SESSION_MGR: creating session with session uuid: 'de6e2cbe-c6b6-4850-8256-a29c878b6c02' and name 'vitis-run_compile_matrix_mult'
10/06/26 17:59:54: KERNEL_SVC: creating session with uuid: 'de6e2cbe-c6b6-4850-8256-a29c878b6c02' and name 'vitis-run_compile_matrix_mult'
10/06/26 17:59:54: GUIDANCE_SMGR: creating guidance session with uuid: 'de6e2cbe-c6b6-4850-8256-a29c878b6c02' and name 'vitis-run_compile_matrix_mult'
10/06/26 17:59:54: SYSTEM_DIAGRAM: creating session with uuid: 'de6e2cbe-c6b6-4850-8256-a29c878b6c02' and name 'vitis-run_compile_matrix_mult'
10/06/26 18:00:00: Dispatch Server: Accepted socket connection from client
10/06/26 18:00:00: Starting Socket connection
10/06/26 18:00:02: SESSION_MGR: closing session for UUID 'de6e2cbe-c6b6-4850-8256-a29c878b6c02' with name 'vitis-run_compile_matrix_mult'
10/06/26 18:00:02: KERNEL_SVC: closing session for UUID 'de6e2cbe-c6b6-4850-8256-a29c878b6c02' with name 'vitis-run_compile_matrix_mult'
10/06/26 18:00:02: GUIDANCE_SMGR: closing session for UUID 'de6e2cbe-c6b6-4850-8256-a29c878b6c02' with name 'vitis-run_compile_matrix_mult'
10/06/26 18:00:02: SYSTEM_DIAGRAM: closing session for UUID 'de6e2cbe-c6b6-4850-8256-a29c878b6c02' with name 'vitis-run_compile_matrix_mult'
10/06/26 18:00:02: STOP_SERVER received, server token: 8742a0f1-3297-4170-bcb3-d2a0c06b471c, passed token: 8742a0f1-3297-4170-bcb3-d2a0c06b471c
10/06/26 18:00:02: Socket received request to stop server.
10/06/26 18:00:02: Dispatch Server: do_await_stop
10/06/26 18:00:02: SERVER: destructor for server bound to port 62805
10/06/26 18:01:33: Running xcd server. This server was built by gradle.
10/06/26 18:01:33: Server was asked to start on port: '59882'
10/06/26 18:01:33: Server is using token UUID: '86e83721-ac18-40ea-b813-87692e5b6b1c'
10/06/26 18:01:33: SESSION_MGR: creating session with session uuid: '6d04a3e9-ade5-4ab9-8d63-1f78fcd2ec76' and name 'default'
10/06/26 18:01:33: Attempting to start server on port '59882'
10/06/26 18:01:33: Running Dispatch Server
10/06/26 18:01:33: Version 2.2.0
10/06/26 18:01:35: Dispatch Server: Accepted socket connection from client
10/06/26 18:01:35: Starting Socket connection
10/06/26 18:01:35: EXCHANGE_TOKEN received, server token: 86e83721-ac18-40ea-b813-87692e5b6b1c, passed token: 86e83721-ac18-40ea-b813-87692e5b6b1c
10/06/26 18:01:35: DISPATCH_HANDLER: Adding handler from function makeHandler in library xv_system_diagram
10/06/26 18:01:35: SESSION_MGR: creating session with session uuid: '0a0a46c2-5fc9-476e-8bf7-ca66a117d6ae' and name 'v++_compile_matrix_mult'
10/06/26 18:01:35: KERNEL_SVC: creating session with uuid: '0a0a46c2-5fc9-476e-8bf7-ca66a117d6ae' and name 'v++_compile_matrix_mult'
10/06/26 18:01:35: GUIDANCE_SMGR: creating guidance session with uuid: '0a0a46c2-5fc9-476e-8bf7-ca66a117d6ae' and name 'v++_compile_matrix_mult'
10/06/26 18:01:35: SYSTEM_DIAGRAM: creating session with uuid: '0a0a46c2-5fc9-476e-8bf7-ca66a117d6ae' and name 'v++_compile_matrix_mult'
10/06/26 18:01:40: Dispatch Server: Accepted socket connection from client
10/06/26 18:01:40: Starting Socket connection
10/06/26 18:01:59: SESSION_MGR: closing session for UUID '0a0a46c2-5fc9-476e-8bf7-ca66a117d6ae' with name 'v++_compile_matrix_mult'
10/06/26 18:01:59: KERNEL_SVC: closing session for UUID '0a0a46c2-5fc9-476e-8bf7-ca66a117d6ae' with name 'v++_compile_matrix_mult'
10/06/26 18:01:59: GUIDANCE_SMGR: closing session for UUID '0a0a46c2-5fc9-476e-8bf7-ca66a117d6ae' with name 'v++_compile_matrix_mult'
10/06/26 18:01:59: SYSTEM_DIAGRAM: closing session for UUID '0a0a46c2-5fc9-476e-8bf7-ca66a117d6ae' with name 'v++_compile_matrix_mult'
10/06/26 18:01:59: STOP_SERVER received, server token: 86e83721-ac18-40ea-b813-87692e5b6b1c, passed token: 86e83721-ac18-40ea-b813-87692e5b6b1c
10/06/26 18:01:59: Socket received request to stop server.
10/06/26 18:01:59: Dispatch Server: do_await_stop
10/06/26 18:01:59: SERVER: destructor for server bound to port 59882
10/06/26 18:04:24: Running xcd server. This server was built by gradle.
10/06/26 18:04:24: Server was asked to start on port: '62794'
10/06/26 18:04:24: Server is using token UUID: '7df748c6-82fd-434e-ba10-94fc4c8067aa'
10/06/26 18:04:24: SESSION_MGR: creating session with session uuid: '6d04a3e9-ade5-4ab9-8d63-1f78fcd2ec76' and name 'default'
10/06/26 18:04:24: Attempting to start server on port '62794'
10/06/26 18:04:24: Running Dispatch Server
10/06/26 18:04:24: Version 2.2.0
10/06/26 18:04:27: Dispatch Server: Accepted socket connection from client
10/06/26 18:04:27: Starting Socket connection
10/06/26 18:04:27: EXCHANGE_TOKEN received, server token: 7df748c6-82fd-434e-ba10-94fc4c8067aa, passed token: 7df748c6-82fd-434e-ba10-94fc4c8067aa
10/06/26 18:04:27: DISPATCH_HANDLER: Adding handler from function makeHandler in library xv_system_diagram
10/06/26 18:04:27: SESSION_MGR: creating session with session uuid: '95293f67-41ec-46a7-9fd8-569cd44f869d' and name 'v++_compile_matrix_mult'
10/06/26 18:04:27: KERNEL_SVC: creating session with uuid: '95293f67-41ec-46a7-9fd8-569cd44f869d' and name 'v++_compile_matrix_mult'
10/06/26 18:04:27: GUIDANCE_SMGR: creating guidance session with uuid: '95293f67-41ec-46a7-9fd8-569cd44f869d' and name 'v++_compile_matrix_mult'
10/06/26 18:04:27: SYSTEM_DIAGRAM: creating session with uuid: '95293f67-41ec-46a7-9fd8-569cd44f869d' and name 'v++_compile_matrix_mult'
10/06/26 18:04:32: Dispatch Server: Accepted socket connection from client
10/06/26 18:04:32: Starting Socket connection
10/06/26 18:04:48: SESSION_MGR: closing session for UUID '95293f67-41ec-46a7-9fd8-569cd44f869d' with name 'v++_compile_matrix_mult'
10/06/26 18:04:48: KERNEL_SVC: closing session for UUID '95293f67-41ec-46a7-9fd8-569cd44f869d' with name 'v++_compile_matrix_mult'
10/06/26 18:04:48: GUIDANCE_SMGR: closing session for UUID '95293f67-41ec-46a7-9fd8-569cd44f869d' with name 'v++_compile_matrix_mult'
10/06/26 18:04:48: SYSTEM_DIAGRAM: closing session for UUID '95293f67-41ec-46a7-9fd8-569cd44f869d' with name 'v++_compile_matrix_mult'
10/06/26 18:04:48: STOP_SERVER received, server token: 7df748c6-82fd-434e-ba10-94fc4c8067aa, passed token: 7df748c6-82fd-434e-ba10-94fc4c8067aa
10/06/26 18:04:48: Socket received request to stop server.
10/06/26 18:04:48: Dispatch Server: do_await_stop
10/06/26 18:04:48: SERVER: destructor for server bound to port 62794
10/06/26 18:07:58: Running xcd server. This server was built by gradle.
10/06/26 18:07:58: Server was asked to start on port: '50098'
10/06/26 18:07:58: Server is using token UUID: 'ed7b84ff-c395-48ce-bf84-b6297afde218'
10/06/26 18:07:58: SESSION_MGR: creating session with session uuid: '6d04a3e9-ade5-4ab9-8d63-1f78fcd2ec76' and name 'default'
10/06/26 18:07:58: Attempting to start server on port '50098'
10/06/26 18:07:58: Running Dispatch Server
10/06/26 18:07:58: Version 2.2.0
10/06/26 18:08:00: Dispatch Server: Accepted socket connection from client
10/06/26 18:08:00: Starting Socket connection
10/06/26 18:08:00: EXCHANGE_TOKEN received, server token: ed7b84ff-c395-48ce-bf84-b6297afde218, passed token: ed7b84ff-c395-48ce-bf84-b6297afde218
10/06/26 18:08:01: DISPATCH_HANDLER: Adding handler from function makeHandler in library xv_system_diagram
10/06/26 18:08:01: SESSION_MGR: creating session with session uuid: '880b5166-4d3a-4922-b7db-477348d45511' and name 'vitis-run_compile_matrix_mult'
10/06/26 18:08:01: KERNEL_SVC: creating session with uuid: '880b5166-4d3a-4922-b7db-477348d45511' and name 'vitis-run_compile_matrix_mult'
10/06/26 18:08:01: GUIDANCE_SMGR: creating guidance session with uuid: '880b5166-4d3a-4922-b7db-477348d45511' and name 'vitis-run_compile_matrix_mult'
10/06/26 18:08:01: SYSTEM_DIAGRAM: creating session with uuid: '880b5166-4d3a-4922-b7db-477348d45511' and name 'vitis-run_compile_matrix_mult'
10/06/26 18:08:06: Dispatch Server: Accepted socket connection from client
10/06/26 18:08:06: Starting Socket connection
10/06/26 18:08:56: SESSION_MGR: closing session for UUID '880b5166-4d3a-4922-b7db-477348d45511' with name 'vitis-run_compile_matrix_mult'
10/06/26 18:08:56: KERNEL_SVC: closing session for UUID '880b5166-4d3a-4922-b7db-477348d45511' with name 'vitis-run_compile_matrix_mult'
10/06/26 18:08:56: GUIDANCE_SMGR: closing session for UUID '880b5166-4d3a-4922-b7db-477348d45511' with name 'vitis-run_compile_matrix_mult'
10/06/26 18:08:56: SYSTEM_DIAGRAM: closing session for UUID '880b5166-4d3a-4922-b7db-477348d45511' with name 'vitis-run_compile_matrix_mult'
10/06/26 18:08:56: STOP_SERVER received, server token: ed7b84ff-c395-48ce-bf84-b6297afde218, passed token: ed7b84ff-c395-48ce-bf84-b6297afde218
10/06/26 18:08:56: Socket received request to stop server.
10/06/26 18:08:56: Dispatch Server: do_await_stop
10/06/26 18:08:56: SERVER: destructor for server bound to port 50098
