

================================================================
== Vitis HLS Report for 'matrix_mult'
================================================================
* Date:           Tue Oct  6 17:47:53 2026

* Version:        2026.1 (Build 6493734 on Jun 16 2026)
* Project:        matrix_mult
* Solution:       hls
* Product family: zynq
* Target device:  xc7z020-clg484-1


================================================================
== Performance Estimates
================================================================
+ Timing: 
    * Summary: 
    +--------+---------+----------+------------+
    |  Clock |  Target | Estimated| Uncertainty|
    +--------+---------+----------+------------+
    |ap_clk  |  5.00 ns|  9.412 ns|     1.35 ns|
    +--------+---------+----------+------------+

+ Latency: 
    * Summary: 
    +---------+---------+----------+----------+-----+-----+-----------------------------------------+
    |  Latency (cycles) |  Latency (absolute) |  Interval |                 Pipeline                |
    |   min   |   max   |    min   |    max   | min | max |                   Type                  |
    +---------+---------+----------+----------+-----+-----+-----------------------------------------+
    |      132|      132|  1.242 us|  1.242 us|  130|  130|  loop auto-rewind stp (delay=5 cycle(s))|
    +---------+---------+----------+----------+-----+-----+-----------------------------------------+

    + Detail: 
        * Instance: 
        N/A

        * Loop: 
        +-------------------+---------+---------+----------+-----------+-----------+------+----------+
        |                   |  Latency (cycles) | Iteration|  Initiation Interval  | Trip |          |
        |     Loop Name     |   min   |   max   |  Latency |  achieved |   target  | Count| Pipelined|
        +-------------------+---------+---------+----------+-----------+-----------+------+----------+
        |- Row_Col_Product  |      130|      130|         7|          1|          1|   125|       yes|
        +-------------------+---------+---------+----------+-----------+-----------+------+----------+

============================================================
+ Verbose Summary: Synthesis Manager
============================================================
InlineROM: 1
ExposeGlobal: 0
============================================================
+ Verbose Summary: CDFG Model
============================================================
IsTopModel: 1
ResetActiveHigh: 1
IsCombinational: 2
IsDatapathOnly: 0
HasWiredReturn: 1
HasMFsm: 2
HasVarLatency: 1
IsPipeline: 0
IsRtlPipelined: 0
IsInstanceOverlapped: 0
IsDontTouch: 0
HasImplIP: 0
IsGatedGlobalClock: 0

+ Individual pipeline summary: 
  * Pipeline-0: initiation interval (II) = 1, depth = 7


============================================================
+ Verbose Summary: Schedule
============================================================
* Number of FSM states : 7
* Pipeline : 1
  Pipeline-0 : II = 1, D = 7, States = { 1 2 3 4 5 6 7 }
* Dataflow Pipeline: 0

* FSM state transitions: 
1 --> 2 
2 --> 3 
3 --> 4 
4 --> 5 
5 --> 6 
6 --> 7 
7 --> 

* FSM state operations: 

State 1 <SV = 0> <Delay = 1.58>
ST_1 : Operation 10 [1/1] (0.00ns)   --->   "%indvar_flatten131 = alloca i32 1"   --->   Operation 10 'alloca' 'indvar_flatten131' <Predicate = true> <Delay = 0.00>
ST_1 : Operation 11 [1/1] (0.00ns)   --->   "%i = alloca i32 1" [../source/tut3B/matrix_mult.cpp:9]   --->   Operation 11 'alloca' 'i' <Predicate = true> <Delay = 0.00>
ST_1 : Operation 12 [1/1] (0.00ns)   --->   "%indvar_flatten3 = alloca i32 1"   --->   Operation 12 'alloca' 'indvar_flatten3' <Predicate = true> <Delay = 0.00>
ST_1 : Operation 13 [1/1] (0.00ns)   --->   "%j = alloca i32 1" [../source/tut3B/matrix_mult.cpp:12]   --->   Operation 13 'alloca' 'j' <Predicate = true> <Delay = 0.00>
ST_1 : Operation 14 [1/1] (0.00ns)   --->   "%k = alloca i32 1" [../source/tut3B/matrix_mult.cpp:17]   --->   Operation 14 'alloca' 'k' <Predicate = true> <Delay = 0.00>
ST_1 : Operation 15 [1/1] (0.00ns)   --->   "%empty = alloca i32 1"   --->   Operation 15 'alloca' 'empty' <Predicate = true> <Delay = 0.00>
ST_1 : Operation 16 [1/1] (0.00ns)   --->   "%spectopmodule_ln3 = spectopmodule void @_ssdm_op_SpecTopModule, void @empty_1" [../source/tut3B/matrix_mult.cpp:3]   --->   Operation 16 'spectopmodule' 'spectopmodule_ln3' <Predicate = true> <Delay = 0.00>
ST_1 : Operation 17 [1/1] (0.00ns)   --->   "%specinterface_ln0 = specinterface void @_ssdm_op_SpecInterface, i8 %a, void @empty, i32 0, i32 0, void @empty_0, i32 4294967295, i32 0, void @empty_0, void @empty_0, void @empty_0, i32 0, i32 0, i32 0, i32 0, void @empty_0, void @empty_0, i32 4294967295, i32 0, i32 0, i32 0"   --->   Operation 17 'specinterface' 'specinterface_ln0' <Predicate = true> <Delay = 0.00>
ST_1 : Operation 18 [1/1] (0.00ns)   --->   "%specbitsmap_ln0 = specbitsmap void @_ssdm_op_SpecBitsMap, i8 %a"   --->   Operation 18 'specbitsmap' 'specbitsmap_ln0' <Predicate = true> <Delay = 0.00>
ST_1 : Operation 19 [1/1] (0.00ns)   --->   "%specinterface_ln0 = specinterface void @_ssdm_op_SpecInterface, i8 %b, void @empty, i32 0, i32 0, void @empty_0, i32 4294967295, i32 0, void @empty_0, void @empty_0, void @empty_0, i32 0, i32 0, i32 0, i32 0, void @empty_0, void @empty_0, i32 4294967295, i32 0, i32 0, i32 0"   --->   Operation 19 'specinterface' 'specinterface_ln0' <Predicate = true> <Delay = 0.00>
ST_1 : Operation 20 [1/1] (0.00ns)   --->   "%specbitsmap_ln0 = specbitsmap void @_ssdm_op_SpecBitsMap, i8 %b"   --->   Operation 20 'specbitsmap' 'specbitsmap_ln0' <Predicate = true> <Delay = 0.00>
ST_1 : Operation 21 [1/1] (0.00ns)   --->   "%specinterface_ln0 = specinterface void @_ssdm_op_SpecInterface, i16 %prod, void @empty, i32 0, i32 0, void @empty_0, i32 4294967295, i32 0, void @empty_0, void @empty_0, void @empty_0, i32 0, i32 0, i32 0, i32 0, void @empty_0, void @empty_0, i32 4294967295, i32 0, i32 0, i32 0"   --->   Operation 21 'specinterface' 'specinterface_ln0' <Predicate = true> <Delay = 0.00>
ST_1 : Operation 22 [1/1] (0.00ns)   --->   "%specbitsmap_ln0 = specbitsmap void @_ssdm_op_SpecBitsMap, i16 %prod"   --->   Operation 22 'specbitsmap' 'specbitsmap_ln0' <Predicate = true> <Delay = 0.00>
ST_1 : Operation 23 [1/1] (1.58ns)   --->   "%store_ln0 = store i16 0, i16 %empty"   --->   Operation 23 'store' 'store_ln0' <Predicate = true> <Delay = 1.58>
ST_1 : Operation 24 [1/1] (1.58ns)   --->   "%store_ln17 = store i3 0, i3 %k" [../source/tut3B/matrix_mult.cpp:17]   --->   Operation 24 'store' 'store_ln17' <Predicate = true> <Delay = 1.58>
ST_1 : Operation 25 [1/1] (1.58ns)   --->   "%store_ln12 = store i3 0, i3 %j" [../source/tut3B/matrix_mult.cpp:12]   --->   Operation 25 'store' 'store_ln12' <Predicate = true> <Delay = 1.58>
ST_1 : Operation 26 [1/1] (1.58ns)   --->   "%store_ln0 = store i6 0, i6 %indvar_flatten3"   --->   Operation 26 'store' 'store_ln0' <Predicate = true> <Delay = 1.58>
ST_1 : Operation 27 [1/1] (1.58ns)   --->   "%store_ln9 = store i3 0, i3 %i" [../source/tut3B/matrix_mult.cpp:9]   --->   Operation 27 'store' 'store_ln9' <Predicate = true> <Delay = 1.58>
ST_1 : Operation 28 [1/1] (1.58ns)   --->   "%store_ln0 = store i7 0, i7 %indvar_flatten131"   --->   Operation 28 'store' 'store_ln0' <Predicate = true> <Delay = 1.58>
ST_1 : Operation 29 [1/1] (1.58ns)   --->   "%br_ln0 = br void %for.inc29"   --->   Operation 29 'br' 'br_ln0' <Predicate = true> <Delay = 1.58>

State 2 <SV = 1> <Delay = 6.17>
ST_2 : Operation 30 [1/1] (0.00ns)   --->   "%icmp_ln127 = phi i1 0, void %entry, i1 %icmp_ln12, void %new.latch.for.inc.split" [../source/tut3B/matrix_mult.cpp:12]   --->   Operation 30 'phi' 'icmp_ln127' <Predicate = true> <Delay = 0.00>
ST_2 : Operation 31 [1/1] (0.00ns)   --->   "%icmp_ln176 = phi i1 0, void %entry, i1 %icmp_ln17, void %new.latch.for.inc.split" [../source/tut3B/matrix_mult.cpp:17]   --->   Operation 31 'phi' 'icmp_ln176' <Predicate = true> <Delay = 0.00>
ST_2 : Operation 32 [1/1] (0.00ns)   --->   "%indvar_flatten131_load = load i7 %indvar_flatten131" [../source/tut3B/matrix_mult.cpp:9]   --->   Operation 32 'load' 'indvar_flatten131_load' <Predicate = true> <Delay = 0.00>
ST_2 : Operation 33 [1/1] (0.00ns)   --->   "%i_1 = load i3 %i" [../source/tut3B/matrix_mult.cpp:9]   --->   Operation 33 'load' 'i_1' <Predicate = true> <Delay = 0.00>
ST_2 : Operation 34 [1/1] (0.00ns)   --->   "%indvar_flatten3_load = load i6 %indvar_flatten3" [../source/tut3B/matrix_mult.cpp:12]   --->   Operation 34 'load' 'indvar_flatten3_load' <Predicate = true> <Delay = 0.00>
ST_2 : Operation 35 [1/1] (0.00ns)   --->   "%k_1 = load i3 %k"   --->   Operation 35 'load' 'k_1' <Predicate = true> <Delay = 0.00>
ST_2 : Operation 36 [1/1] (0.00ns) (grouped into LUT with out node and_ln9)   --->   "%xor_ln9 = xor i1 %icmp_ln127, i1 1" [../source/tut3B/matrix_mult.cpp:9]   --->   Operation 36 'xor' 'xor_ln9' <Predicate = true> <Delay = 0.00> <CoreInst = "LogicGate">   --->   Core 74 'LogicGate' <Latency = 0> <II = 1> <Delay = 0.97> <FuncUnit> <Opcode : 'and' 'or' 'xor'> <InPorts = 2> <OutPorts = 1>
ST_2 : Operation 37 [1/1] (0.97ns) (out node of the LUT)   --->   "%and_ln9 = and i1 %icmp_ln176, i1 %xor_ln9" [../source/tut3B/matrix_mult.cpp:9]   --->   Operation 37 'and' 'and_ln9' <Predicate = true> <Delay = 0.97> <CoreInst = "LogicGate">   --->   Core 74 'LogicGate' <Latency = 0> <II = 1> <Delay = 0.97> <FuncUnit> <Opcode : 'and' 'or' 'xor'> <InPorts = 2> <OutPorts = 1>
ST_2 : Operation 38 [1/1] (0.00ns) (grouped into LUT with out node i_3)   --->   "%empty_5 = select i1 %icmp_ln127, i3 1, i3 0" [../source/tut3B/matrix_mult.cpp:12]   --->   Operation 38 'select' 'empty_5' <Predicate = true> <Delay = 0.00> <CoreInst = "Sel">   --->   Core 73 'Sel' <Latency = 0> <II = 1> <Delay = 0.99> <FuncUnit> <Opcode : 'select'> <InPorts = 3> <OutPorts = 1>
ST_2 : Operation 39 [1/1] (1.65ns) (out node of the LUT)   --->   "%i_3 = add i3 %i_1, i3 %empty_5" [../source/tut3B/matrix_mult.cpp:9]   --->   Operation 39 'add' 'i_3' <Predicate = true> <Delay = 1.65> <CoreInst = "Adder">   --->   Core 1 'Adder' <Latency = 0> <II = 1> <Delay = 1.65> <FuncUnit> <Opcode : 'add' 'sub'> <InPorts = 2> <OutPorts = 1>
ST_2 : Operation 40 [1/1] (0.97ns)   --->   "%empty_6 = or i1 %and_ln9, i1 %icmp_ln127" [../source/tut3B/matrix_mult.cpp:9]   --->   Operation 40 'or' 'empty_6' <Predicate = true> <Delay = 0.97> <CoreInst = "LogicGate">   --->   Core 74 'LogicGate' <Latency = 0> <II = 1> <Delay = 0.97> <FuncUnit> <Opcode : 'and' 'or' 'xor'> <InPorts = 2> <OutPorts = 1>
ST_2 : Operation 41 [1/1] (0.98ns)   --->   "%k_mid2 = select i1 %empty_6, i3 0, i3 %k_1" [../source/tut3B/matrix_mult.cpp:9]   --->   Operation 41 'select' 'k_mid2' <Predicate = true> <Delay = 0.98> <CoreInst = "Sel">   --->   Core 73 'Sel' <Latency = 0> <II = 1> <Delay = 0.98> <FuncUnit> <Opcode : 'select'> <InPorts = 3> <OutPorts = 1>
ST_2 : Operation 42 [1/1] (0.00ns)   --->   "%zext_ln12 = zext i3 %i_3" [../source/tut3B/matrix_mult.cpp:12]   --->   Operation 42 'zext' 'zext_ln12' <Predicate = true> <Delay = 0.00>
ST_2 : Operation 43 [1/1] (0.00ns)   --->   "%tmp = bitconcatenate i5 @_ssdm_op_BitConcatenate.i5.i3.i2, i3 %i_3, i2 0" [../source/tut3B/matrix_mult.cpp:20]   --->   Operation 43 'bitconcatenate' 'tmp' <Predicate = true> <Delay = 0.00>
ST_2 : Operation 44 [1/1] (1.78ns)   --->   "%add_ln12_2 = add i5 %tmp, i5 %zext_ln12" [../source/tut3B/matrix_mult.cpp:12]   --->   Operation 44 'add' 'add_ln12_2' <Predicate = true> <Delay = 1.78> <CoreInst = "Adder">   --->   Core 1 'Adder' <Latency = 0> <II = 1> <Delay = 1.78> <FuncUnit> <Opcode : 'add' 'sub'> <InPorts = 2> <OutPorts = 1>
ST_2 : Operation 45 [1/1] (0.00ns)   --->   "%zext_ln20_2 = zext i3 %k_mid2" [../source/tut3B/matrix_mult.cpp:20]   --->   Operation 45 'zext' 'zext_ln20_2' <Predicate = true> <Delay = 0.00>
ST_2 : Operation 46 [1/1] (1.78ns)   --->   "%add_ln20_2 = add i5 %add_ln12_2, i5 %zext_ln20_2" [../source/tut3B/matrix_mult.cpp:20]   --->   Operation 46 'add' 'add_ln20_2' <Predicate = true> <Delay = 1.78> <CoreInst = "Adder">   --->   Core 1 'Adder' <Latency = 0> <II = 1> <Delay = 1.78> <FuncUnit> <Opcode : 'add' 'sub'> <InPorts = 2> <OutPorts = 1>
ST_2 : Operation 47 [1/1] (0.00ns)   --->   "%zext_ln20_3 = zext i5 %add_ln20_2" [../source/tut3B/matrix_mult.cpp:20]   --->   Operation 47 'zext' 'zext_ln20_3' <Predicate = true> <Delay = 0.00>
ST_2 : Operation 48 [1/1] (0.00ns)   --->   "%a_addr = getelementptr i8 %a, i64 0, i64 %zext_ln20_3" [../source/tut3B/matrix_mult.cpp:20]   --->   Operation 48 'getelementptr' 'a_addr' <Predicate = true> <Delay = 0.00>
ST_2 : Operation 49 [2/2] (0.00ns)   --->   "%a_load = load i5 %a_addr" [../source/tut3B/matrix_mult.cpp:20]   --->   Operation 49 'load' 'a_load' <Predicate = true> <Delay = 0.00> <CoreInst = "RAM">   --->   Core 81 'RAM' <Latency = 1> <II = 1> <Delay = 2.32> <Storage> <Opcode : 'load' 'store'> <Ports = 2> <Width = 8> <Depth = 25> <RAM>
ST_2 : Operation 50 [1/1] (1.65ns)   --->   "%k_3 = add i3 %k_mid2, i3 1" [../source/tut3B/matrix_mult.cpp:17]   --->   Operation 50 'add' 'k_3' <Predicate = true> <Delay = 1.65> <CoreInst = "Adder">   --->   Core 1 'Adder' <Latency = 0> <II = 1> <Delay = 1.65> <FuncUnit> <Opcode : 'add' 'sub'> <InPorts = 2> <OutPorts = 1>
ST_2 : Operation 51 [1/1] (1.87ns)   --->   "%add_ln9_1 = add i7 %indvar_flatten131_load, i7 1" [../source/tut3B/matrix_mult.cpp:9]   --->   Operation 51 'add' 'add_ln9_1' <Predicate = true> <Delay = 1.87> <CoreInst = "Adder">   --->   Core 1 'Adder' <Latency = 0> <II = 1> <Delay = 1.87> <FuncUnit> <Opcode : 'add' 'sub'> <InPorts = 2> <OutPorts = 1>
ST_2 : Operation 52 [1/1] (1.82ns)   --->   "%add_ln12_1 = add i6 %indvar_flatten3_load, i6 1" [../source/tut3B/matrix_mult.cpp:12]   --->   Operation 52 'add' 'add_ln12_1' <Predicate = true> <Delay = 1.82> <CoreInst = "Adder">   --->   Core 1 'Adder' <Latency = 0> <II = 1> <Delay = 1.82> <FuncUnit> <Opcode : 'add' 'sub'> <InPorts = 2> <OutPorts = 1>
ST_2 : Operation 53 [1/1] (1.18ns)   --->   "%select_ln12 = select i1 %icmp_ln127, i6 1, i6 %add_ln12_1" [../source/tut3B/matrix_mult.cpp:12]   --->   Operation 53 'select' 'select_ln12' <Predicate = true> <Delay = 1.18> <CoreInst = "Sel">   --->   Core 73 'Sel' <Latency = 0> <II = 1> <Delay = 1.18> <FuncUnit> <Opcode : 'select'> <InPorts = 3> <OutPorts = 1>
ST_2 : Operation 54 [1/1] (1.82ns)   --->   "%icmp_ln12 = icmp_eq  i6 %select_ln12, i6 25" [../source/tut3B/matrix_mult.cpp:12]   --->   Operation 54 'icmp' 'icmp_ln12' <Predicate = true> <Delay = 1.82> <CoreInst = "Cmp">   --->   Core 9 'Cmp' <Latency = 0> <II = 1> <Delay = 1.82> <FuncUnit> <Opcode : 'seteq' 'setne' 'setle' 'setge' 'setlt' 'setgt'> <InPorts = 2> <OutPorts = 1>
ST_2 : Operation 55 [1/1] (1.87ns)   --->   "%icmp_ln9 = icmp_eq  i7 %indvar_flatten131_load, i7 124" [../source/tut3B/matrix_mult.cpp:9]   --->   Operation 55 'icmp' 'icmp_ln9' <Predicate = true> <Delay = 1.87> <CoreInst = "Cmp">   --->   Core 9 'Cmp' <Latency = 0> <II = 1> <Delay = 1.87> <FuncUnit> <Opcode : 'seteq' 'setne' 'setle' 'setge' 'setlt' 'setgt'> <InPorts = 2> <OutPorts = 1>
ST_2 : Operation 56 [1/1] (1.58ns)   --->   "%store_ln17 = store i3 %k_3, i3 %k" [../source/tut3B/matrix_mult.cpp:17]   --->   Operation 56 'store' 'store_ln17' <Predicate = true> <Delay = 1.58>
ST_2 : Operation 57 [1/1] (1.58ns)   --->   "%store_ln12 = store i6 %select_ln12, i6 %indvar_flatten3" [../source/tut3B/matrix_mult.cpp:12]   --->   Operation 57 'store' 'store_ln12' <Predicate = true> <Delay = 1.58>
ST_2 : Operation 58 [1/1] (1.58ns)   --->   "%store_ln9 = store i3 %i_3, i3 %i" [../source/tut3B/matrix_mult.cpp:9]   --->   Operation 58 'store' 'store_ln9' <Predicate = true> <Delay = 1.58>
ST_2 : Operation 59 [1/1] (1.58ns)   --->   "%store_ln9 = store i7 %add_ln9_1, i7 %indvar_flatten131" [../source/tut3B/matrix_mult.cpp:9]   --->   Operation 59 'store' 'store_ln9' <Predicate = true> <Delay = 1.58>
ST_2 : Operation 60 [1/1] (0.00ns)   --->   "%br_ln9 = br i1 %icmp_ln9, void %for.inc29, void %for.end31" [../source/tut3B/matrix_mult.cpp:9]   --->   Operation 60 'br' 'br_ln9' <Predicate = true> <Delay = 0.00>

State 3 <SV = 2> <Delay = 9.41>
ST_3 : Operation 61 [1/1] (0.00ns)   --->   "%j_1 = load i3 %j" [../source/tut3B/matrix_mult.cpp:9]   --->   Operation 61 'load' 'j_1' <Predicate = true> <Delay = 0.00>
ST_3 : Operation 62 [1/1] (0.00ns) (grouped into LUT with out node j_3)   --->   "%select_ln9 = select i1 %icmp_ln127, i3 0, i3 %j_1" [../source/tut3B/matrix_mult.cpp:9]   --->   Operation 62 'select' 'select_ln9' <Predicate = true> <Delay = 0.00> <CoreInst = "Sel">   --->   Core 73 'Sel' <Latency = 0> <II = 1> <Delay = 0.98> <FuncUnit> <Opcode : 'select'> <InPorts = 3> <OutPorts = 1>
ST_3 : Operation 63 [1/1] (0.00ns) (grouped into LUT with out node j_3)   --->   "%empty_7 = select i1 %and_ln9, i3 1, i3 0" [../source/tut3B/matrix_mult.cpp:9]   --->   Operation 63 'select' 'empty_7' <Predicate = true> <Delay = 0.00> <CoreInst = "Sel">   --->   Core 73 'Sel' <Latency = 0> <II = 1> <Delay = 0.99> <FuncUnit> <Opcode : 'select'> <InPorts = 3> <OutPorts = 1>
ST_3 : Operation 64 [1/1] (1.65ns) (out node of the LUT)   --->   "%j_3 = add i3 %select_ln9, i3 %empty_7" [../source/tut3B/matrix_mult.cpp:12]   --->   Operation 64 'add' 'j_3' <Predicate = true> <Delay = 1.65> <CoreInst = "Adder">   --->   Core 1 'Adder' <Latency = 0> <II = 1> <Delay = 1.65> <FuncUnit> <Opcode : 'add' 'sub'> <InPorts = 2> <OutPorts = 1>
ST_3 : Operation 65 [1/1] (0.00ns)   --->   "%zext_ln20 = zext i3 %j_3" [../source/tut3B/matrix_mult.cpp:20]   --->   Operation 65 'zext' 'zext_ln20' <Predicate = true> <Delay = 0.00>
ST_3 : Operation 66 [1/1] (1.78ns)   --->   "%add_ln20_1 = add i5 %add_ln12_2, i5 %zext_ln20" [../source/tut3B/matrix_mult.cpp:20]   --->   Operation 66 'add' 'add_ln20_1' <Predicate = true> <Delay = 1.78> <CoreInst = "Adder">   --->   Core 1 'Adder' <Latency = 0> <II = 1> <Delay = 1.78> <FuncUnit> <Opcode : 'add' 'sub'> <InPorts = 2> <OutPorts = 1>
ST_3 : Operation 67 [1/1] (0.00ns)   --->   "%tmp_1 = bitconcatenate i5 @_ssdm_op_BitConcatenate.i5.i3.i2, i3 %k_mid2, i2 0" [../source/tut3B/matrix_mult.cpp:20]   --->   Operation 67 'bitconcatenate' 'tmp_1' <Predicate = true> <Delay = 0.00>
ST_3 : Operation 68 [1/1] (0.00ns) (grouped into TernaryAdder)   --->   "%add_ln20_4 = add i5 %tmp_1, i5 %zext_ln20_2" [../source/tut3B/matrix_mult.cpp:20]   --->   Operation 68 'add' 'add_ln20_4' <Predicate = true> <Delay = 0.00> <CoreInst = "TAddSub">   --->   Core 10 'TAddSub' <Latency = 0> <II = 1> <Delay = 1.70> <IPBlock> <Opcode : 'add' 'sub'> <InPorts = 3> <OutPorts = 1> <Sync> <CReg>
ST_3 : Operation 69 [1/1] (3.40ns) (root node of TernaryAdder)   --->   "%add_ln20_3 = add i5 %add_ln20_4, i5 %zext_ln20" [../source/tut3B/matrix_mult.cpp:20]   --->   Operation 69 'add' 'add_ln20_3' <Predicate = true> <Delay = 3.40> <CoreInst = "TAddSub">   --->   Core 10 'TAddSub' <Latency = 0> <II = 1> <Delay = 1.70> <IPBlock> <Opcode : 'add' 'sub'> <InPorts = 3> <OutPorts = 1> <Sync> <CReg>
ST_3 : Operation 70 [1/1] (0.00ns)   --->   "%zext_ln20_4 = zext i5 %add_ln20_3" [../source/tut3B/matrix_mult.cpp:20]   --->   Operation 70 'zext' 'zext_ln20_4' <Predicate = true> <Delay = 0.00>
ST_3 : Operation 71 [1/1] (0.00ns)   --->   "%b_addr = getelementptr i8 %b, i64 0, i64 %zext_ln20_4" [../source/tut3B/matrix_mult.cpp:20]   --->   Operation 71 'getelementptr' 'b_addr' <Predicate = true> <Delay = 0.00>
ST_3 : Operation 72 [1/2] ( I:0.00ns O:0.00ns )   --->   "%a_load = load i5 %a_addr" [../source/tut3B/matrix_mult.cpp:20]   --->   Operation 72 'load' 'a_load' <Predicate = true> <Delay = 0.00> <CoreInst = "RAM">   --->   Core 81 'RAM' <Latency = 1> <II = 1> <Delay = 2.32> <Storage> <Opcode : 'load' 'store'> <Ports = 2> <Width = 8> <Depth = 25> <RAM>
ST_3 : Operation 73 [2/2] (0.00ns)   --->   "%b_load = load i5 %b_addr" [../source/tut3B/matrix_mult.cpp:20]   --->   Operation 73 'load' 'b_load' <Predicate = true> <Delay = 0.00> <CoreInst = "RAM">   --->   Core 81 'RAM' <Latency = 1> <II = 1> <Delay = 2.32> <Storage> <Opcode : 'load' 'store'> <Ports = 2> <Width = 8> <Depth = 25> <RAM>
ST_3 : Operation 74 [1/1] (1.65ns)   --->   "%icmp_ln17 = icmp_eq  i3 %k_3, i3 5" [../source/tut3B/matrix_mult.cpp:17]   --->   Operation 74 'icmp' 'icmp_ln17' <Predicate = true> <Delay = 1.65> <CoreInst = "Cmp">   --->   Core 9 'Cmp' <Latency = 0> <II = 1> <Delay = 1.65> <FuncUnit> <Opcode : 'seteq' 'setne' 'setle' 'setge' 'setlt' 'setgt'> <InPorts = 2> <OutPorts = 1>
ST_3 : Operation 75 [1/1] (0.00ns)   --->   "%br_ln17 = br i1 %icmp_ln17, void %new.latch.for.inc.split, void %last.iter.for.inc.split" [../source/tut3B/matrix_mult.cpp:17]   --->   Operation 75 'br' 'br_ln17' <Predicate = true> <Delay = 0.00>
ST_3 : Operation 76 [1/1] (1.58ns)   --->   "%store_ln12 = store i3 %j_3, i3 %j" [../source/tut3B/matrix_mult.cpp:12]   --->   Operation 76 'store' 'store_ln12' <Predicate = true> <Delay = 1.58>

State 4 <SV = 3> <Delay = 1.05>
ST_4 : Operation 77 [1/1] (0.00ns)   --->   "%sext_ln20 = sext i8 %a_load" [../source/tut3B/matrix_mult.cpp:20]   --->   Operation 77 'sext' 'sext_ln20' <Predicate = true> <Delay = 0.00>
ST_4 : Operation 78 [1/2] ( I:0.00ns O:0.00ns )   --->   "%b_load = load i5 %b_addr" [../source/tut3B/matrix_mult.cpp:20]   --->   Operation 78 'load' 'b_load' <Predicate = true> <Delay = 0.00> <CoreInst = "RAM">   --->   Core 81 'RAM' <Latency = 1> <II = 1> <Delay = 2.32> <Storage> <Opcode : 'load' 'store'> <Ports = 2> <Width = 8> <Depth = 25> <RAM>
ST_4 : Operation 79 [1/1] (0.00ns)   --->   "%sext_ln20_1 = sext i8 %b_load" [../source/tut3B/matrix_mult.cpp:20]   --->   Operation 79 'sext' 'sext_ln20_1' <Predicate = true> <Delay = 0.00>
ST_4 : Operation 80 [3/3] (1.05ns) (grouped into DSP with root node add_ln20)   --->   "%mul_ln20 = mul i16 %sext_ln20_1, i16 %sext_ln20" [../source/tut3B/matrix_mult.cpp:20]   --->   Operation 80 'mul' 'mul_ln20' <Predicate = true> <Delay = 1.05> <CoreInst = "DSP48">   --->   Core 116 'DSP48' <Latency = 3> <II = 1> <Delay = 2.15> <IPBlock> <Opcode : 'add' 'sub' 'mul' 'select'> <InPorts = 0> <OutPorts = 1> <Sync> <CReg>

State 5 <SV = 4> <Delay = 1.05>
ST_5 : Operation 81 [2/3] (1.05ns) (grouped into DSP with root node add_ln20)   --->   "%mul_ln20 = mul i16 %sext_ln20_1, i16 %sext_ln20" [../source/tut3B/matrix_mult.cpp:20]   --->   Operation 81 'mul' 'mul_ln20' <Predicate = true> <Delay = 1.05> <CoreInst = "DSP48">   --->   Core 116 'DSP48' <Latency = 3> <II = 1> <Delay = 2.15> <IPBlock> <Opcode : 'add' 'sub' 'mul' 'select'> <InPorts = 0> <OutPorts = 1> <Sync> <CReg>

State 6 <SV = 5> <Delay = 2.90>
ST_6 : Operation 82 [1/1] (0.00ns)   --->   "%p_load = load i16 %empty"   --->   Operation 82 'load' 'p_load' <Predicate = (!empty_6)> <Delay = 0.00>
ST_6 : Operation 83 [1/1] (0.80ns)   --->   "%p_mid2 = select i1 %empty_6, i16 0, i16 %p_load" [../source/tut3B/matrix_mult.cpp:9]   --->   Operation 83 'select' 'p_mid2' <Predicate = true> <Delay = 0.80> <CoreInst = "Sel">   --->   Core 73 'Sel' <Latency = 0> <II = 1> <Delay = 0.80> <FuncUnit> <Opcode : 'select'> <InPorts = 3> <OutPorts = 1>
ST_6 : Operation 84 [1/3] (0.00ns) (grouped into DSP with root node add_ln20)   --->   "%mul_ln20 = mul i16 %sext_ln20_1, i16 %sext_ln20" [../source/tut3B/matrix_mult.cpp:20]   --->   Operation 84 'mul' 'mul_ln20' <Predicate = true> <Delay = 0.00> <CoreInst = "DSP48">   --->   Core 116 'DSP48' <Latency = 3> <II = 1> <Delay = 2.15> <IPBlock> <Opcode : 'add' 'sub' 'mul' 'select'> <InPorts = 0> <OutPorts = 1> <Sync> <CReg>
ST_6 : Operation 85 [2/2] (2.10ns) (root node of the DSP)   --->   "%add_ln20 = add i16 %mul_ln20, i16 %p_mid2" [../source/tut3B/matrix_mult.cpp:20]   --->   Operation 85 'add' 'add_ln20' <Predicate = true> <Delay = 2.10> <CoreInst = "DSP48">   --->   Core 116 'DSP48' <Latency = 3> <II = 1> <Delay = 2.15> <IPBlock> <Opcode : 'add' 'sub' 'mul' 'select'> <InPorts = 0> <OutPorts = 1> <Sync> <CReg>

State 7 <SV = 6> <Delay = 6.59>
ST_7 : Operation 86 [1/1] (0.00ns)   --->   "%specloopname_ln0 = specloopname void @_ssdm_op_SpecLoopName, void @Row_Col_Product_str"   --->   Operation 86 'specloopname' 'specloopname_ln0' <Predicate = true> <Delay = 0.00>
ST_7 : Operation 87 [1/1] (0.00ns)   --->   "%speclooptripcount_ln0 = speclooptripcount void @_ssdm_op_SpecLoopTripCount, i64 125, i64 125, i64 125"   --->   Operation 87 'speclooptripcount' 'speclooptripcount_ln0' <Predicate = true> <Delay = 0.00>
ST_7 : Operation 88 [1/1] (0.00ns)   --->   "%zext_ln20_1 = zext i5 %add_ln20_1" [../source/tut3B/matrix_mult.cpp:20]   --->   Operation 88 'zext' 'zext_ln20_1' <Predicate = true> <Delay = 0.00>
ST_7 : Operation 89 [1/1] (0.00ns)   --->   "%prod_addr = getelementptr i16 %prod, i64 0, i64 %zext_ln20_1" [../source/tut3B/matrix_mult.cpp:20]   --->   Operation 89 'getelementptr' 'prod_addr' <Predicate = true> <Delay = 0.00>
ST_7 : Operation 90 [1/1] (0.00ns)   --->   "%specpipeline_ln18 = specpipeline void @_ssdm_op_SpecPipeline, i32 1, i32 0, i32 0, i32 0, i32 4294967295, void @empty_0" [../source/tut3B/matrix_mult.cpp:18]   --->   Operation 90 'specpipeline' 'specpipeline_ln18' <Predicate = true> <Delay = 0.00>
ST_7 : Operation 91 [1/2] (2.10ns) (root node of the DSP)   --->   "%add_ln20 = add i16 %mul_ln20, i16 %p_mid2" [../source/tut3B/matrix_mult.cpp:20]   --->   Operation 91 'add' 'add_ln20' <Predicate = true> <Delay = 2.10> <CoreInst = "DSP48">   --->   Core 116 'DSP48' <Latency = 3> <II = 1> <Delay = 2.15> <IPBlock> <Opcode : 'add' 'sub' 'mul' 'select'> <InPorts = 0> <OutPorts = 1> <Sync> <CReg>
ST_7 : Operation 92 [1/1] ( I:0.00ns O:0.00ns )   --->   "%store_ln20 = store i16 %add_ln20, i5 %prod_addr" [../source/tut3B/matrix_mult.cpp:20]   --->   Operation 92 'store' 'store_ln20' <Predicate = (icmp_ln17)> <Delay = 0.00> <CoreInst = "RAM">   --->   Core 81 'RAM' <Latency = 0> <II = 1> <Delay = 1.86> <Storage> <Opcode : 'load' 'store'> <Ports = 2> <Width = 16> <Depth = 25> <RAM>
ST_7 : Operation 93 [1/1] (0.00ns)   --->   "%br_ln17 = br void %new.latch.for.inc.split" [../source/tut3B/matrix_mult.cpp:17]   --->   Operation 93 'br' 'br_ln17' <Predicate = (icmp_ln17)> <Delay = 0.00>
ST_7 : Operation 94 [1/1] (1.58ns)   --->   "%store_ln20 = store i16 %add_ln20, i16 %empty" [../source/tut3B/matrix_mult.cpp:20]   --->   Operation 94 'store' 'store_ln20' <Predicate = true> <Delay = 1.58>
ST_7 : Operation 95 [1/1] (1.58ns)   --->   "%ret_ln24 = ret" [../source/tut3B/matrix_mult.cpp:24]   --->   Operation 95 'ret' 'ret_ln24' <Predicate = (icmp_ln9)> <Delay = 1.58>


============================================================
+ Verbose Summary: Timing violations
============================================================
Target clock period: 5.000ns, clock uncertainty: 1.350ns.

 <State 1>: 1.588ns
The critical path consists of the following:
	'store' operation ('store_ln0') of constant 0 16 bit on local variable 'empty' [17]  (1.588 ns)

 <State 2>: 6.174ns
The critical path consists of the following:
	'phi' operation 1 bit ('icmp_ln127', ../source/tut3B/matrix_mult.cpp:12) with incoming values : ('icmp_ln12', ../source/tut3B/matrix_mult.cpp:12) [25]  (0.000 ns)
	'xor' operation 1 bit ('xor_ln9', ../source/tut3B/matrix_mult.cpp:9) [36]  (0.000 ns)
	'and' operation 1 bit ('and_ln9', ../source/tut3B/matrix_mult.cpp:9) [37]  (0.978 ns)
	'or' operation 1 bit ('empty_6', ../source/tut3B/matrix_mult.cpp:9) [40]  (0.978 ns)
	'select' operation 3 bit ('k_mid2', ../source/tut3B/matrix_mult.cpp:9) [41]  (0.980 ns)
	'add' operation 3 bit ('k_3', ../source/tut3B/matrix_mult.cpp:17) [68]  (1.650 ns)
	'store' operation ('store_ln17', ../source/tut3B/matrix_mult.cpp:17) of variable 'k_3', ../source/tut3B/matrix_mult.cpp:17 3 bit on local variable 'k', ../source/tut3B/matrix_mult.cpp:17 [81]  (1.588 ns)

 <State 3>: 9.412ns
The critical path consists of the following:
	'icmp' operation 1 bit ('icmp_ln17', ../source/tut3B/matrix_mult.cpp:17) [69]  (1.650 ns)
	multiplexor before 'phi' operation 1 bit ('icmp_ln176', ../source/tut3B/matrix_mult.cpp:17) with incoming values : ('icmp_ln17', ../source/tut3B/matrix_mult.cpp:17) [26]  (1.588 ns)
	'phi' operation 1 bit ('icmp_ln176', ../source/tut3B/matrix_mult.cpp:17) with incoming values : ('icmp_ln17', ../source/tut3B/matrix_mult.cpp:17) [26]  (0.000 ns)
	'and' operation 1 bit ('and_ln9', ../source/tut3B/matrix_mult.cpp:9) [37]  (0.978 ns)
	'or' operation 1 bit ('empty_6', ../source/tut3B/matrix_mult.cpp:9) [40]  (0.978 ns)
	'select' operation 3 bit ('k_mid2', ../source/tut3B/matrix_mult.cpp:9) [41]  (0.980 ns)
	'add' operation 3 bit ('k_3', ../source/tut3B/matrix_mult.cpp:17) [68]  (1.650 ns)
	'store' operation ('store_ln17', ../source/tut3B/matrix_mult.cpp:17) of variable 'k_3', ../source/tut3B/matrix_mult.cpp:17 3 bit on local variable 'k', ../source/tut3B/matrix_mult.cpp:17 [81]  (1.588 ns)

 <State 4>: 1.050ns
The critical path consists of the following:
	'mul' operation 16 bit of DSP[67] ('mul_ln20', ../source/tut3B/matrix_mult.cpp:20) [66]  (1.050 ns)

 <State 5>: 1.050ns
The critical path consists of the following:
	'mul' operation 16 bit of DSP[67] ('mul_ln20', ../source/tut3B/matrix_mult.cpp:20) [66]  (1.050 ns)

 <State 6>: 2.905ns
The critical path consists of the following:
	'load' operation 16 bit ('p_load') on local variable 'empty' [32]  (0.000 ns)
	'select' operation 16 bit ('p_mid2', ../source/tut3B/matrix_mult.cpp:9) [42]  (0.805 ns)
	'add' operation 16 bit of DSP[67] ('add_ln20', ../source/tut3B/matrix_mult.cpp:20) [67]  (2.100 ns)

 <State 7>: 6.593ns
The critical path consists of the following:
	'add' operation 16 bit of DSP[67] ('add_ln20', ../source/tut3B/matrix_mult.cpp:20) [67]  (2.100 ns)
	'store' operation ('store_ln20', ../source/tut3B/matrix_mult.cpp:20) of variable 'add_ln20', ../source/tut3B/matrix_mult.cpp:20 16 bit on local variable 'empty' [80]  (1.588 ns)
	'load' operation 16 bit ('p_load') on local variable 'empty' [32]  (0.000 ns)
	'select' operation 16 bit ('p_mid2', ../source/tut3B/matrix_mult.cpp:9) [42]  (0.805 ns)
	'add' operation 16 bit of DSP[67] ('add_ln20', ../source/tut3B/matrix_mult.cpp:20) [67]  (2.100 ns)


============================================================
+ Verbose Summary: Binding
============================================================
N/A
* FSMD analyzer results:
  - Output states:
 - Input state : 
  - Chain level:
	State 1
	State 2
	State 3
	State 4
	State 5
	State 6
	State 7


============================================================
+ Verbose Summary: Datapath Resource usage 
============================================================
N/A
