

================================================================
== Vitis HLS Report for 'matrix_mult'
================================================================
* Date:           Tue Oct  6 17:47:53 2026

* Version:        2026.1 (Build 6493734 on Jun 16 2026)
* Project:        matrix_mult
* Solution:       hls
* Product family: zynq
* Target device:  xc7z020-clg484-1


================================================================
== Performance Estimates
================================================================
+ Timing: 
    * Summary: 
    +--------+---------+----------+------------+
    |  Clock |  Target | Estimated| Uncertainty|
    +--------+---------+----------+------------+
    |ap_clk  |  5.00 ns|  9.412 ns|     1.35 ns|
    +--------+---------+----------+------------+

+ Latency: 
    * Summary: 
    +---------+---------+----------+----------+-----+-----+-----------------------------------------+
    |  Latency (cycles) |  Latency (absolute) |  Interval |                 Pipeline                |
    |   min   |   max   |    min   |    max   | min | max |                   Type                  |
    +---------+---------+----------+----------+-----+-----+-----------------------------------------+
    |      132|      132|  1.242 us|  1.242 us|  130|  130|  loop auto-rewind stp (delay=5 cycle(s))|
    +---------+---------+----------+----------+-----+-----+-----------------------------------------+

    + Detail: 
        * Instance: 
        N/A

        * Loop: 
        +-------------------+---------+---------+----------+-----------+-----------+------+----------+
        |                   |  Latency (cycles) | Iteration|  Initiation Interval  | Trip |          |
        |     Loop Name     |   min   |   max   |  Latency |  achieved |   target  | Count| Pipelined|
        +-------------------+---------+---------+----------+-----------+-----------+------+----------+
        |- Row_Col_Product  |      130|      130|         7|          1|          1|   125|       yes|
        +-------------------+---------+---------+----------+-----------+-----------+------+----------+

============================================================
+ Verbose Summary: Synthesis Manager
============================================================
InlineROM: 1
ExposeGlobal: 0
============================================================
+ Verbose Summary: CDFG Model
============================================================
IsTopModel: 1
ResetActiveHigh: 1
IsCombinational: 2
IsDatapathOnly: 0
HasWiredReturn: 1
HasMFsm: 2
HasVarLatency: 1
IsPipeline: 0
IsRtlPipelined: 0
IsInstanceOverlapped: 0
IsDontTouch: 0
HasImplIP: 0
IsGatedGlobalClock: 0

+ Individual pipeline summary: 
  * Pipeline-0: initiation interval (II) = 1, depth = 7


============================================================
+ Verbose Summary: Schedule
============================================================
* Number of FSM states : 7
* Pipeline : 1
  Pipeline-0 : II = 1, D = 7, States = { 1 2 3 4 5 6 7 }
* Dataflow Pipeline: 0

* FSM state transitions: 
1 --> 2 
2 --> 3 
3 --> 4 
4 --> 5 
5 --> 6 
6 --> 7 
7 --> 

* FSM state operations: 

State 1 <SV = 0> <Delay = 1.58>
ST_1 : Operation 10 [1/1] (0.00ns)   --->   "%indvar_flatten131 = alloca i32 1"   --->   Operation 10 'alloca' 'indvar_flatten131' <Predicate = true> <Delay = 0.00>
ST_1 : Operation 11 [1/1] (0.00ns)   --->   "%i = alloca i32 1" [../source/tut3B/matrix_mult.cpp:9]   --->   Operation 11 'alloca' 'i' <Predicate = true> <Delay = 0.00>
ST_1 : Operation 12 [1/1] (0.00ns)   --->   "%indvar_flatten3 = alloca i32 1"   --->   Operation 12 'alloca' 'indvar_flatten3' <Predicate = true> <Delay = 0.00>
ST_1 : Operation 13 [1/1] (0.00ns)   --->   "%j = alloca i32 1" [../source/tut3B/matrix_mult.cpp:12]   --->   Operation 13 'alloca' 'j' <Predicate = true> <Delay = 0.00>
ST_1 : Operation 14 [1/1] (0.00ns)   --->   "%k = alloca i32 1" [../source/tut3B/matrix_mult.cpp:17]   --->   Operation 14 'alloca' 'k' <Predicate = true> <Delay = 0.00>
ST_1 : Operation 15 [1/1] (0.00ns)   --->   "%empty = alloca i32 1"   --->   Operation 15 'alloca' 'empty' <Predicate = true> <Delay = 0.00>
ST_1 : Operation 16 [1/1] (0.00ns)   --->   "%spectopmodule_ln3 = spectopmodule void @_ssdm_op_SpecTopModule, void @empty_1" [../source/tut3B/matrix_mult.cpp:3]   --->   Operation 16 'spectopmodule' 'spectopmodule_ln3' <Predicate = true> <Delay = 0.00>
ST_1 : Operation 17 [1/1] (0.00ns)   --->   "%specinterface_ln0 = specinterface void @_ssdm_op_SpecInterface, i8 %a, void @empty, i32 0, i32 0, void @empty_0, i32 4294967295, i32 0, void @empty_0, void @empty_0, void @empty_0, i32 0, i32 0, i32 0, i32 0, void @empty_0, void @empty_0, i32 4294967295, i32 0, i32 0, i32 0"   --->   Operation 17 'specinterface' 'specinterface_ln0' <Predicate = true> <Delay = 0.00>
ST_1 : Operation 18 [1/1] (0.00ns)   --->   "%specbitsmap_ln0 = specbitsmap void @_ssdm_op_SpecBitsMap, i8 %a"   --->   Operation 18 'specbitsmap' 'specbitsmap_ln0' <Predicate = true> <Delay = 0.00>
ST_1 : Operation 19 [1/1] (0.00ns)   --->   "%specinterface_ln0 = specinterface void @_ssdm_op_SpecInterface, i8 %b, void @empty, i32 0, i32 0, void @empty_0, i32 4294967295, i32 0, void @empty_0, void @empty_0, void @empty_0, i32 0, i32 0, i32 0, i32 0, void @empty_0, void @empty_0, i32 4294967295, i32 0, i32 0, i32 0"   --->   Operation 19 'specinterface' 'specinterface_ln0' <Predicate = true> <Delay = 0.00>
ST_1 : Operation 20 [1/1] (0.00ns)   --->   "%specbitsmap_ln0 = specbitsmap void @_ssdm_op_SpecBitsMap, i8 %b"   --->   Operation 20 'specbitsmap' 'specbitsmap_ln0' <Predicate = true> <Delay = 0.00>
ST_1 : Operation 21 [1/1] (0.00ns)   --->   "%specinterface_ln0 = specinterface void @_ssdm_op_SpecInterface, i16 %prod, void @empty, i32 0, i32 0, void @empty_0, i32 4294967295, i32 0, void @empty_0, void @empty_0, void @empty_0, i32 0, i32 0, i32 0, i32 0, void @empty_0, void @empty_0, i32 4294967295, i32 0, i32 0, i32 0"   --->   Operation 21 'specinterface' 'specinterface_ln0' <Predicate = true> <Delay = 0.00>
ST_1 : Operation 22 [1/1] (0.00ns)   --->   "%specbitsmap_ln0 = specbitsmap void @_ssdm_op_SpecBitsMap, i16 %prod"   --->   Operation 22 'specbitsmap' 'specbitsmap_ln0' <Predicate = true> <Delay = 0.00>
ST_1 : Operation 23 [1/1] (1.58ns)   --->   "%store_ln0 = store i16 0, i16 %empty"   --->   Operation 23 'store' 'store_ln0' <Predicate = true> <Delay = 1.58>
ST_1 : Operation 24 [1/1] (1.58ns)   --->   "%store_ln17 = store i3 0, i3 %k" [../source/tut3B/matrix_mult.cpp:17]   --->   Operation 24 'store' 'store_ln17' <Predicate = true> <Delay = 1.58>
ST_1 : Operation 25 [1/1] (1.58ns)   --->   "%store_ln12 = store i3 0, i3 %j" [../source/tut3B/matrix_mult.cpp:12]   --->   Operation 25 'store' 'store_ln12' <Predicate = true> <Delay = 1.58>
ST_1 : Operation 26 [1/1] (1.58ns)   --->   "%store_ln0 = store i6 0, i6 %indvar_flatten3"   --->   Operation 26 'store' 'store_ln0' <Predicate = true> <Delay = 1.58>
ST_1 : Operation 27 [1/1] (1.58ns)   --->   "%store_ln9 = store i3 0, i3 %i" [../source/tut3B/matrix_mult.cpp:9]   --->   Operation 27 'store' 'store_ln9' <Predicate = true> <Delay = 1.58>
ST_1 : Operation 28 [1/1] (1.58ns)   --->   "%store_ln0 = store i7 0, i7 %indvar_flatten131"   --->   Operation 28 'store' 'store_ln0' <Predicate = true> <Delay = 1.58>
ST_1 : Operation 29 [1/1] (1.58ns)   --->   "%br_ln0 = br void %for.inc29"   --->   Operation 29 'br' 'br_ln0' <Predicate = true> <Delay = 1.58>

State 2 <SV = 1> <Delay = 6.17>
ST_2 : Operation 30 [1/1] (0.00ns)   --->   "%icmp_ln127 = phi i1 0, void %entry, i1 %icmp_ln12, void %new.latch.for.inc.split" [../source/tut3B/matrix_mult.cpp:12]   --->   Operation 30 'phi' 'icmp_ln127' <Predicate = true> <Delay = 0.00>
ST_2 : Operation 31 [1/1] (0.00ns)   --->   "%icmp_ln176 = phi i1 0, void %entry, i1 %icmp_ln17, void %new.latch.for.inc.split" [../source/tut3B/matrix_mult.cpp:17]   --->   Operation 31 'phi' 'icmp_ln176' <Predicate = true> <Delay = 0.00>
ST_2 : Operation 32 [1/1] (0.00ns)   --->   "%indvar_flatten131_load = load i7 %indvar_flatten131" [../source/tut3B/matrix_mult.cpp:9]   --->   Operation 32 'load' 'indvar_flatten131_load' <Predicate = true> <Delay = 0.00>
ST_2 : Operation 33 [1/1] (0.00ns)   --->   "%i_1 = load i3 %i" [../source/tut3B/matrix_mult.cpp:9]   --->   Operation 33 'load' 'i_1' <Predicate = true> <Delay = 0.00>
ST_2 : Operation 34 [1/1] (0.00ns)   --->   "%indvar_flatten3_load = load i6 %indvar_flatten3" [../source/tut3B/matrix_mult.cpp:12]   --->   Operation 34 'load' 'indvar_flatten3_load' <Predicate = true> <Delay = 0.00>
ST_2 : Operation 35 [1/1] (0.00ns)   --->   "%k_1 = load i3 %k"   --->   Operation 35 'load' 'k_1' <Predicate = true> <Delay = 0.00>
ST_2 : Operation 36 [1/1] (0.00ns) (grouped into LUT with out node and_ln9)   --->   "%xor_ln9 = xor i1 %icmp_ln127, i1 1" [../source/tut3B/matrix_mult.cpp:9]   --->   Operation 36 'xor' 'xor_ln9' <Predicate = true> <Delay = 0.00> <CoreInst = "LogicGate">   --->   Core 74 'LogicGate' <Latency = 0> <II = 1> <Delay = 0.97> <FuncUnit> <Opcode : 'and' 'or' 'xor'> <InPorts = 2> <OutPorts = 1>
ST_2 : Operation 37 [1/1] (0.97ns) (out node of the LUT)   --->   "%and_ln9 = and i1 %icmp_ln176, i1 %xor_ln9" [../source/tut3B/matrix_mult.cpp:9]   --->   Operation 37 'and' 'and_ln9' <Predicate = true> <Delay = 0.97> <CoreInst = "LogicGate">   --->   Core 74 'LogicGate' <Latency = 0> <II = 1> <Delay = 0.97> <FuncUnit> <Opcode : 'and' 'or' 'xor'> <InPorts = 2> <OutPorts = 1>
ST_2 : Operation 38 [1/1] (0.00ns) (grouped into LUT with out node i_3)   --->   "%empty_5 = select i1 %icmp_ln127, i3 1, i3 0" [../source/tut3B/matrix_mult.cpp:12]   --->   Operation 38 'select' 'empty_5' <Predicate = true> <Delay = 0.00> <CoreInst = "Sel">   --->   Core 73 'Sel' <Latency = 0> <II = 1> <Delay = 0.99> <FuncUnit> <Opcode : 'select'> <InPorts = 3> <OutPorts = 1>
ST_2 : Operation 39 [1/1] (1.65ns) (out node of the LUT)   --->   "%i_3 = add i3 %i_1, i3 %empty_5" [../source/tut3B/matrix_mult.cpp:9]   --->   Operation 39 'add' 'i_3' <Predicate = true> <Delay = 1.65> <CoreInst = "Adder">   --->   Core 1 'Adder' <Latency = 0> <II = 1> <Delay = 1.65> <FuncUnit> <Opcode : 'add' 'sub'> <InPorts = 2> <OutPorts = 1>
ST_2 : Operation 40 [1/1] (0.97ns)   --->   "%empty_6 = or i1 %and_ln9, i1 %icmp_ln127" [../source/tut3B/matrix_mult.cpp:9]   --->   Operation 40 'or' 'empty_6' <Predicate = true> <Delay = 0.97> <CoreInst = "LogicGate">   --->   Core 74 'LogicGate' <Latency = 0> <II = 1> <Delay = 0.97> <FuncUnit> <Opcode : 'and' 'or' 'xor'> <InPorts = 2> <OutPorts = 1>
ST_2 : Operation 41 [1/1] (0.98ns)   --->   "%k_mid2 = select i1 %empty_6, i3 0, i3 %k_1" [../source/tut3B/matrix_mult.cpp:9]   --->   Operation 41 'select' 'k_mid2' <Predicate = true> <Delay = 0.98> <CoreInst = "Sel">   --->   Core 73 'Sel' <Latency = 0> <II = 1> <Delay = 0.98> <FuncUnit> <Opcode : 'select'> <InPorts = 3> <OutPorts = 1>
ST_2 : Operation 42 [1/1] (0.00ns)   --->   "%zext_ln12 = zext i3 %i_3" [../source/tut3B/matrix_mult.cpp:12]   --->   Operation 42 'zext' 'zext_ln12' <Predicate = true> <Delay = 0.00>
ST_2 : Operation 43 [1/1] (0.00ns)   --->   "%tmp = bitconcatenate i5 @_ssdm_op_BitConcatenate.i5.i3.i2, i3 %i_3, i2 0" [../source/tut3B/matrix_mult.cpp:20]   --->   Operation 43 'bitconcatenate' 'tmp' <Predicate = true> <Delay = 0.00>
ST_2 : Operation 44 [1/1] (1.78ns)   --->   "%add_ln12_2 = add i5 %tmp, i5 %zext_ln12" [../source/tut3B/matrix_mult.cpp:12]   --->   Operation 44 'add' 'add_ln12_2' <Predicate = true> <Delay = 1.78> <CoreInst = "Adder">   --->   Core 1 'Adder' <Latency = 0> <II = 1> <Delay = 1.78> <FuncUnit> <Opcode : 'add' 'sub'> <InPorts = 2> <OutPorts = 1>
ST_2 : Operation 45 [1/1] (0.00ns)   --->   "%zext_ln20_2 = zext i3 %k_mid2" [../source/tut3B/matrix_mult.cpp:20]   --->   Operation 45 'zext' 'zext_ln20_2' <Predicate = true> <Delay = 0.00>
ST_2 : Operation 46 [1/1] (1.78ns)   --->   "%add_ln20_2 = add i5 %add_ln12_2, i5 %zext_ln20_2" [../source/tut3B/matrix_mult.cpp:20]   --->   Operation 46 'add' 'add_ln20_2' <Predicate = true> <Delay = 1.78> <CoreInst = "Adder">   --->   Core 1 'Adder' <Latency = 0> <II = 1> <Delay = 1.78> <FuncUnit> <Opcode : 'add' 'sub'> <InPorts = 2> <OutPorts = 1>
ST_2 : Operation 47 [1/1] (0.00ns)   --->   "%zext_ln20_3 = zext i5 %add_ln20_2" [../source/tut3B/matrix_mult.cpp:20]   --->   Operation 47 'zext' 'zext_ln20_3' <Predicate = true> <Delay = 0.00>
ST_2 : Operation 48 [1/1] (0.00ns)   --->   "%a_addr = getelementptr i8 %a, i64 0, i64 %zext_ln20_3" [../source/tut3B/matrix_mult.cpp:20]   --->   Operation 48 'getelementptr' 'a_addr' <Predicate = true> <Delay = 0.00>
ST_2 : Operation 49 [2/2] (0.00ns)   --->   "%a_load = load i5 %a_addr" [../source/tut3B/matrix_mult.cpp:20]   --->   Operation 49 'load' 'a_load' <Predicate = true> <Delay = 0.00> <CoreInst = "RAM">   --->   Core 81 'RAM' <Latency = 1> <II = 1> <Delay = 2.32> <Storage> <Opcode : 'load' 'store'> <Ports = 2> <Width = 8> <Depth = 25> <RAM>
ST_2 : Operation 50 [1/1] (1.65ns)   --->   "%k_3 = add i3 %k_mid2, i3 1" [../source/tut3B/matrix_mult.cpp:17]   --->   Operation 50 'add' 'k_3' <Predicate = true> <Delay = 1.65> <CoreInst = "Adder">   --->   Core 1 'Adder' <Latency = 0> <II = 1> <Delay = 1.65> <FuncUnit> <Opcode : 'add' 'sub'> <InPorts = 2> <OutPorts = 1>
ST_2 : Operation 51 [1/1] (1.87ns)   --->   "%add_ln9_1 = add i7 %indvar_flatten131_load, i7 1" [../source/tut3B/matrix_mult.cpp:9]   --->   Operation 51 'add' 'add_ln9_1' <Predicate = true> <Delay = 1.87> <CoreInst = "Adder">   --->   Core 1 'Adder' <Latency = 0> <II = 1> <Delay = 1.87> <FuncUnit> <Opcode : 'add' 'sub'> <InPorts = 2> <OutPorts = 1>
ST_2 : Operation 52 [1/1] (1.82ns)   --->   "%add_ln12_1 = add i6 %indvar_flatten3_load, i6 1" [../source/tut3B/matrix_mult.cpp:12]   --->   Operation 52 'add' 'add_ln12_1' <Predicate = true> <Delay = 1.82> <CoreInst = "Adder">   --->   Core 1 'Adder' <Latency = 0> <II = 1> <Delay = 1.82> <FuncUnit> <Opcode : 'add' 'sub'> <InPorts = 2> <OutPorts = 1>
ST_2 : Operation 53 [1/1] (1.18ns)   --->   "%select_ln12 = select i1 %icmp_ln127, i6 1, i6 %add_ln12_1" [../source/tut3B/matrix_mult.cpp:12]   --->   Operation 53 'select' 'select_ln12' <Predicate = true> <Delay = 1.18> <CoreInst = "Sel">   --->   Core 73 'Sel' <Latency = 0> <II = 1> <Delay = 1.18> <FuncUnit> <Opcode : 'select'> <InPorts = 3> <OutPorts = 1>
ST_2 : Operation 54 [1/1] (1.82ns)   --->   "%icmp_ln12 = icmp_eq  i6 %select_ln12, i6 25" [../source/tut3B/matrix_mult.cpp:12]   --->   Operation 54 'icmp' 'icmp_ln12' <Predicate = true> <Delay = 1.82> <CoreInst = "Cmp">   --->   Core 9 'Cmp' <Latency = 0> <II = 1> <Delay = 1.82> <FuncUnit> <Opcode : 'seteq' 'setne' 'setle' 'setge' 'setlt' 'setgt'> <InPorts = 2> <OutPorts = 1>
ST_2 : Operation 55 [1/1] (1.87ns)   --->   "%icmp_ln9 = icmp_eq  i7 %indvar_flatten131_load, i7 124" [../source/tut3B/matrix_mult.cpp:9]   --->   Operation 55 'icmp' 'icmp_ln9' <Predicate = true> <Delay = 1.87> <CoreInst = "Cmp">   --->   Core 9 'Cmp' <Latency = 0> <II = 1> <Delay = 1.87> <FuncUnit> <Opcode : 'seteq' 'setne' 'setle' 'setge' 'setlt' 'setgt'> <InPorts = 2> <OutPorts = 1>
ST_2 : Operation 56 [1/1] (1.58ns)   --->   "%store_ln17 = store i3 %k_3, i3 %k" [../source/tut3B/matrix_mult.cpp:17]   --->   Operation 56 'store' 'store_ln17' <Predicate = true> <Delay = 1.58>
ST_2 : Operation 57 [1/1] (1.58ns)   --->   "%store_ln12 = store i6 %select_ln12, i6 %indvar_flatten3" [../source/tut3B/matrix_mult.cpp:12]   --->   Operation 57 'store' 'store_ln12' <Predicate = true> <Delay = 1.58>
ST_2 : Operation 58 [1/1] (1.58ns)   --->   "%store_ln9 = store i3 %i_3, i3 %i" [../source/tut3B/matrix_mult.cpp:9]   --->   Operation 58 'store' 'store_ln9' <Predicate = true> <Delay = 1.58>
ST_2 : Operation 59 [1/1] (1.58ns)   --->   "%store_ln9 = store i7 %add_ln9_1, i7 %indvar_flatten131" [../source/tut3B/matrix_mult.cpp:9]   --->   Operation 59 'store' 'store_ln9' <Predicate = true> <Delay = 1.58>
ST_2 : Operation 60 [1/1] (0.00ns)   --->   "%br_ln9 = br i1 %icmp_ln9, void %for.inc29, void %for.end31" [../source/tut3B/matrix_mult.cpp:9]   --->   Operation 60 'br' 'br_ln9' <Predicate = true> <Delay = 0.00>

State 3 <SV = 2> <Delay = 9.41>
ST_3 : Operation 61 [1/1] (0.00ns)   --->   "%j_1 = load i3 %j" [../source/tut3B/matrix_mult.cpp:9]   --->   Operation 61 'load' 'j_1' <Predicate = true> <Delay = 0.00>
ST_3 : Operation 62 [1/1] (0.00ns) (grouped into LUT with out node j_3)   --->   "%select_ln9 = select i1 %icmp_ln127, i3 0, i3 %j_1" [../source/tut3B/matrix_mult.cpp:9]   --->   Operation 62 'select' 'select_ln9' <Predicate = true> <Delay = 0.00> <CoreInst = "Sel">   --->   Core 73 'Sel' <Latency = 0> <II = 1> <Delay = 0.98> <FuncUnit> <Opcode : 'select'> <InPorts = 3> <OutPorts = 1>
ST_3 : Operation 63 [1/1] (0.00ns) (grouped into LUT with out node j_3)   --->   "%empty_7 = select i1 %and_ln9, i3 1, i3 0" [../source/tut3B/matrix_mult.cpp:9]   --->   Operation 63 'select' 'empty_7' <Predicate = true> <Delay = 0.00> <CoreInst = "Sel">   --->   Core 73 'Sel' <Latency = 0> <II = 1> <Delay = 0.99> <FuncUnit> <Opcode : 'select'> <InPorts = 3> <OutPorts = 1>
ST_3 : Operation 64 [1/1] (1.65ns) (out node of the LUT)   --->   "%j_3 = add i3 %select_ln9, i3 %empty_7" [../source/tut3B/matrix_mult.cpp:12]   --->   Operation 64 'add' 'j_3' <Predicate = true> <Delay = 1.65> <CoreInst = "Adder">   --->   Core 1 'Adder' <Latency = 0> <II = 1> <Delay = 1.65> <FuncUnit> <Opcode : 'add' 'sub'> <InPorts = 2> <OutPorts = 1>
ST_3 : Operation 65 [1/1] (0.00ns)   --->   "%zext_ln20 = zext i3 %j_3" [../source/tut3B/matrix_mult.cpp:20]   --->   Operation 65 'zext' 'zext_ln20' <Predicate = true> <Delay = 0.00>
ST_3 : Operation 66 [1/1] (1.78ns)   --->   "%add_ln20_1 = add i5 %add_ln12_2, i5 %zext_ln20" [../source/tut3B/matrix_mult.cpp:20]   --->   Operation 66 'add' 'add_ln20_1' <Predicate = true> <Delay = 1.78> <CoreInst = "Adder">   --->   Core 1 'Adder' <Latency = 0> <II = 1> <Delay = 1.78> <FuncUnit> <Opcode : 'add' 'sub'> <InPorts = 2> <OutPorts = 1>
ST_3 : Operation 67 [1/1] (0.00ns)   --->   "%tmp_1 = bitconcatenate i5 @_ssdm_op_BitConcatenate.i5.i3.i2, i3 %k_mid2, i2 0" [../source/tut3B/matrix_mult.cpp:20]   --->   Operation 67 'bitconcatenate' 'tmp_1' <Predicate = true> <Delay = 0.00>
ST_3 : Operation 68 [1/1] (0.00ns) (grouped into TernaryAdder)   --->   "%add_ln20_4 = add i5 %tmp_1, i5 %zext_ln20_2" [../source/tut3B/matrix_mult.cpp:20]   --->   Operation 68 'add' 'add_ln20_4' <Predicate = true> <Delay = 0.00> <CoreInst = "TAddSub">   --->   Core 10 'TAddSub' <Latency = 0> <II = 1> <Delay = 1.70> <IPBlock> <Opcode : 'add' 'sub'> <InPorts = 3> <OutPorts = 1> <Sync> <CReg>
ST_3 : Operation 69 [1/1] (3.40ns) (root node of TernaryAdder)   --->   "%add_ln20_3 = add i5 %add_ln20_4, i5 %zext_ln20" [../source/tut3B/matrix_mult.cpp:20]   --->   Operation 69 'add' 'add_ln20_3' <Predicate = true> <Delay = 3.40> <CoreInst = "TAddSub">   --->   Core 10 'TAddSub' <Latency = 0> <II = 1> <Delay = 1.70> <IPBlock> <Opcode : 'add' 'sub'> <InPorts = 3> <OutPorts = 1> <Sync> <CReg>
ST_3 : Operation 70 [1/1] (0.00ns)   --->   "%zext_ln20_4 = zext i5 %add_ln20_3" [../source/tut3B/matrix_mult.cpp:20]   --->   Operation 70 'zext' 'zext_ln20_4' <Predicate = true> <Delay = 0.00>
ST_3 : Operation 71 [1/1] (0.00ns)   --->   "%b_addr = getelementptr i8 %b, i64 0, i64 %zext_ln20_4" [../source/tut3B/matrix_mult.cpp:20]   --->   Operation 71 'getelementptr' 'b_addr' <Predicate = true> <Delay = 0.00>
ST_3 : Operation 72 [1/2] ( I:0.00ns O:0.00ns )   --->   "%a_load = load i5 %a_addr" [../source/tut3B/matrix_mult.cpp:20]   --->   Operation 72 'load' 'a_load' <Predicate = true> <Delay = 0.00> <CoreInst = "RAM">   --->   Core 81 'RAM' <Latency = 1> <II = 1> <Delay = 2.32> <Storage> <Opcode : 'load' 'store'> <Ports = 2> <Width = 8> <Depth = 25> <RAM>
ST_3 : Operation 73 [2/2] (0.00ns)   --->   "%b_load = load i5 %b_addr" [../source/tut3B/matrix_mult.cpp:20]   --->   Operation 73 'load' 'b_load' <Predicate = true> <Delay = 0.00> <CoreInst = "RAM">   --->   Core 81 'RAM' <Latency = 1> <II = 1> <Delay = 2.32> <Storage> <Opcode : 'load' 'store'> <Ports = 2> <Width = 8> <Depth = 25> <RAM>
ST_3 : Operation 74 [1/1] (1.65ns)   --->   "%icmp_ln17 = icmp_eq  i3 %k_3, i3 5" [../source/tut3B/matrix_mult.cpp:17]   --->   Operation 74 'icmp' 'icmp_ln17' <Predicate = true> <Delay = 1.65> <CoreInst = "Cmp">   --->   Core 9 'Cmp' <Latency = 0> <II = 1> <Delay = 1.65> <FuncUnit> <Opcode : 'seteq' 'setne' 'setle' 'setge' 'setlt' 'setgt'> <InPorts = 2> <OutPorts = 1>
ST_3 : Operation 75 [1/1] (0.00ns)   --->   "%br_ln17 = br i1 %icmp_ln17, void %new.latch.for.inc.split, void %last.iter.for.inc.split" [../source/tut3B/matrix_mult.cpp:17]   --->   Operation 75 'br' 'br_ln17' <Predicate = true> <Delay = 0.00>
ST_3 : Operation 76 [1/1] (1.58ns)   --->   "%store_ln12 = store i3 %j_3, i3 %j" [../source/tut3B/matrix_mult.cpp:12]   --->   Operation 76 'store' 'store_ln12' <Predicate = true> <Delay = 1.58>

State 4 <SV = 3> <Delay = 1.05>
ST_4 : Operation 77 [1/1] (0.00ns)   --->   "%sext_ln20 = sext i8 %a_load" [../source/tut3B/matrix_mult.cpp:20]   --->   Operation 77 'sext' 'sext_ln20' <Predicate = true> <Delay = 0.00>
ST_4 : Operation 78 [1/2] ( I:0.00ns O:0.00ns )   --->   "%b_load = load i5 %b_addr" [../source/tut3B/matrix_mult.cpp:20]   --->   Operation 78 'load' 'b_load' <Predicate = true> <Delay = 0.00> <CoreInst = "RAM">   --->   Core 81 'RAM' <Latency = 1> <II = 1> <Delay = 2.32> <Storage> <Opcode : 'load' 'store'> <Ports = 2> <Width = 8> <Depth = 25> <RAM>
ST_4 : Operation 79 [1/1] (0.00ns)   --->   "%sext_ln20_1 = sext i8 %b_load" [../source/tut3B/matrix_mult.cpp:20]   --->   Operation 79 'sext' 'sext_ln20_1' <Predicate = true> <Delay = 0.00>
ST_4 : Operation 80 [3/3] (1.05ns) (grouped into DSP with root node add_ln20)   --->   "%mul_ln20 = mul i16 %sext_ln20_1, i16 %sext_ln20" [../source/tut3B/matrix_mult.cpp:20]   --->   Operation 80 'mul' 'mul_ln20' <Predicate = true> <Delay = 1.05> <CoreInst = "DSP48">   --->   Core 116 'DSP48' <Latency = 3> <II = 1> <Delay = 2.15> <IPBlock> <Opcode : 'add' 'sub' 'mul' 'select'> <InPorts = 0> <OutPorts = 1> <Sync> <CReg>

State 5 <SV = 4> <Delay = 1.05>
ST_5 : Operation 81 [2/3] (1.05ns) (grouped into DSP with root node add_ln20)   --->   "%mul_ln20 = mul i16 %sext_ln20_1, i16 %sext_ln20" [../source/tut3B/matrix_mult.cpp:20]   --->   Operation 81 'mul' 'mul_ln20' <Predicate = true> <Delay = 1.05> <CoreInst = "DSP48">   --->   Core 116 'DSP48' <Latency = 3> <II = 1> <Delay = 2.15> <IPBlock> <Opcode : 'add' 'sub' 'mul' 'select'> <InPorts = 0> <OutPorts = 1> <Sync> <CReg>

State 6 <SV = 5> <Delay = 2.90>
ST_6 : Operation 82 [1/1] (0.00ns)   --->   "%p_load = load i16 %empty"   --->   Operation 82 'load' 'p_load' <Predicate = (!empty_6)> <Delay = 0.00>
ST_6 : Operation 83 [1/1] (0.80ns)   --->   "%p_mid2 = select i1 %empty_6, i16 0, i16 %p_load" [../source/tut3B/matrix_mult.cpp:9]   --->   Operation 83 'select' 'p_mid2' <Predicate = true> <Delay = 0.80> <CoreInst = "Sel">   --->   Core 73 'Sel' <Latency = 0> <II = 1> <Delay = 0.80> <FuncUnit> <Opcode : 'select'> <InPorts = 3> <OutPorts = 1>
ST_6 : Operation 84 [1/3] (0.00ns) (grouped into DSP with root node add_ln20)   --->   "%mul_ln20 = mul i16 %sext_ln20_1, i16 %sext_ln20" [../source/tut3B/matrix_mult.cpp:20]   --->   Operation 84 'mul' 'mul_ln20' <Predicate = true> <Delay = 0.00> <CoreInst = "DSP48">   --->   Core 116 'DSP48' <Latency = 3> <II = 1> <Delay = 2.15> <IPBlock> <Opcode : 'add' 'sub' 'mul' 'select'> <InPorts = 0> <OutPorts = 1> <Sync> <CReg>
ST_6 : Operation 85 [2/2] (2.10ns) (root node of the DSP)   --->   "%add_ln20 = add i16 %mul_ln20, i16 %p_mid2" [../source/tut3B/matrix_mult.cpp:20]   --->   Operation 85 'add' 'add_ln20' <Predicate = true> <Delay = 2.10> <CoreInst = "DSP48">   --->   Core 116 'DSP48' <Latency = 3> <II = 1> <Delay = 2.15> <IPBlock> <Opcode : 'add' 'sub' 'mul' 'select'> <InPorts = 0> <OutPorts = 1> <Sync> <CReg>

State 7 <SV = 6> <Delay = 6.59>
ST_7 : Operation 86 [1/1] (0.00ns)   --->   "%specloopname_ln0 = specloopname void @_ssdm_op_SpecLoopName, void @Row_Col_Product_str"   --->   Operation 86 'specloopname' 'specloopname_ln0' <Predicate = true> <Delay = 0.00>
ST_7 : Operation 87 [1/1] (0.00ns)   --->   "%speclooptripcount_ln0 = speclooptripcount void @_ssdm_op_SpecLoopTripCount, i64 125, i64 125, i64 125"   --->   Operation 87 'speclooptripcount' 'speclooptripcount_ln0' <Predicate = true> <Delay = 0.00>
ST_7 : Operation 88 [1/1] (0.00ns)   --->   "%zext_ln20_1 = zext i5 %add_ln20_1" [../source/tut3B/matrix_mult.cpp:20]   --->   Operation 88 'zext' 'zext_ln20_1' <Predicate = true> <Delay = 0.00>
ST_7 : Operation 89 [1/1] (0.00ns)   --->   "%prod_addr = getelementptr i16 %prod, i64 0, i64 %zext_ln20_1" [../source/tut3B/matrix_mult.cpp:20]   --->   Operation 89 'getelementptr' 'prod_addr' <Predicate = true> <Delay = 0.00>
ST_7 : Operation 90 [1/1] (0.00ns)   --->   "%specpipeline_ln18 = specpipeline void @_ssdm_op_SpecPipeline, i32 1, i32 0, i32 0, i32 0, i32 4294967295, void @empty_0" [../source/tut3B/matrix_mult.cpp:18]   --->   Operation 90 'specpipeline' 'specpipeline_ln18' <Predicate = true> <Delay = 0.00>
ST_7 : Operation 91 [1/2] (2.10ns) (root node of the DSP)   --->   "%add_ln20 = add i16 %mul_ln20, i16 %p_mid2" [../source/tut3B/matrix_mult.cpp:20]   --->   Operation 91 'add' 'add_ln20' <Predicate = true> <Delay = 2.10> <CoreInst = "DSP48">   --->   Core 116 'DSP48' <Latency = 3> <II = 1> <Delay = 2.15> <IPBlock> <Opcode : 'add' 'sub' 'mul' 'select'> <InPorts = 0> <OutPorts = 1> <Sync> <CReg>
ST_7 : Operation 92 [1/1] ( I:0.00ns O:0.00ns )   --->   "%store_ln20 = store i16 %add_ln20, i5 %prod_addr" [../source/tut3B/matrix_mult.cpp:20]   --->   Operation 92 'store' 'store_ln20' <Predicate = (icmp_ln17)> <Delay = 0.00> <CoreInst = "RAM">   --->   Core 81 'RAM' <Latency = 0> <II = 1> <Delay = 1.86> <Storage> <Opcode : 'load' 'store'> <Ports = 2> <Width = 16> <Depth = 25> <RAM>
ST_7 : Operation 93 [1/1] (0.00ns)   --->   "%br_ln17 = br void %new.latch.for.inc.split" [../source/tut3B/matrix_mult.cpp:17]   --->   Operation 93 'br' 'br_ln17' <Predicate = (icmp_ln17)> <Delay = 0.00>
ST_7 : Operation 94 [1/1] (1.58ns)   --->   "%store_ln20 = store i16 %add_ln20, i16 %empty" [../source/tut3B/matrix_mult.cpp:20]   --->   Operation 94 'store' 'store_ln20' <Predicate = true> <Delay = 1.58>
ST_7 : Operation 95 [1/1] (1.58ns)   --->   "%ret_ln24 = ret" [../source/tut3B/matrix_mult.cpp:24]   --->   Operation 95 'ret' 'ret_ln24' <Predicate = (icmp_ln9)> <Delay = 1.58>


============================================================
+ Verbose Summary: Binding
============================================================
STG Binding: 
---------------- STG Properties BEGIN ----------------
- Is combinational: 0
- Is one-state seq: 0
- Is datapath-only: 0
- Is pipelined: 0
- Is top level: 1
Port [ Return ] is wired: 1; IO mode=ap_ctrl_hs:ce=0
Port [ a]:  wired=1; compound=1; hidden=0; nouse=0; global=0; static=0; extern=0; dir=0; type=1; pingpong=0; private_global=0; MemPort=[13]; IO mode=ap_memory:ce=0
Port [ b]:  wired=1; compound=1; hidden=0; nouse=0; global=0; static=0; extern=0; dir=0; type=1; pingpong=0; private_global=0; MemPort=[13]; IO mode=ap_memory:ce=0
Port [ prod]:  wired=1; compound=1; hidden=0; nouse=0; global=0; static=0; extern=0; dir=1; type=1; pingpong=0; private_global=0; MemPort=[03]; IO mode=ap_memory:ce=0
---------------- STG Properties END ------------------

---------------- Datapath Model BEGIN ----------------

<LifeTime>
<method=bitvector/>
indvar_flatten131      (alloca           ) [ 01100000]
i                      (alloca           ) [ 01100000]
indvar_flatten3        (alloca           ) [ 01100000]
j                      (alloca           ) [ 01110000]
k                      (alloca           ) [ 01100000]
empty                  (alloca           ) [ 01111111]
spectopmodule_ln3      (spectopmodule    ) [ 00000000]
specinterface_ln0      (specinterface    ) [ 00000000]
specbitsmap_ln0        (specbitsmap      ) [ 00000000]
specinterface_ln0      (specinterface    ) [ 00000000]
specbitsmap_ln0        (specbitsmap      ) [ 00000000]
specinterface_ln0      (specinterface    ) [ 00000000]
specbitsmap_ln0        (specbitsmap      ) [ 00000000]
store_ln0              (store            ) [ 00000000]
store_ln17             (store            ) [ 00000000]
store_ln12             (store            ) [ 00000000]
store_ln0              (store            ) [ 00000000]
store_ln9              (store            ) [ 00000000]
store_ln0              (store            ) [ 00000000]
br_ln0                 (br               ) [ 01100000]
icmp_ln127             (phi              ) [ 01110000]
icmp_ln176             (phi              ) [ 01100000]
indvar_flatten131_load (load             ) [ 00000000]
i_1                    (load             ) [ 00000000]
indvar_flatten3_load   (load             ) [ 00000000]
k_1                    (load             ) [ 00000000]
xor_ln9                (xor              ) [ 00000000]
and_ln9                (and              ) [ 01010000]
empty_5                (select           ) [ 00000000]
i_3                    (add              ) [ 00000000]
empty_6                (or               ) [ 01011110]
k_mid2                 (select           ) [ 01010000]
zext_ln12              (zext             ) [ 00000000]
tmp                    (bitconcatenate   ) [ 00000000]
add_ln12_2             (add              ) [ 01010000]
zext_ln20_2            (zext             ) [ 01010000]
add_ln20_2             (add              ) [ 00000000]
zext_ln20_3            (zext             ) [ 00000000]
a_addr                 (getelementptr    ) [ 01010000]
k_3                    (add              ) [ 01010000]
add_ln9_1              (add              ) [ 00000000]
add_ln12_1             (add              ) [ 00000000]
select_ln12            (select           ) [ 00000000]
icmp_ln12              (icmp             ) [ 01100000]
icmp_ln9               (icmp             ) [ 01111111]
store_ln17             (store            ) [ 00000000]
store_ln12             (store            ) [ 00000000]
store_ln9              (store            ) [ 00000000]
store_ln9              (store            ) [ 00000000]
br_ln9                 (br               ) [ 01100000]
j_1                    (load             ) [ 00000000]
select_ln9             (select           ) [ 00000000]
empty_7                (select           ) [ 00000000]
j_3                    (add              ) [ 00000000]
zext_ln20              (zext             ) [ 00000000]
add_ln20_1             (add              ) [ 01001111]
tmp_1                  (bitconcatenate   ) [ 00000000]
add_ln20_4             (add              ) [ 00000000]
add_ln20_3             (add              ) [ 00000000]
zext_ln20_4            (zext             ) [ 00000000]
b_addr                 (getelementptr    ) [ 01001000]
a_load                 (load             ) [ 01001000]
icmp_ln17              (icmp             ) [ 01101111]
br_ln17                (br               ) [ 00000000]
store_ln12             (store            ) [ 00000000]
sext_ln20              (sext             ) [ 01000110]
b_load                 (load             ) [ 00000000]
sext_ln20_1            (sext             ) [ 01000110]
p_load                 (load             ) [ 00000000]
p_mid2                 (select           ) [ 01000001]
mul_ln20               (mul              ) [ 01000001]
specloopname_ln0       (specloopname     ) [ 00000000]
speclooptripcount_ln0  (speclooptripcount) [ 00000000]
zext_ln20_1            (zext             ) [ 00000000]
prod_addr              (getelementptr    ) [ 00000000]
specpipeline_ln18      (specpipeline     ) [ 00000000]
add_ln20               (add              ) [ 00000000]
store_ln20             (store            ) [ 00000000]
br_ln17                (br               ) [ 00000000]
store_ln20             (store            ) [ 00000000]
ret_ln24               (ret              ) [ 00000000]
</LifeTime>

<model>

<comp_list>
<comp id="0" class="1000" name="a">
<pin_list>
<pin id="1" dir="1" index="0" bw="1" slack="0"/>
</pin_list>
<bind>
<StgValue><ssdm name="a"/><MemPortTyVec>1 3 </MemPortTyVec>
</StgValue>
</bind>
</comp>

<comp id="2" class="1000" name="b">
<pin_list>
<pin id="3" dir="1" index="0" bw="1" slack="0"/>
</pin_list>
<bind>
<StgValue><ssdm name="b"/><MemPortTyVec>1 3 </MemPortTyVec>
</StgValue>
</bind>
</comp>

<comp id="4" class="1000" name="prod">
<pin_list>
<pin id="5" dir="1" index="0" bw="1" slack="0"/>
</pin_list>
<bind>
<StgValue><ssdm name="prod"/><MemPortTyVec>0 3 </MemPortTyVec>
</StgValue>
</bind>
</comp>

<comp id="6" class="1001" name="const_6">
<pin_list>
<pin id="7" dir="1" index="0" bw="1" slack="0"/>
</pin_list>
<bind>
<StgValue><ssdm name=""/></StgValue>
</bind>
</comp>

<comp id="8" class="1001" name="const_8">
<pin_list>
<pin id="9" dir="1" index="0" bw="1" slack="2147483647"/>
</pin_list>
<bind>
<StgValue><ssdm name="_ssdm_op_SpecTopModule"/></StgValue>
</bind>
</comp>

<comp id="10" class="1001" name="const_10">
<pin_list>
<pin id="11" dir="1" index="0" bw="1" slack="2147483647"/>
</pin_list>
<bind>
<StgValue><ssdm name="empty_1"/></StgValue>
</bind>
</comp>

<comp id="12" class="1001" name="const_12">
<pin_list>
<pin id="13" dir="1" index="0" bw="1" slack="2147483647"/>
</pin_list>
<bind>
<StgValue><ssdm name="_ssdm_op_SpecInterface"/></StgValue>
</bind>
</comp>

<comp id="14" class="1001" name="const_14">
<pin_list>
<pin id="15" dir="1" index="0" bw="1" slack="2147483647"/>
</pin_list>
<bind>
<StgValue><ssdm name="empty"/></StgValue>
</bind>
</comp>

<comp id="16" class="1001" name="const_16">
<pin_list>
<pin id="17" dir="1" index="0" bw="1" slack="2147483647"/>
</pin_list>
<bind>
<StgValue><ssdm name=""/></StgValue>
</bind>
</comp>

<comp id="18" class="1001" name="const_18">
<pin_list>
<pin id="19" dir="1" index="0" bw="1" slack="2147483647"/>
</pin_list>
<bind>
<StgValue><ssdm name="empty_0"/></StgValue>
</bind>
</comp>

<comp id="20" class="1001" name="const_20">
<pin_list>
<pin id="21" dir="1" index="0" bw="1" slack="2147483647"/>
</pin_list>
<bind>
<StgValue><ssdm name=""/></StgValue>
</bind>
</comp>

<comp id="22" class="1001" name="const_22">
<pin_list>
<pin id="23" dir="1" index="0" bw="1" slack="2147483647"/>
</pin_list>
<bind>
<StgValue><ssdm name="_ssdm_op_SpecBitsMap"/></StgValue>
</bind>
</comp>

<comp id="24" class="1001" name="const_24">
<pin_list>
<pin id="25" dir="1" index="0" bw="1" slack="0"/>
</pin_list>
<bind>
<StgValue><ssdm name=""/></StgValue>
</bind>
</comp>

<comp id="26" class="1001" name="const_26">
<pin_list>
<pin id="27" dir="1" index="0" bw="1" slack="0"/>
</pin_list>
<bind>
<StgValue><ssdm name=""/></StgValue>
</bind>
</comp>

<comp id="28" class="1001" name="const_28">
<pin_list>
<pin id="29" dir="1" index="0" bw="1" slack="0"/>
</pin_list>
<bind>
<StgValue><ssdm name=""/></StgValue>
</bind>
</comp>

<comp id="30" class="1001" name="const_30">
<pin_list>
<pin id="31" dir="1" index="0" bw="1" slack="0"/>
</pin_list>
<bind>
<StgValue><ssdm name=""/></StgValue>
</bind>
</comp>

<comp id="32" class="1001" name="const_32">
<pin_list>
<pin id="33" dir="1" index="0" bw="1" slack="1"/>
</pin_list>
<bind>
<StgValue><ssdm name=""/></StgValue>
</bind>
</comp>

<comp id="34" class="1001" name="const_34">
<pin_list>
<pin id="35" dir="1" index="0" bw="1" slack="0"/>
</pin_list>
<bind>
<StgValue><ssdm name=""/></StgValue>
</bind>
</comp>

<comp id="36" class="1001" name="const_36">
<pin_list>
<pin id="37" dir="1" index="0" bw="1" slack="0"/>
</pin_list>
<bind>
<StgValue><ssdm name=""/></StgValue>
</bind>
</comp>

<comp id="38" class="1001" name="const_38">
<pin_list>
<pin id="39" dir="1" index="0" bw="1" slack="0"/>
</pin_list>
<bind>
<StgValue><ssdm name="_ssdm_op_BitConcatenate.i5.i3.i2"/></StgValue>
</bind>
</comp>

<comp id="40" class="1001" name="const_40">
<pin_list>
<pin id="41" dir="1" index="0" bw="1" slack="0"/>
</pin_list>
<bind>
<StgValue><ssdm name=""/></StgValue>
</bind>
</comp>

<comp id="42" class="1001" name="const_42">
<pin_list>
<pin id="43" dir="1" index="0" bw="1" slack="0"/>
</pin_list>
<bind>
<StgValue><ssdm name=""/></StgValue>
</bind>
</comp>

<comp id="44" class="1001" name="const_44">
<pin_list>
<pin id="45" dir="1" index="0" bw="1" slack="0"/>
</pin_list>
<bind>
<StgValue><ssdm name=""/></StgValue>
</bind>
</comp>

<comp id="46" class="1001" name="const_46">
<pin_list>
<pin id="47" dir="1" index="0" bw="1" slack="0"/>
</pin_list>
<bind>
<StgValue><ssdm name=""/></StgValue>
</bind>
</comp>

<comp id="48" class="1001" name="const_48">
<pin_list>
<pin id="49" dir="1" index="0" bw="1" slack="0"/>
</pin_list>
<bind>
<StgValue><ssdm name=""/></StgValue>
</bind>
</comp>

<comp id="50" class="1001" name="const_50">
<pin_list>
<pin id="51" dir="1" index="0" bw="1" slack="0"/>
</pin_list>
<bind>
<StgValue><ssdm name=""/></StgValue>
</bind>
</comp>

<comp id="52" class="1001" name="const_52">
<pin_list>
<pin id="53" dir="1" index="0" bw="1" slack="0"/>
</pin_list>
<bind>
<StgValue><ssdm name=""/></StgValue>
</bind>
</comp>

<comp id="54" class="1001" name="const_54">
<pin_list>
<pin id="55" dir="1" index="0" bw="1" slack="2147483647"/>
</pin_list>
<bind>
<StgValue><ssdm name="_ssdm_op_SpecLoopName"/></StgValue>
</bind>
</comp>

<comp id="56" class="1001" name="const_56">
<pin_list>
<pin id="57" dir="1" index="0" bw="1" slack="2147483647"/>
</pin_list>
<bind>
<StgValue><ssdm name="Row_Col_Product_str"/></StgValue>
</bind>
</comp>

<comp id="58" class="1001" name="const_58">
<pin_list>
<pin id="59" dir="1" index="0" bw="1" slack="2147483647"/>
</pin_list>
<bind>
<StgValue><ssdm name="_ssdm_op_SpecLoopTripCount"/></StgValue>
</bind>
</comp>

<comp id="60" class="1001" name="const_60">
<pin_list>
<pin id="61" dir="1" index="0" bw="1" slack="2147483647"/>
</pin_list>
<bind>
<StgValue><ssdm name=""/></StgValue>
</bind>
</comp>

<comp id="62" class="1001" name="const_62">
<pin_list>
<pin id="63" dir="1" index="0" bw="1" slack="2147483647"/>
</pin_list>
<bind>
<StgValue><ssdm name="_ssdm_op_SpecPipeline"/></StgValue>
</bind>
</comp>

<comp id="64" class="1004" name="indvar_flatten131_fu_64">
<pin_list>
<pin id="65" dir="0" index="0" bw="1" slack="0"/>
<pin id="66" dir="1" index="1" bw="7" slack="0"/>
</pin_list>
<bind>
<opcode="alloca(26) " fcode="alloca"/>
<opset="indvar_flatten131/1 "/>
</bind>
</comp>

<comp id="68" class="1004" name="i_fu_68">
<pin_list>
<pin id="69" dir="0" index="0" bw="1" slack="0"/>
<pin id="70" dir="1" index="1" bw="3" slack="0"/>
</pin_list>
<bind>
<opcode="alloca(26) " fcode="alloca"/>
<opset="i/1 "/>
</bind>
</comp>

<comp id="72" class="1004" name="indvar_flatten3_fu_72">
<pin_list>
<pin id="73" dir="0" index="0" bw="1" slack="0"/>
<pin id="74" dir="1" index="1" bw="6" slack="0"/>
</pin_list>
<bind>
<opcode="alloca(26) " fcode="alloca"/>
<opset="indvar_flatten3/1 "/>
</bind>
</comp>

<comp id="76" class="1004" name="j_fu_76">
<pin_list>
<pin id="77" dir="0" index="0" bw="1" slack="0"/>
<pin id="78" dir="1" index="1" bw="3" slack="0"/>
</pin_list>
<bind>
<opcode="alloca(26) " fcode="alloca"/>
<opset="j/1 "/>
</bind>
</comp>

<comp id="80" class="1004" name="k_fu_80">
<pin_list>
<pin id="81" dir="0" index="0" bw="1" slack="0"/>
<pin id="82" dir="1" index="1" bw="3" slack="0"/>
</pin_list>
<bind>
<opcode="alloca(26) " fcode="alloca"/>
<opset="k/1 "/>
</bind>
</comp>

<comp id="84" class="1004" name="empty_fu_84">
<pin_list>
<pin id="85" dir="0" index="0" bw="1" slack="0"/>
<pin id="86" dir="1" index="1" bw="16" slack="0"/>
</pin_list>
<bind>
<opcode="alloca(26) " fcode="alloca"/>
<opset="empty/1 "/>
</bind>
</comp>

<comp id="88" class="1004" name="a_addr_gep_fu_88">
<pin_list>
<pin id="89" dir="0" index="0" bw="8" slack="0"/>
<pin id="90" dir="0" index="1" bw="1" slack="0"/>
<pin id="91" dir="0" index="2" bw="5" slack="0"/>
<pin id="92" dir="1" index="3" bw="5" slack="0"/>
</pin_list>
<bind>
<opcode="getelementptr(29) " fcode="getelementptr"/>
<opset="a_addr/2 "/>
</bind>
</comp>

<comp id="95" class="1004" name="grp_access_fu_95">
<pin_list>
<pin id="96" dir="0" index="0" bw="5" slack="0"/>
<pin id="97" dir="0" index="1" bw="8" slack="2147483647"/>
<pin id="98" dir="0" index="2" bw="0" slack="2147483647"/>
<pin id="99" dir="1" index="3" bw="8" slack="1"/>
</pin_list>
<bind>
<opcode="load(27) " fcode="load"/>
<opset="a_load/2 "/>
</bind>
</comp>

<comp id="101" class="1004" name="b_addr_gep_fu_101">
<pin_list>
<pin id="102" dir="0" index="0" bw="8" slack="0"/>
<pin id="103" dir="0" index="1" bw="1" slack="0"/>
<pin id="104" dir="0" index="2" bw="5" slack="0"/>
<pin id="105" dir="1" index="3" bw="5" slack="0"/>
</pin_list>
<bind>
<opcode="getelementptr(29) " fcode="getelementptr"/>
<opset="b_addr/3 "/>
</bind>
</comp>

<comp id="108" class="1004" name="grp_access_fu_108">
<pin_list>
<pin id="109" dir="0" index="0" bw="5" slack="0"/>
<pin id="110" dir="0" index="1" bw="8" slack="2147483647"/>
<pin id="111" dir="0" index="2" bw="0" slack="2147483647"/>
<pin id="112" dir="1" index="3" bw="8" slack="0"/>
</pin_list>
<bind>
<opcode="load(27) " fcode="load"/>
<opset="b_load/3 "/>
</bind>
</comp>

<comp id="114" class="1004" name="prod_addr_gep_fu_114">
<pin_list>
<pin id="115" dir="0" index="0" bw="16" slack="0"/>
<pin id="116" dir="0" index="1" bw="1" slack="0"/>
<pin id="117" dir="0" index="2" bw="5" slack="0"/>
<pin id="118" dir="1" index="3" bw="5" slack="0"/>
</pin_list>
<bind>
<opcode="getelementptr(29) " fcode="getelementptr"/>
<opset="prod_addr/7 "/>
</bind>
</comp>

<comp id="121" class="1004" name="store_ln20_access_fu_121">
<pin_list>
<pin id="122" dir="0" index="0" bw="5" slack="0"/>
<pin id="123" dir="0" index="1" bw="16" slack="0"/>
<pin id="124" dir="0" index="2" bw="0" slack="2147483647"/>
<pin id="125" dir="1" index="3" bw="16" slack="2147483647"/>
</pin_list>
<bind>
<opcode="store(28) " fcode="store"/>
<opset="store_ln20/7 "/>
</bind>
</comp>

<comp id="127" class="1005" name="icmp_ln127_reg_127">
<pin_list>
<pin id="128" dir="0" index="0" bw="1" slack="1"/>
<pin id="129" dir="1" index="1" bw="1" slack="1"/>
</pin_list>
<bind>
<opset="icmp_ln127 (phireg) "/>
</bind>
</comp>

<comp id="131" class="1004" name="icmp_ln127_phi_fu_131">
<pin_list>
<pin id="132" dir="0" index="0" bw="1" slack="1"/>
<pin id="133" dir="0" index="1" bw="0" slack="2147483647"/>
<pin id="134" dir="0" index="2" bw="1" slack="0"/>
<pin id="135" dir="0" index="3" bw="0" slack="2147483647"/>
<pin id="136" dir="1" index="4" bw="1" slack="0"/>
</pin_list>
<bind>
<opcode="phi(47) " fcode="phi"/>
<opset="icmp_ln127/2 "/>
</bind>
</comp>

<comp id="139" class="1005" name="icmp_ln176_reg_139">
<pin_list>
<pin id="140" dir="0" index="0" bw="1" slack="1"/>
<pin id="141" dir="1" index="1" bw="1" slack="1"/>
</pin_list>
<bind>
<opset="icmp_ln176 (phireg) "/>
</bind>
</comp>

<comp id="143" class="1004" name="icmp_ln176_phi_fu_143">
<pin_list>
<pin id="144" dir="0" index="0" bw="1" slack="1"/>
<pin id="145" dir="0" index="1" bw="0" slack="2147483647"/>
<pin id="146" dir="0" index="2" bw="1" slack="1"/>
<pin id="147" dir="0" index="3" bw="0" slack="2147483647"/>
<pin id="148" dir="1" index="4" bw="1" slack="0"/>
</pin_list>
<bind>
<opcode="phi(47) " fcode="phi"/>
<opset="icmp_ln176/2 "/>
</bind>
</comp>

<comp id="150" class="1004" name="store_ln0_store_fu_150">
<pin_list>
<pin id="151" dir="0" index="0" bw="1" slack="0"/>
<pin id="152" dir="0" index="1" bw="16" slack="0"/>
<pin id="153" dir="1" index="2" bw="0" slack="2147483647"/>
</pin_list>
<bind>
<opcode="store(28) " fcode="store"/>
<opset="store_ln0/1 "/>
</bind>
</comp>

<comp id="155" class="1004" name="store_ln17_store_fu_155">
<pin_list>
<pin id="156" dir="0" index="0" bw="1" slack="0"/>
<pin id="157" dir="0" index="1" bw="3" slack="0"/>
<pin id="158" dir="1" index="2" bw="0" slack="2147483647"/>
</pin_list>
<bind>
<opcode="store(28) " fcode="store"/>
<opset="store_ln17/1 "/>
</bind>
</comp>

<comp id="160" class="1004" name="store_ln12_store_fu_160">
<pin_list>
<pin id="161" dir="0" index="0" bw="1" slack="0"/>
<pin id="162" dir="0" index="1" bw="3" slack="0"/>
<pin id="163" dir="1" index="2" bw="0" slack="2147483647"/>
</pin_list>
<bind>
<opcode="store(28) " fcode="store"/>
<opset="store_ln12/1 "/>
</bind>
</comp>

<comp id="165" class="1004" name="store_ln0_store_fu_165">
<pin_list>
<pin id="166" dir="0" index="0" bw="1" slack="0"/>
<pin id="167" dir="0" index="1" bw="6" slack="0"/>
<pin id="168" dir="1" index="2" bw="0" slack="2147483647"/>
</pin_list>
<bind>
<opcode="store(28) " fcode="store"/>
<opset="store_ln0/1 "/>
</bind>
</comp>

<comp id="170" class="1004" name="store_ln9_store_fu_170">
<pin_list>
<pin id="171" dir="0" index="0" bw="1" slack="0"/>
<pin id="172" dir="0" index="1" bw="3" slack="0"/>
<pin id="173" dir="1" index="2" bw="0" slack="2147483647"/>
</pin_list>
<bind>
<opcode="store(28) " fcode="store"/>
<opset="store_ln9/1 "/>
</bind>
</comp>

<comp id="175" class="1004" name="store_ln0_store_fu_175">
<pin_list>
<pin id="176" dir="0" index="0" bw="1" slack="0"/>
<pin id="177" dir="0" index="1" bw="7" slack="0"/>
<pin id="178" dir="1" index="2" bw="0" slack="2147483647"/>
</pin_list>
<bind>
<opcode="store(28) " fcode="store"/>
<opset="store_ln0/1 "/>
</bind>
</comp>

<comp id="180" class="1004" name="indvar_flatten131_load_load_fu_180">
<pin_list>
<pin id="181" dir="0" index="0" bw="7" slack="1"/>
<pin id="182" dir="1" index="1" bw="7" slack="0"/>
</pin_list>
<bind>
<opcode="load(27) " fcode="load"/>
<opset="indvar_flatten131_load/2 "/>
</bind>
</comp>

<comp id="183" class="1004" name="i_1_load_fu_183">
<pin_list>
<pin id="184" dir="0" index="0" bw="3" slack="1"/>
<pin id="185" dir="1" index="1" bw="3" slack="0"/>
</pin_list>
<bind>
<opcode="load(27) " fcode="load"/>
<opset="i_1/2 "/>
</bind>
</comp>

<comp id="186" class="1004" name="indvar_flatten3_load_load_fu_186">
<pin_list>
<pin id="187" dir="0" index="0" bw="6" slack="1"/>
<pin id="188" dir="1" index="1" bw="6" slack="0"/>
</pin_list>
<bind>
<opcode="load(27) " fcode="load"/>
<opset="indvar_flatten3_load/2 "/>
</bind>
</comp>

<comp id="189" class="1004" name="k_1_load_fu_189">
<pin_list>
<pin id="190" dir="0" index="0" bw="3" slack="1"/>
<pin id="191" dir="1" index="1" bw="3" slack="0"/>
</pin_list>
<bind>
<opcode="load(27) " fcode="load"/>
<opset="k_1/2 "/>
</bind>
</comp>

<comp id="192" class="1004" name="xor_ln9_fu_192">
<pin_list>
<pin id="193" dir="0" index="0" bw="1" slack="0"/>
<pin id="194" dir="0" index="1" bw="1" slack="0"/>
<pin id="195" dir="1" index="2" bw="1" slack="0"/>
</pin_list>
<bind>
<opcode="xor(25) " fcode="xor"/>
<opset="xor_ln9/2 "/>
</bind>
</comp>

<comp id="198" class="1004" name="and_ln9_fu_198">
<pin_list>
<pin id="199" dir="0" index="0" bw="1" slack="0"/>
<pin id="200" dir="0" index="1" bw="1" slack="0"/>
<pin id="201" dir="1" index="2" bw="1" slack="0"/>
</pin_list>
<bind>
<opcode="and(23) " fcode="and"/>
<opset="and_ln9/2 "/>
</bind>
</comp>

<comp id="204" class="1004" name="empty_5_fu_204">
<pin_list>
<pin id="205" dir="0" index="0" bw="1" slack="0"/>
<pin id="206" dir="0" index="1" bw="1" slack="0"/>
<pin id="207" dir="0" index="2" bw="1" slack="0"/>
<pin id="208" dir="1" index="3" bw="3" slack="0"/>
</pin_list>
<bind>
<opcode="select(49) " fcode="select"/>
<opset="empty_5/2 "/>
</bind>
</comp>

<comp id="212" class="1004" name="i_3_fu_212">
<pin_list>
<pin id="213" dir="0" index="0" bw="3" slack="0"/>
<pin id="214" dir="0" index="1" bw="1" slack="0"/>
<pin id="215" dir="1" index="2" bw="3" slack="0"/>
</pin_list>
<bind>
<opcode="add(8) " fcode="add"/>
<opset="i_3/2 "/>
</bind>
</comp>

<comp id="218" class="1004" name="empty_6_fu_218">
<pin_list>
<pin id="219" dir="0" index="0" bw="1" slack="0"/>
<pin id="220" dir="0" index="1" bw="1" slack="0"/>
<pin id="221" dir="1" index="2" bw="1" slack="0"/>
</pin_list>
<bind>
<opcode="or(24) " fcode="or"/>
<opset="empty_6/2 "/>
</bind>
</comp>

<comp id="224" class="1004" name="k_mid2_fu_224">
<pin_list>
<pin id="225" dir="0" index="0" bw="1" slack="0"/>
<pin id="226" dir="0" index="1" bw="1" slack="0"/>
<pin id="227" dir="0" index="2" bw="3" slack="0"/>
<pin id="228" dir="1" index="3" bw="3" slack="0"/>
</pin_list>
<bind>
<opcode="select(49) " fcode="select"/>
<opset="k_mid2/2 "/>
</bind>
</comp>

<comp id="232" class="1004" name="zext_ln12_fu_232">
<pin_list>
<pin id="233" dir="0" index="0" bw="3" slack="0"/>
<pin id="234" dir="1" index="1" bw="5" slack="0"/>
</pin_list>
<bind>
<opcode="zext(34) " fcode="zext"/>
<opset="zext_ln12/2 "/>
</bind>
</comp>

<comp id="236" class="1004" name="tmp_fu_236">
<pin_list>
<pin id="237" dir="0" index="0" bw="5" slack="0"/>
<pin id="238" dir="0" index="1" bw="3" slack="0"/>
<pin id="239" dir="0" index="2" bw="1" slack="0"/>
<pin id="240" dir="1" index="3" bw="5" slack="0"/>
</pin_list>
<bind>
<opcode="bitconcatenate(1004) " fcode="bitconcatenate"/>
<opset="tmp/2 "/>
</bind>
</comp>

<comp id="244" class="1004" name="add_ln12_2_fu_244">
<pin_list>
<pin id="245" dir="0" index="0" bw="5" slack="0"/>
<pin id="246" dir="0" index="1" bw="3" slack="0"/>
<pin id="247" dir="1" index="2" bw="5" slack="0"/>
</pin_list>
<bind>
<opcode="add(8) " fcode="add"/>
<opset="add_ln12_2/2 "/>
</bind>
</comp>

<comp id="250" class="1004" name="zext_ln20_2_fu_250">
<pin_list>
<pin id="251" dir="0" index="0" bw="3" slack="0"/>
<pin id="252" dir="1" index="1" bw="5" slack="0"/>
</pin_list>
<bind>
<opcode="zext(34) " fcode="zext"/>
<opset="zext_ln20_2/2 "/>
</bind>
</comp>

<comp id="254" class="1004" name="add_ln20_2_fu_254">
<pin_list>
<pin id="255" dir="0" index="0" bw="5" slack="0"/>
<pin id="256" dir="0" index="1" bw="3" slack="0"/>
<pin id="257" dir="1" index="2" bw="5" slack="0"/>
</pin_list>
<bind>
<opcode="add(8) " fcode="add"/>
<opset="add_ln20_2/2 "/>
</bind>
</comp>

<comp id="260" class="1004" name="zext_ln20_3_fu_260">
<pin_list>
<pin id="261" dir="0" index="0" bw="5" slack="0"/>
<pin id="262" dir="1" index="1" bw="64" slack="0"/>
</pin_list>
<bind>
<opcode="zext(34) " fcode="zext"/>
<opset="zext_ln20_3/2 "/>
</bind>
</comp>

<comp id="265" class="1004" name="k_3_fu_265">
<pin_list>
<pin id="266" dir="0" index="0" bw="3" slack="0"/>
<pin id="267" dir="0" index="1" bw="1" slack="0"/>
<pin id="268" dir="1" index="2" bw="3" slack="0"/>
</pin_list>
<bind>
<opcode="add(8) " fcode="add"/>
<opset="k_3/2 "/>
</bind>
</comp>

<comp id="271" class="1004" name="add_ln9_1_fu_271">
<pin_list>
<pin id="272" dir="0" index="0" bw="7" slack="0"/>
<pin id="273" dir="0" index="1" bw="1" slack="0"/>
<pin id="274" dir="1" index="2" bw="7" slack="0"/>
</pin_list>
<bind>
<opcode="add(8) " fcode="add"/>
<opset="add_ln9_1/2 "/>
</bind>
</comp>

<comp id="277" class="1004" name="add_ln12_1_fu_277">
<pin_list>
<pin id="278" dir="0" index="0" bw="6" slack="0"/>
<pin id="279" dir="0" index="1" bw="1" slack="0"/>
<pin id="280" dir="1" index="2" bw="6" slack="0"/>
</pin_list>
<bind>
<opcode="add(8) " fcode="add"/>
<opset="add_ln12_1/2 "/>
</bind>
</comp>

<comp id="283" class="1004" name="select_ln12_fu_283">
<pin_list>
<pin id="284" dir="0" index="0" bw="1" slack="0"/>
<pin id="285" dir="0" index="1" bw="1" slack="0"/>
<pin id="286" dir="0" index="2" bw="6" slack="0"/>
<pin id="287" dir="1" index="3" bw="6" slack="0"/>
</pin_list>
<bind>
<opcode="select(49) " fcode="select"/>
<opset="select_ln12/2 "/>
</bind>
</comp>

<comp id="291" class="1004" name="icmp_ln12_fu_291">
<pin_list>
<pin id="292" dir="0" index="0" bw="6" slack="0"/>
<pin id="293" dir="0" index="1" bw="6" slack="0"/>
<pin id="294" dir="1" index="2" bw="1" slack="0"/>
</pin_list>
<bind>
<opcode="icmp(45) " fcode="icmp"/>
<opset="icmp_ln12/2 "/>
</bind>
</comp>

<comp id="297" class="1004" name="icmp_ln9_fu_297">
<pin_list>
<pin id="298" dir="0" index="0" bw="7" slack="0"/>
<pin id="299" dir="0" index="1" bw="3" slack="0"/>
<pin id="300" dir="1" index="2" bw="1" slack="1"/>
</pin_list>
<bind>
<opcode="icmp(45) " fcode="icmp"/>
<opset="icmp_ln9/2 "/>
</bind>
</comp>

<comp id="303" class="1004" name="store_ln17_store_fu_303">
<pin_list>
<pin id="304" dir="0" index="0" bw="3" slack="0"/>
<pin id="305" dir="0" index="1" bw="3" slack="1"/>
<pin id="306" dir="1" index="2" bw="0" slack="2147483647"/>
</pin_list>
<bind>
<opcode="store(28) " fcode="store"/>
<opset="store_ln17/2 "/>
</bind>
</comp>

<comp id="308" class="1004" name="store_ln12_store_fu_308">
<pin_list>
<pin id="309" dir="0" index="0" bw="6" slack="0"/>
<pin id="310" dir="0" index="1" bw="6" slack="1"/>
<pin id="311" dir="1" index="2" bw="0" slack="2147483647"/>
</pin_list>
<bind>
<opcode="store(28) " fcode="store"/>
<opset="store_ln12/2 "/>
</bind>
</comp>

<comp id="313" class="1004" name="store_ln9_store_fu_313">
<pin_list>
<pin id="314" dir="0" index="0" bw="3" slack="0"/>
<pin id="315" dir="0" index="1" bw="3" slack="1"/>
<pin id="316" dir="1" index="2" bw="0" slack="2147483647"/>
</pin_list>
<bind>
<opcode="store(28) " fcode="store"/>
<opset="store_ln9/2 "/>
</bind>
</comp>

<comp id="318" class="1004" name="store_ln9_store_fu_318">
<pin_list>
<pin id="319" dir="0" index="0" bw="7" slack="0"/>
<pin id="320" dir="0" index="1" bw="7" slack="1"/>
<pin id="321" dir="1" index="2" bw="0" slack="2147483647"/>
</pin_list>
<bind>
<opcode="store(28) " fcode="store"/>
<opset="store_ln9/2 "/>
</bind>
</comp>

<comp id="323" class="1004" name="j_1_load_fu_323">
<pin_list>
<pin id="324" dir="0" index="0" bw="3" slack="2"/>
<pin id="325" dir="1" index="1" bw="3" slack="0"/>
</pin_list>
<bind>
<opcode="load(27) " fcode="load"/>
<opset="j_1/3 "/>
</bind>
</comp>

<comp id="326" class="1004" name="select_ln9_fu_326">
<pin_list>
<pin id="327" dir="0" index="0" bw="1" slack="1"/>
<pin id="328" dir="0" index="1" bw="1" slack="0"/>
<pin id="329" dir="0" index="2" bw="3" slack="0"/>
<pin id="330" dir="1" index="3" bw="3" slack="0"/>
</pin_list>
<bind>
<opcode="select(49) " fcode="select"/>
<opset="select_ln9/3 "/>
</bind>
</comp>

<comp id="334" class="1004" name="empty_7_fu_334">
<pin_list>
<pin id="335" dir="0" index="0" bw="1" slack="1"/>
<pin id="336" dir="0" index="1" bw="1" slack="0"/>
<pin id="337" dir="0" index="2" bw="1" slack="0"/>
<pin id="338" dir="1" index="3" bw="3" slack="0"/>
</pin_list>
<bind>
<opcode="select(49) " fcode="select"/>
<opset="empty_7/3 "/>
</bind>
</comp>

<comp id="341" class="1004" name="j_3_fu_341">
<pin_list>
<pin id="342" dir="0" index="0" bw="3" slack="0"/>
<pin id="343" dir="0" index="1" bw="1" slack="0"/>
<pin id="344" dir="1" index="2" bw="3" slack="0"/>
</pin_list>
<bind>
<opcode="add(8) " fcode="add"/>
<opset="j_3/3 "/>
</bind>
</comp>

<comp id="347" class="1004" name="zext_ln20_fu_347">
<pin_list>
<pin id="348" dir="0" index="0" bw="3" slack="0"/>
<pin id="349" dir="1" index="1" bw="5" slack="0"/>
</pin_list>
<bind>
<opcode="zext(34) " fcode="zext"/>
<opset="zext_ln20/3 "/>
</bind>
</comp>

<comp id="351" class="1004" name="add_ln20_1_fu_351">
<pin_list>
<pin id="352" dir="0" index="0" bw="5" slack="1"/>
<pin id="353" dir="0" index="1" bw="3" slack="0"/>
<pin id="354" dir="1" index="2" bw="5" slack="4"/>
</pin_list>
<bind>
<opcode="add(8) " fcode="add"/>
<opset="add_ln20_1/3 "/>
</bind>
</comp>

<comp id="356" class="1004" name="tmp_1_fu_356">
<pin_list>
<pin id="357" dir="0" index="0" bw="5" slack="0"/>
<pin id="358" dir="0" index="1" bw="3" slack="1"/>
<pin id="359" dir="0" index="2" bw="1" slack="0"/>
<pin id="360" dir="1" index="3" bw="5" slack="0"/>
</pin_list>
<bind>
<opcode="bitconcatenate(1004) " fcode="bitconcatenate"/>
<opset="tmp_1/3 "/>
</bind>
</comp>

<comp id="363" class="1004" name="add_ln20_4_fu_363">
<pin_list>
<pin id="364" dir="0" index="0" bw="5" slack="0"/>
<pin id="365" dir="0" index="1" bw="3" slack="1"/>
<pin id="366" dir="1" index="2" bw="5" slack="0"/>
</pin_list>
<bind>
<opcode="add(8) " fcode="add"/>
<opset="add_ln20_4/3 "/>
</bind>
</comp>

<comp id="368" class="1004" name="add_ln20_3_fu_368">
<pin_list>
<pin id="369" dir="0" index="0" bw="5" slack="0"/>
<pin id="370" dir="0" index="1" bw="3" slack="0"/>
<pin id="371" dir="1" index="2" bw="5" slack="0"/>
</pin_list>
<bind>
<opcode="add(8) " fcode="add"/>
<opset="add_ln20_3/3 "/>
</bind>
</comp>

<comp id="374" class="1004" name="zext_ln20_4_fu_374">
<pin_list>
<pin id="375" dir="0" index="0" bw="5" slack="0"/>
<pin id="376" dir="1" index="1" bw="64" slack="0"/>
</pin_list>
<bind>
<opcode="zext(34) " fcode="zext"/>
<opset="zext_ln20_4/3 "/>
</bind>
</comp>

<comp id="379" class="1004" name="icmp_ln17_fu_379">
<pin_list>
<pin id="380" dir="0" index="0" bw="3" slack="1"/>
<pin id="381" dir="0" index="1" bw="3" slack="0"/>
<pin id="382" dir="1" index="2" bw="1" slack="1"/>
</pin_list>
<bind>
<opcode="icmp(45) " fcode="icmp"/>
<opset="icmp_ln17/3 "/>
</bind>
</comp>

<comp id="384" class="1004" name="store_ln12_store_fu_384">
<pin_list>
<pin id="385" dir="0" index="0" bw="3" slack="0"/>
<pin id="386" dir="0" index="1" bw="3" slack="2"/>
<pin id="387" dir="1" index="2" bw="0" slack="2147483647"/>
</pin_list>
<bind>
<opcode="store(28) " fcode="store"/>
<opset="store_ln12/3 "/>
</bind>
</comp>

<comp id="389" class="1004" name="sext_ln20_fu_389">
<pin_list>
<pin id="390" dir="0" index="0" bw="8" slack="1"/>
<pin id="391" dir="1" index="1" bw="16" slack="0"/>
</pin_list>
<bind>
<opcode="sext(35) " fcode="sext"/>
<opset="sext_ln20/4 "/>
</bind>
</comp>

<comp id="392" class="1004" name="sext_ln20_1_fu_392">
<pin_list>
<pin id="393" dir="0" index="0" bw="8" slack="0"/>
<pin id="394" dir="1" index="1" bw="16" slack="0"/>
</pin_list>
<bind>
<opcode="sext(35) " fcode="sext"/>
<opset="sext_ln20_1/4 "/>
</bind>
</comp>

<comp id="396" class="1004" name="p_load_load_fu_396">
<pin_list>
<pin id="397" dir="0" index="0" bw="16" slack="5"/>
<pin id="398" dir="1" index="1" bw="16" slack="0"/>
</pin_list>
<bind>
<opcode="load(27) " fcode="load"/>
<opset="p_load/6 "/>
</bind>
</comp>

<comp id="399" class="1004" name="p_mid2_fu_399">
<pin_list>
<pin id="400" dir="0" index="0" bw="1" slack="4"/>
<pin id="401" dir="0" index="1" bw="1" slack="0"/>
<pin id="402" dir="0" index="2" bw="16" slack="0"/>
<pin id="403" dir="1" index="3" bw="16" slack="0"/>
</pin_list>
<bind>
<opcode="select(49) " fcode="select"/>
<opset="p_mid2/6 "/>
</bind>
</comp>

<comp id="406" class="1004" name="zext_ln20_1_fu_406">
<pin_list>
<pin id="407" dir="0" index="0" bw="5" slack="4"/>
<pin id="408" dir="1" index="1" bw="64" slack="0"/>
</pin_list>
<bind>
<opcode="zext(34) " fcode="zext"/>
<opset="zext_ln20_1/7 "/>
</bind>
</comp>

<comp id="410" class="1004" name="store_ln20_store_fu_410">
<pin_list>
<pin id="411" dir="0" index="0" bw="16" slack="0"/>
<pin id="412" dir="0" index="1" bw="16" slack="6"/>
<pin id="413" dir="1" index="2" bw="0" slack="2147483647"/>
</pin_list>
<bind>
<opcode="store(28) " fcode="store"/>
<opset="store_ln20/7 "/>
</bind>
</comp>

<comp id="414" class="1007" name="grp_fu_414">
<pin_list>
<pin id="415" dir="0" index="0" bw="8" slack="0"/>
<pin id="416" dir="0" index="1" bw="8" slack="0"/>
<pin id="417" dir="0" index="2" bw="16" slack="0"/>
<pin id="418" dir="1" index="3" bw="16" slack="0"/>
</pin_list>
<bind>
<opcode="muladd(1172) " fcode="muladd"/>
<opset="mul_ln20/4 add_ln20/6 "/>
</bind>
</comp>

<comp id="424" class="1005" name="indvar_flatten131_reg_424">
<pin_list>
<pin id="425" dir="0" index="0" bw="7" slack="0"/>
<pin id="426" dir="1" index="1" bw="7" slack="0"/>
</pin_list>
<bind>
<opset="indvar_flatten131 "/>
</bind>
</comp>

<comp id="431" class="1005" name="i_reg_431">
<pin_list>
<pin id="432" dir="0" index="0" bw="3" slack="0"/>
<pin id="433" dir="1" index="1" bw="3" slack="0"/>
</pin_list>
<bind>
<opset="i "/>
</bind>
</comp>

<comp id="438" class="1005" name="indvar_flatten3_reg_438">
<pin_list>
<pin id="439" dir="0" index="0" bw="6" slack="0"/>
<pin id="440" dir="1" index="1" bw="6" slack="0"/>
</pin_list>
<bind>
<opset="indvar_flatten3 "/>
</bind>
</comp>

<comp id="445" class="1005" name="j_reg_445">
<pin_list>
<pin id="446" dir="0" index="0" bw="3" slack="0"/>
<pin id="447" dir="1" index="1" bw="3" slack="0"/>
</pin_list>
<bind>
<opset="j "/>
</bind>
</comp>

<comp id="452" class="1005" name="k_reg_452">
<pin_list>
<pin id="453" dir="0" index="0" bw="3" slack="0"/>
<pin id="454" dir="1" index="1" bw="3" slack="0"/>
</pin_list>
<bind>
<opset="k "/>
</bind>
</comp>

<comp id="459" class="1005" name="empty_reg_459">
<pin_list>
<pin id="460" dir="0" index="0" bw="16" slack="0"/>
<pin id="461" dir="1" index="1" bw="16" slack="0"/>
</pin_list>
<bind>
<opset="empty "/>
</bind>
</comp>

<comp id="466" class="1005" name="and_ln9_reg_466">
<pin_list>
<pin id="467" dir="0" index="0" bw="1" slack="1"/>
<pin id="468" dir="1" index="1" bw="1" slack="1"/>
</pin_list>
<bind>
<opset="and_ln9 "/>
</bind>
</comp>

<comp id="471" class="1005" name="empty_6_reg_471">
<pin_list>
<pin id="472" dir="0" index="0" bw="1" slack="4"/>
<pin id="473" dir="1" index="1" bw="1" slack="4"/>
</pin_list>
<bind>
<opset="empty_6 "/>
</bind>
</comp>

<comp id="476" class="1005" name="k_mid2_reg_476">
<pin_list>
<pin id="477" dir="0" index="0" bw="3" slack="1"/>
<pin id="478" dir="1" index="1" bw="3" slack="1"/>
</pin_list>
<bind>
<opset="k_mid2 "/>
</bind>
</comp>

<comp id="481" class="1005" name="add_ln12_2_reg_481">
<pin_list>
<pin id="482" dir="0" index="0" bw="5" slack="1"/>
<pin id="483" dir="1" index="1" bw="5" slack="1"/>
</pin_list>
<bind>
<opset="add_ln12_2 "/>
</bind>
</comp>

<comp id="486" class="1005" name="zext_ln20_2_reg_486">
<pin_list>
<pin id="487" dir="0" index="0" bw="5" slack="1"/>
<pin id="488" dir="1" index="1" bw="5" slack="1"/>
</pin_list>
<bind>
<opset="zext_ln20_2 "/>
</bind>
</comp>

<comp id="491" class="1005" name="a_addr_reg_491">
<pin_list>
<pin id="492" dir="0" index="0" bw="5" slack="1"/>
<pin id="493" dir="1" index="1" bw="5" slack="1"/>
</pin_list>
<bind>
<opset="a_addr "/>
</bind>
</comp>

<comp id="496" class="1005" name="k_3_reg_496">
<pin_list>
<pin id="497" dir="0" index="0" bw="3" slack="1"/>
<pin id="498" dir="1" index="1" bw="3" slack="1"/>
</pin_list>
<bind>
<opset="k_3 "/>
</bind>
</comp>

<comp id="501" class="1005" name="icmp_ln12_reg_501">
<pin_list>
<pin id="502" dir="0" index="0" bw="1" slack="0"/>
<pin id="503" dir="1" index="1" bw="1" slack="0"/>
</pin_list>
<bind>
<opset="icmp_ln12 "/>
</bind>
</comp>

<comp id="506" class="1005" name="icmp_ln9_reg_506">
<pin_list>
<pin id="507" dir="0" index="0" bw="1" slack="1"/>
<pin id="508" dir="1" index="1" bw="1" slack="2147483647"/>
</pin_list>
<bind>
<opset="icmp_ln9 "/>
</bind>
</comp>

<comp id="510" class="1005" name="add_ln20_1_reg_510">
<pin_list>
<pin id="511" dir="0" index="0" bw="5" slack="4"/>
<pin id="512" dir="1" index="1" bw="5" slack="4"/>
</pin_list>
<bind>
<opset="add_ln20_1 "/>
</bind>
</comp>

<comp id="515" class="1005" name="b_addr_reg_515">
<pin_list>
<pin id="516" dir="0" index="0" bw="5" slack="1"/>
<pin id="517" dir="1" index="1" bw="5" slack="1"/>
</pin_list>
<bind>
<opset="b_addr "/>
</bind>
</comp>

<comp id="520" class="1005" name="a_load_reg_520">
<pin_list>
<pin id="521" dir="0" index="0" bw="8" slack="1"/>
<pin id="522" dir="1" index="1" bw="8" slack="1"/>
</pin_list>
<bind>
<opset="a_load "/>
</bind>
</comp>

<comp id="525" class="1005" name="icmp_ln17_reg_525">
<pin_list>
<pin id="526" dir="0" index="0" bw="1" slack="1"/>
<pin id="527" dir="1" index="1" bw="1" slack="1"/>
</pin_list>
<bind>
<opset="icmp_ln17 "/>
</bind>
</comp>

<comp id="530" class="1005" name="sext_ln20_reg_530">
<pin_list>
<pin id="531" dir="0" index="0" bw="16" slack="1"/>
<pin id="532" dir="1" index="1" bw="16" slack="1"/>
</pin_list>
<bind>
<opset="sext_ln20 "/>
</bind>
</comp>

<comp id="535" class="1005" name="sext_ln20_1_reg_535">
<pin_list>
<pin id="536" dir="0" index="0" bw="16" slack="1"/>
<pin id="537" dir="1" index="1" bw="16" slack="1"/>
</pin_list>
<bind>
<opset="sext_ln20_1 "/>
</bind>
</comp>

<comp id="540" class="1005" name="p_mid2_reg_540">
<pin_list>
<pin id="541" dir="0" index="0" bw="16" slack="1"/>
<pin id="542" dir="1" index="1" bw="16" slack="1"/>
</pin_list>
<bind>
<opset="p_mid2 "/>
</bind>
</comp>

</comp_list>

<net_list>
<net id="67"><net_src comp="6" pin="0"/><net_sink comp="64" pin=0"/></net>

<net id="71"><net_src comp="6" pin="0"/><net_sink comp="68" pin=0"/></net>

<net id="75"><net_src comp="6" pin="0"/><net_sink comp="72" pin=0"/></net>

<net id="79"><net_src comp="6" pin="0"/><net_sink comp="76" pin=0"/></net>

<net id="83"><net_src comp="6" pin="0"/><net_sink comp="80" pin=0"/></net>

<net id="87"><net_src comp="6" pin="0"/><net_sink comp="84" pin=0"/></net>

<net id="93"><net_src comp="0" pin="0"/><net_sink comp="88" pin=0"/></net>

<net id="94"><net_src comp="42" pin="0"/><net_sink comp="88" pin=1"/></net>

<net id="100"><net_src comp="88" pin="3"/><net_sink comp="95" pin=0"/></net>

<net id="106"><net_src comp="2" pin="0"/><net_sink comp="101" pin=0"/></net>

<net id="107"><net_src comp="42" pin="0"/><net_sink comp="101" pin=1"/></net>

<net id="113"><net_src comp="101" pin="3"/><net_sink comp="108" pin=0"/></net>

<net id="119"><net_src comp="4" pin="0"/><net_sink comp="114" pin=0"/></net>

<net id="120"><net_src comp="42" pin="0"/><net_sink comp="114" pin=1"/></net>

<net id="126"><net_src comp="114" pin="3"/><net_sink comp="121" pin=0"/></net>

<net id="130"><net_src comp="32" pin="0"/><net_sink comp="127" pin=0"/></net>

<net id="137"><net_src comp="127" pin="1"/><net_sink comp="131" pin=0"/></net>

<net id="138"><net_src comp="131" pin="4"/><net_sink comp="127" pin=0"/></net>

<net id="142"><net_src comp="32" pin="0"/><net_sink comp="139" pin=0"/></net>

<net id="149"><net_src comp="139" pin="1"/><net_sink comp="143" pin=0"/></net>

<net id="154"><net_src comp="24" pin="0"/><net_sink comp="150" pin=0"/></net>

<net id="159"><net_src comp="26" pin="0"/><net_sink comp="155" pin=0"/></net>

<net id="164"><net_src comp="26" pin="0"/><net_sink comp="160" pin=0"/></net>

<net id="169"><net_src comp="28" pin="0"/><net_sink comp="165" pin=0"/></net>

<net id="174"><net_src comp="26" pin="0"/><net_sink comp="170" pin=0"/></net>

<net id="179"><net_src comp="30" pin="0"/><net_sink comp="175" pin=0"/></net>

<net id="196"><net_src comp="131" pin="4"/><net_sink comp="192" pin=0"/></net>

<net id="197"><net_src comp="34" pin="0"/><net_sink comp="192" pin=1"/></net>

<net id="202"><net_src comp="143" pin="4"/><net_sink comp="198" pin=0"/></net>

<net id="203"><net_src comp="192" pin="2"/><net_sink comp="198" pin=1"/></net>

<net id="209"><net_src comp="131" pin="4"/><net_sink comp="204" pin=0"/></net>

<net id="210"><net_src comp="36" pin="0"/><net_sink comp="204" pin=1"/></net>

<net id="211"><net_src comp="26" pin="0"/><net_sink comp="204" pin=2"/></net>

<net id="216"><net_src comp="183" pin="1"/><net_sink comp="212" pin=0"/></net>

<net id="217"><net_src comp="204" pin="3"/><net_sink comp="212" pin=1"/></net>

<net id="222"><net_src comp="198" pin="2"/><net_sink comp="218" pin=0"/></net>

<net id="223"><net_src comp="131" pin="4"/><net_sink comp="218" pin=1"/></net>

<net id="229"><net_src comp="218" pin="2"/><net_sink comp="224" pin=0"/></net>

<net id="230"><net_src comp="26" pin="0"/><net_sink comp="224" pin=1"/></net>

<net id="231"><net_src comp="189" pin="1"/><net_sink comp="224" pin=2"/></net>

<net id="235"><net_src comp="212" pin="2"/><net_sink comp="232" pin=0"/></net>

<net id="241"><net_src comp="38" pin="0"/><net_sink comp="236" pin=0"/></net>

<net id="242"><net_src comp="212" pin="2"/><net_sink comp="236" pin=1"/></net>

<net id="243"><net_src comp="40" pin="0"/><net_sink comp="236" pin=2"/></net>

<net id="248"><net_src comp="236" pin="3"/><net_sink comp="244" pin=0"/></net>

<net id="249"><net_src comp="232" pin="1"/><net_sink comp="244" pin=1"/></net>

<net id="253"><net_src comp="224" pin="3"/><net_sink comp="250" pin=0"/></net>

<net id="258"><net_src comp="244" pin="2"/><net_sink comp="254" pin=0"/></net>

<net id="259"><net_src comp="250" pin="1"/><net_sink comp="254" pin=1"/></net>

<net id="263"><net_src comp="254" pin="2"/><net_sink comp="260" pin=0"/></net>

<net id="264"><net_src comp="260" pin="1"/><net_sink comp="88" pin=2"/></net>

<net id="269"><net_src comp="224" pin="3"/><net_sink comp="265" pin=0"/></net>

<net id="270"><net_src comp="36" pin="0"/><net_sink comp="265" pin=1"/></net>

<net id="275"><net_src comp="180" pin="1"/><net_sink comp="271" pin=0"/></net>

<net id="276"><net_src comp="44" pin="0"/><net_sink comp="271" pin=1"/></net>

<net id="281"><net_src comp="186" pin="1"/><net_sink comp="277" pin=0"/></net>

<net id="282"><net_src comp="46" pin="0"/><net_sink comp="277" pin=1"/></net>

<net id="288"><net_src comp="131" pin="4"/><net_sink comp="283" pin=0"/></net>

<net id="289"><net_src comp="46" pin="0"/><net_sink comp="283" pin=1"/></net>

<net id="290"><net_src comp="277" pin="2"/><net_sink comp="283" pin=2"/></net>

<net id="295"><net_src comp="283" pin="3"/><net_sink comp="291" pin=0"/></net>

<net id="296"><net_src comp="48" pin="0"/><net_sink comp="291" pin=1"/></net>

<net id="301"><net_src comp="180" pin="1"/><net_sink comp="297" pin=0"/></net>

<net id="302"><net_src comp="50" pin="0"/><net_sink comp="297" pin=1"/></net>

<net id="307"><net_src comp="265" pin="2"/><net_sink comp="303" pin=0"/></net>

<net id="312"><net_src comp="283" pin="3"/><net_sink comp="308" pin=0"/></net>

<net id="317"><net_src comp="212" pin="2"/><net_sink comp="313" pin=0"/></net>

<net id="322"><net_src comp="271" pin="2"/><net_sink comp="318" pin=0"/></net>

<net id="331"><net_src comp="127" pin="1"/><net_sink comp="326" pin=0"/></net>

<net id="332"><net_src comp="26" pin="0"/><net_sink comp="326" pin=1"/></net>

<net id="333"><net_src comp="323" pin="1"/><net_sink comp="326" pin=2"/></net>

<net id="339"><net_src comp="36" pin="0"/><net_sink comp="334" pin=1"/></net>

<net id="340"><net_src comp="26" pin="0"/><net_sink comp="334" pin=2"/></net>

<net id="345"><net_src comp="326" pin="3"/><net_sink comp="341" pin=0"/></net>

<net id="346"><net_src comp="334" pin="3"/><net_sink comp="341" pin=1"/></net>

<net id="350"><net_src comp="341" pin="2"/><net_sink comp="347" pin=0"/></net>

<net id="355"><net_src comp="347" pin="1"/><net_sink comp="351" pin=1"/></net>

<net id="361"><net_src comp="38" pin="0"/><net_sink comp="356" pin=0"/></net>

<net id="362"><net_src comp="40" pin="0"/><net_sink comp="356" pin=2"/></net>

<net id="367"><net_src comp="356" pin="3"/><net_sink comp="363" pin=0"/></net>

<net id="372"><net_src comp="363" pin="2"/><net_sink comp="368" pin=0"/></net>

<net id="373"><net_src comp="347" pin="1"/><net_sink comp="368" pin=1"/></net>

<net id="377"><net_src comp="368" pin="2"/><net_sink comp="374" pin=0"/></net>

<net id="378"><net_src comp="374" pin="1"/><net_sink comp="101" pin=2"/></net>

<net id="383"><net_src comp="52" pin="0"/><net_sink comp="379" pin=1"/></net>

<net id="388"><net_src comp="341" pin="2"/><net_sink comp="384" pin=0"/></net>

<net id="395"><net_src comp="108" pin="3"/><net_sink comp="392" pin=0"/></net>

<net id="404"><net_src comp="24" pin="0"/><net_sink comp="399" pin=1"/></net>

<net id="405"><net_src comp="396" pin="1"/><net_sink comp="399" pin=2"/></net>

<net id="409"><net_src comp="406" pin="1"/><net_sink comp="114" pin=2"/></net>

<net id="419"><net_src comp="392" pin="1"/><net_sink comp="414" pin=0"/></net>

<net id="420"><net_src comp="389" pin="1"/><net_sink comp="414" pin=1"/></net>

<net id="421"><net_src comp="399" pin="3"/><net_sink comp="414" pin=2"/></net>

<net id="422"><net_src comp="414" pin="3"/><net_sink comp="121" pin=1"/></net>

<net id="423"><net_src comp="414" pin="3"/><net_sink comp="410" pin=0"/></net>

<net id="427"><net_src comp="64" pin="1"/><net_sink comp="424" pin=0"/></net>

<net id="428"><net_src comp="424" pin="1"/><net_sink comp="175" pin=1"/></net>

<net id="429"><net_src comp="424" pin="1"/><net_sink comp="180" pin=0"/></net>

<net id="430"><net_src comp="424" pin="1"/><net_sink comp="318" pin=1"/></net>

<net id="434"><net_src comp="68" pin="1"/><net_sink comp="431" pin=0"/></net>

<net id="435"><net_src comp="431" pin="1"/><net_sink comp="170" pin=1"/></net>

<net id="436"><net_src comp="431" pin="1"/><net_sink comp="183" pin=0"/></net>

<net id="437"><net_src comp="431" pin="1"/><net_sink comp="313" pin=1"/></net>

<net id="441"><net_src comp="72" pin="1"/><net_sink comp="438" pin=0"/></net>

<net id="442"><net_src comp="438" pin="1"/><net_sink comp="165" pin=1"/></net>

<net id="443"><net_src comp="438" pin="1"/><net_sink comp="186" pin=0"/></net>

<net id="444"><net_src comp="438" pin="1"/><net_sink comp="308" pin=1"/></net>

<net id="448"><net_src comp="76" pin="1"/><net_sink comp="445" pin=0"/></net>

<net id="449"><net_src comp="445" pin="1"/><net_sink comp="160" pin=1"/></net>

<net id="450"><net_src comp="445" pin="1"/><net_sink comp="323" pin=0"/></net>

<net id="451"><net_src comp="445" pin="1"/><net_sink comp="384" pin=1"/></net>

<net id="455"><net_src comp="80" pin="1"/><net_sink comp="452" pin=0"/></net>

<net id="456"><net_src comp="452" pin="1"/><net_sink comp="155" pin=1"/></net>

<net id="457"><net_src comp="452" pin="1"/><net_sink comp="189" pin=0"/></net>

<net id="458"><net_src comp="452" pin="1"/><net_sink comp="303" pin=1"/></net>

<net id="462"><net_src comp="84" pin="1"/><net_sink comp="459" pin=0"/></net>

<net id="463"><net_src comp="459" pin="1"/><net_sink comp="150" pin=1"/></net>

<net id="464"><net_src comp="459" pin="1"/><net_sink comp="396" pin=0"/></net>

<net id="465"><net_src comp="459" pin="1"/><net_sink comp="410" pin=1"/></net>

<net id="469"><net_src comp="198" pin="2"/><net_sink comp="466" pin=0"/></net>

<net id="470"><net_src comp="466" pin="1"/><net_sink comp="334" pin=0"/></net>

<net id="474"><net_src comp="218" pin="2"/><net_sink comp="471" pin=0"/></net>

<net id="475"><net_src comp="471" pin="1"/><net_sink comp="399" pin=0"/></net>

<net id="479"><net_src comp="224" pin="3"/><net_sink comp="476" pin=0"/></net>

<net id="480"><net_src comp="476" pin="1"/><net_sink comp="356" pin=1"/></net>

<net id="484"><net_src comp="244" pin="2"/><net_sink comp="481" pin=0"/></net>

<net id="485"><net_src comp="481" pin="1"/><net_sink comp="351" pin=0"/></net>

<net id="489"><net_src comp="250" pin="1"/><net_sink comp="486" pin=0"/></net>

<net id="490"><net_src comp="486" pin="1"/><net_sink comp="363" pin=1"/></net>

<net id="494"><net_src comp="88" pin="3"/><net_sink comp="491" pin=0"/></net>

<net id="495"><net_src comp="491" pin="1"/><net_sink comp="95" pin=0"/></net>

<net id="499"><net_src comp="265" pin="2"/><net_sink comp="496" pin=0"/></net>

<net id="500"><net_src comp="496" pin="1"/><net_sink comp="379" pin=0"/></net>

<net id="504"><net_src comp="291" pin="2"/><net_sink comp="501" pin=0"/></net>

<net id="505"><net_src comp="501" pin="1"/><net_sink comp="131" pin=2"/></net>

<net id="509"><net_src comp="297" pin="2"/><net_sink comp="506" pin=0"/></net>

<net id="513"><net_src comp="351" pin="2"/><net_sink comp="510" pin=0"/></net>

<net id="514"><net_src comp="510" pin="1"/><net_sink comp="406" pin=0"/></net>

<net id="518"><net_src comp="101" pin="3"/><net_sink comp="515" pin=0"/></net>

<net id="519"><net_src comp="515" pin="1"/><net_sink comp="108" pin=0"/></net>

<net id="523"><net_src comp="95" pin="3"/><net_sink comp="520" pin=0"/></net>

<net id="524"><net_src comp="520" pin="1"/><net_sink comp="389" pin=0"/></net>

<net id="528"><net_src comp="379" pin="2"/><net_sink comp="525" pin=0"/></net>

<net id="529"><net_src comp="525" pin="1"/><net_sink comp="143" pin=2"/></net>

<net id="533"><net_src comp="389" pin="1"/><net_sink comp="530" pin=0"/></net>

<net id="534"><net_src comp="530" pin="1"/><net_sink comp="414" pin=1"/></net>

<net id="538"><net_src comp="392" pin="1"/><net_sink comp="535" pin=0"/></net>

<net id="539"><net_src comp="535" pin="1"/><net_sink comp="414" pin=0"/></net>

<net id="543"><net_src comp="399" pin="3"/><net_sink comp="540" pin=0"/></net>

<net id="544"><net_src comp="540" pin="1"/><net_sink comp="414" pin=1"/></net>

</net_list>

</model> 
---------------- Datapath Model END ------------------

* FSMD analyzer results:
  - Output states:
	Port: prod | {7 }
 - Input state : 
	Port: matrix_mult : a | {2 3 }
	Port: matrix_mult : b | {3 4 }
  - Chain level:
	State 1
		store_ln0 : 1
		store_ln17 : 1
		store_ln12 : 1
		store_ln0 : 1
		store_ln9 : 1
		store_ln0 : 1
	State 2
		xor_ln9 : 1
		and_ln9 : 1
		empty_5 : 1
		i_3 : 2
		empty_6 : 1
		k_mid2 : 1
		zext_ln12 : 3
		tmp : 3
		add_ln12_2 : 4
		zext_ln20_2 : 2
		add_ln20_2 : 3
		zext_ln20_3 : 4
		a_addr : 5
		a_load : 6
		k_3 : 2
		add_ln9_1 : 1
		add_ln12_1 : 1
		select_ln12 : 2
		icmp_ln12 : 3
		icmp_ln9 : 1
		store_ln17 : 3
		store_ln12 : 3
		store_ln9 : 3
		store_ln9 : 2
		br_ln9 : 2
	State 3
		select_ln9 : 1
		j_3 : 2
		zext_ln20 : 3
		add_ln20_1 : 4
		add_ln20_4 : 1
		add_ln20_3 : 4
		zext_ln20_4 : 5
		b_addr : 6
		b_load : 7
		br_ln17 : 1
		store_ln12 : 3
	State 4
		sext_ln20_1 : 1
		mul_ln20 : 2
	State 5
	State 6
		p_mid2 : 1
		add_ln20 : 2
	State 7
		prod_addr : 1
		store_ln20 : 2
		store_ln20 : 1


============================================================
+ Verbose Summary: Datapath Resource usage 
============================================================

* Functional unit list:
|----------|--------------------|---------|---------|---------|
| Operation|   Functional Unit  |   DSP   |    FF   |   LUT   |
|----------|--------------------|---------|---------|---------|
|          |     i_3_fu_212     |    0    |    0    |    11   |
|          |  add_ln12_2_fu_244 |    0    |    0    |    13   |
|          |  add_ln20_2_fu_254 |    0    |    0    |    13   |
|          |     k_3_fu_265     |    0    |    0    |    11   |
|    add   |  add_ln9_1_fu_271  |    0    |    0    |    14   |
|          |  add_ln12_1_fu_277 |    0    |    0    |    14   |
|          |     j_3_fu_341     |    0    |    0    |    11   |
|          |  add_ln20_1_fu_351 |    0    |    0    |    13   |
|          |  add_ln20_4_fu_363 |    0    |    0    |    7    |
|          |  add_ln20_3_fu_368 |    0    |    0    |    7    |
|----------|--------------------|---------|---------|---------|
|          |  icmp_ln12_fu_291  |    0    |    0    |    14   |
|   icmp   |   icmp_ln9_fu_297  |    0    |    0    |    14   |
|          |  icmp_ln17_fu_379  |    0    |    0    |    11   |
|----------|--------------------|---------|---------|---------|
|          |   empty_5_fu_204   |    0    |    0    |    2    |
|          |    k_mid2_fu_224   |    0    |    0    |    3    |
|  select  | select_ln12_fu_283 |    0    |    0    |    6    |
|          |  select_ln9_fu_326 |    0    |    0    |    3    |
|          |   empty_7_fu_334   |    0    |    0    |    2    |
|          |    p_mid2_fu_399   |    0    |    0    |    16   |
|----------|--------------------|---------|---------|---------|
|    xor   |   xor_ln9_fu_192   |    0    |    0    |    2    |
|----------|--------------------|---------|---------|---------|
|    and   |   and_ln9_fu_198   |    0    |    0    |    2    |
|----------|--------------------|---------|---------|---------|
|    or    |   empty_6_fu_218   |    0    |    0    |    2    |
|----------|--------------------|---------|---------|---------|
|  muladd  |     grp_fu_414     |    1    |    0    |    0    |
|----------|--------------------|---------|---------|---------|
|          |  zext_ln12_fu_232  |    0    |    0    |    0    |
|          | zext_ln20_2_fu_250 |    0    |    0    |    0    |
|   zext   | zext_ln20_3_fu_260 |    0    |    0    |    0    |
|          |  zext_ln20_fu_347  |    0    |    0    |    0    |
|          | zext_ln20_4_fu_374 |    0    |    0    |    0    |
|          | zext_ln20_1_fu_406 |    0    |    0    |    0    |
|----------|--------------------|---------|---------|---------|
|bitconcatenate|     tmp_fu_236     |    0    |    0    |    0    |
|          |    tmp_1_fu_356    |    0    |    0    |    0    |
|----------|--------------------|---------|---------|---------|
|   sext   |  sext_ln20_fu_389  |    0    |    0    |    0    |
|          | sext_ln20_1_fu_392 |    0    |    0    |    0    |
|----------|--------------------|---------|---------|---------|
|   Total  |                    |    1    |    0    |   191   |
|----------|--------------------|---------|---------|---------|

Memories:
N/A

* Register list:
+-------------------------+--------+
|                         |   FF   |
+-------------------------+--------+
|      a_addr_reg_491     |    5   |
|      a_load_reg_520     |    8   |
|    add_ln12_2_reg_481   |    5   |
|    add_ln20_1_reg_510   |    5   |
|     and_ln9_reg_466     |    1   |
|      b_addr_reg_515     |    5   |
|     empty_6_reg_471     |    1   |
|      empty_reg_459      |   16   |
|        i_reg_431        |    3   |
|    icmp_ln127_reg_127   |    1   |
|    icmp_ln12_reg_501    |    1   |
|    icmp_ln176_reg_139   |    1   |
|    icmp_ln17_reg_525    |    1   |
|     icmp_ln9_reg_506    |    1   |
|indvar_flatten131_reg_424|    7   |
| indvar_flatten3_reg_438 |    6   |
|        j_reg_445        |    3   |
|       k_3_reg_496       |    3   |
|      k_mid2_reg_476     |    3   |
|        k_reg_452        |    3   |
|      p_mid2_reg_540     |   16   |
|   sext_ln20_1_reg_535   |   16   |
|    sext_ln20_reg_530    |   16   |
|   zext_ln20_2_reg_486   |    5   |
+-------------------------+--------+
|          Total          |   132  |
+-------------------------+--------+

* Multiplexer (MUX) list: 
|--------------------|------|------|------|--------||---------||---------||---------|
|        Comp        |  Pin | Size |  BW  | S x BW ||  Delay  ||    FF   ||   LUT   |
|--------------------|------|------|------|--------||---------||---------||---------|
|  grp_access_fu_95  |  p0  |   2  |   5  |   10   ||    0    ||    9    |
|  grp_access_fu_108 |  p0  |   2  |   5  |   10   ||    0    ||    9    |
| icmp_ln127_reg_127 |  p0  |   2  |   1  |    2   ||    0    ||    9    |
|     grp_fu_414     |  p0  |   2  |   8  |   16   ||    0    ||    9    |
|     grp_fu_414     |  p1  |   3  |   8  |   24   ||    0    ||    14   |
|--------------------|------|------|------|--------||---------||---------||---------|
|        Total       |      |      |      |   62   ||  8.0593 ||    0    ||    50   |
|--------------------|------|------|------|--------||---------||---------||---------|



* Summary:
+-----------+--------+--------+--------+--------+
|           |   DSP  |  Delay |   FF   |   LUT  |
+-----------+--------+--------+--------+--------+
|  Function |    1   |    -   |    0   |   191  |
|   Memory  |    -   |    -   |    -   |    -   |
|Multiplexer|    -   |    8   |    0   |   50   |
|  Register |    -   |    -   |   132  |    -   |
+-----------+--------+--------+--------+--------+
|   Total   |    1   |    8   |   132  |   241  |
+-----------+--------+--------+--------+--------+
