  **** HLS Build v2026.1 6493734
INFO: [HLS 200-2005] Using work_dir D:/SOCD334264/Lab_3/matrix_mult_3B_Function/matrix_mult 
INFO: [HLS 200-2176] Writing Vitis IDE component file D:/SOCD334264/Lab_3/matrix_mult_3B_Function/matrix_mult/vitis-comp.json
INFO: [HLS 200-10] Creating and opening component 'D:/SOCD334264/Lab_3/matrix_mult_3B_Function/matrix_mult'.
INFO: [HLS 200-2174] Applying component config ini file hls_config.cfg
INFO: [HLS 200-1465] Applying config ini 'syn.file=../source/tut3B_Function/matrix_mult.cpp' from hls_config.cfg(7)
INFO: [HLS 200-10] Adding design file 'D:/SOCD334264/Lab_3/source/tut3B_Function/matrix_mult.cpp' to the project
INFO: [HLS 200-1465] Applying config ini 'syn.file=../source/tut3B_Function/matrix_mult.h' from hls_config.cfg(8)
INFO: [HLS 200-10] Adding design file 'D:/SOCD334264/Lab_3/source/tut3B_Function/matrix_mult.h' to the project
INFO: [HLS 200-1465] Applying config ini 'tb.file=../source/tut3B_Function/matrix_mult_test.cpp' from hls_config.cfg(9)
INFO: [HLS 200-10] Adding test bench file 'D:/SOCD334264/Lab_3/source/tut3B_Function/matrix_mult_test.cpp' to the project
INFO: [HLS 200-1465] Applying config ini 'syn.top=matrix_mult' from hls_config.cfg(6)
INFO: [HLS 200-1465] Applying config ini 'part=xc7z020clg484-1' from hls_config.cfg(1)
INFO: [HLS 200-1611] Setting target device to 'xc7z020-clg484-1'
INFO: [HLS 200-1465] Applying config ini 'clock=5ns' from hls_config.cfg(10)
INFO: [SYN 201-201] Setting up clock 'default' with a period of 5ns.
INFO: [HLS 200-1465] Applying config ini 'package.output.format=ip_catalog' from hls_config.cfg(4)
INFO: [HLS 200-1465] Applying config ini 'syn.compile.pipeline_loops=0' from hls_config.cfg(11)
INFO: [HLS 200-2176] Writing Vitis IDE component file D:/SOCD334264/Lab_3/matrix_mult_3B_Function/matrix_mult/vitis-comp.json
INFO: [HLS 200-111] Finished File checks and directory preparation: CPU user time: 1 seconds. CPU system time: 2 seconds. Elapsed time: 4.482 seconds; current allocated memory: 143.770 MB.
INFO: [HLS 200-2191] C-Synthesis will use clang-16 as the compiler
INFO: [HLS 200-10] Analyzing design file '../source/tut3B_Function/matrix_mult.cpp' ... 
INFO: [HLS 200-111] Finished Source Code Analysis and Preprocessing: CPU user time: 1 seconds. CPU system time: 0 seconds. Elapsed time: 3.121 seconds; current allocated memory: 145.641 MB.
INFO: [HLS 200-1995] There were 55 instructions in the design after the 'Compile/Link' phase of compilation. See the Design Size Report for more details (D:/SOCD334264/Lab_3/matrix_mult_3B_Function/matrix_mult/hls/syn/report/csynth_design_size.rpt:2)
INFO: [HLS 214-291] Loop 'Row' is marked as complete unroll implied by the pipeline pragma (../source/tut3B_Function/matrix_mult.cpp:11:9)
INFO: [HLS 214-291] Loop 'Col' is marked as complete unroll implied by the pipeline pragma (../source/tut3B_Function/matrix_mult.cpp:14:12)
INFO: [HLS 214-291] Loop 'Product' is marked as complete unroll implied by the pipeline pragma (../source/tut3B_Function/matrix_mult.cpp:19:19)
INFO: [HLS 214-186] Unrolling loop 'Row' (../source/tut3B_Function/matrix_mult.cpp:11:9) in function 'matrix_mult' completely with a factor of 5 (../source/tut3B_Function/matrix_mult.cpp:7:0)
INFO: [HLS 214-186] Unrolling loop 'Col' (../source/tut3B_Function/matrix_mult.cpp:14:12) in function 'matrix_mult' completely with a factor of 5 (../source/tut3B_Function/matrix_mult.cpp:7:0)
INFO: [HLS 214-186] Unrolling loop 'Product' (../source/tut3B_Function/matrix_mult.cpp:19:19) in function 'matrix_mult' completely with a factor of 5 (../source/tut3B_Function/matrix_mult.cpp:7:0)
INFO: [HLS 200-1995] There were 1,159 instructions in the design after the 'Unroll/Inline' phase of compilation. See the Design Size Report for more details (D:/SOCD334264/Lab_3/matrix_mult_3B_Function/matrix_mult/hls/syn/report/csynth_design_size.rpt:2)
INFO: [HLS 200-1995] There were 426 instructions in the design after the 'Unroll/Inline (step 2)' phase of compilation. See the Design Size Report for more details (D:/SOCD334264/Lab_3/matrix_mult_3B_Function/matrix_mult/hls/syn/report/csynth_design_size.rpt:2)
INFO: [HLS 200-1995] There were 426 instructions in the design after the 'Unroll/Inline (step 3)' phase of compilation. See the Design Size Report for more details (D:/SOCD334264/Lab_3/matrix_mult_3B_Function/matrix_mult/hls/syn/report/csynth_design_size.rpt:2)
INFO: [HLS 200-1995] There were 426 instructions in the design after the 'Unroll/Inline (step 4)' phase of compilation. See the Design Size Report for more details (D:/SOCD334264/Lab_3/matrix_mult_3B_Function/matrix_mult/hls/syn/report/csynth_design_size.rpt:2)
INFO: [HLS 200-1995] There were 426 instructions in the design after the 'Array/Struct' phase of compilation. See the Design Size Report for more details (D:/SOCD334264/Lab_3/matrix_mult_3B_Function/matrix_mult/hls/syn/report/csynth_design_size.rpt:2)
INFO: [HLS 200-1995] There were 426 instructions in the design after the 'Array/Struct (step 2)' phase of compilation. See the Design Size Report for more details (D:/SOCD334264/Lab_3/matrix_mult_3B_Function/matrix_mult/hls/syn/report/csynth_design_size.rpt:2)
INFO: [HLS 200-1995] There were 426 instructions in the design after the 'Array/Struct (step 3)' phase of compilation. See the Design Size Report for more details (D:/SOCD334264/Lab_3/matrix_mult_3B_Function/matrix_mult/hls/syn/report/csynth_design_size.rpt:2)
INFO: [HLS 200-1995] There were 426 instructions in the design after the 'Array/Struct (step 4)' phase of compilation. See the Design Size Report for more details (D:/SOCD334264/Lab_3/matrix_mult_3B_Function/matrix_mult/hls/syn/report/csynth_design_size.rpt:2)
INFO: [HLS 200-1995] There were 426 instructions in the design after the 'Array/Struct (step 5)' phase of compilation. See the Design Size Report for more details (D:/SOCD334264/Lab_3/matrix_mult_3B_Function/matrix_mult/hls/syn/report/csynth_design_size.rpt:2)
INFO: [HLS 200-1995] There were 426 instructions in the design after the 'Performance' phase of compilation. See the Design Size Report for more details (D:/SOCD334264/Lab_3/matrix_mult_3B_Function/matrix_mult/hls/syn/report/csynth_design_size.rpt:2)
INFO: [HLS 200-1995] There were 426 instructions in the design after the 'Performance (step 2)' phase of compilation. See the Design Size Report for more details (D:/SOCD334264/Lab_3/matrix_mult_3B_Function/matrix_mult/hls/syn/report/csynth_design_size.rpt:2)
INFO: [HLS 200-1995] There were 426 instructions in the design after the 'Performance (step 3)' phase of compilation. See the Design Size Report for more details (D:/SOCD334264/Lab_3/matrix_mult_3B_Function/matrix_mult/hls/syn/report/csynth_design_size.rpt:2)
INFO: [HLS 200-1995] There were 426 instructions in the design after the 'Performance (step 4)' phase of compilation. See the Design Size Report for more details (D:/SOCD334264/Lab_3/matrix_mult_3B_Function/matrix_mult/hls/syn/report/csynth_design_size.rpt:2)
INFO: [HLS 200-1995] There were 432 instructions in the design after the 'HW Transforms' phase of compilation. See the Design Size Report for more details (D:/SOCD334264/Lab_3/matrix_mult_3B_Function/matrix_mult/hls/syn/report/csynth_design_size.rpt:2)
INFO: [HLS 200-1995] There were 434 instructions in the design after the 'HW Transforms (step 2)' phase of compilation. See the Design Size Report for more details (D:/SOCD334264/Lab_3/matrix_mult_3B_Function/matrix_mult/hls/syn/report/csynth_design_size.rpt:2)
INFO: [HLS 200-111] Finished Compiling Optimization and Transform: CPU user time: 0 seconds. CPU system time: 0 seconds. Elapsed time: 11.554 seconds; current allocated memory: 149.125 MB.
INFO: [HLS 200-111] Finished Checking Pragmas: CPU user time: 0 seconds. CPU system time: 0 seconds. Elapsed time: 0.004 seconds; current allocated memory: 149.125 MB.
INFO: [HLS 200-10] Starting code transformations ...
INFO: [HLS 200-111] Finished Standard Transforms: CPU user time: 0 seconds. CPU system time: 0 seconds. Elapsed time: 0.1 seconds; current allocated memory: 153.469 MB.
INFO: [HLS 200-10] Checking synthesizability ...
INFO: [HLS 200-111] Finished Checking Synthesizability: CPU user time: 0 seconds. CPU system time: 0 seconds. Elapsed time: 0.047 seconds; current allocated memory: 155.406 MB.
INFO: [XFORM 203-11] Balancing expressions in function 'matrix_mult' (../source/tut3B_Function/matrix_mult.cpp:3:1)...100 expression(s) balanced.
INFO: [HLS 200-111] Finished Loop, function and other optimizations: CPU user time: 1 seconds. CPU system time: 0 seconds. Elapsed time: 0.113 seconds; current allocated memory: 177.043 MB.
INFO: [HLS 200-111] Finished Architecture Synthesis: CPU user time: 0 seconds. CPU system time: 0 seconds. Elapsed time: 0.111 seconds; current allocated memory: 177.055 MB.
INFO: [HLS 200-2255] Checking Wire Delay Status: Wire Delay Mode is ON
INFO: [HLS 200-10] Starting hardware synthesis ...
INFO: [HLS 200-10] Synthesizing 'matrix_mult' ...
INFO: [HLS 200-10] ----------------------------------------------------------------
INFO: [HLS 200-42] -- Implementing module 'matrix_mult' 
INFO: [HLS 200-10] ----------------------------------------------------------------
INFO: [SCHED 204-11] Starting scheduling ...
INFO: [HLS 200-486] Changing DSP latency (root=add_ln21_98) to 3 in order to utilize available DSP registers.
INFO: [HLS 200-486] Changing DSP latency (root=add_ln21_97) to 3 in order to utilize available DSP registers.
INFO: [HLS 200-486] Changing DSP latency (root=add_ln21_96) to 3 in order to utilize available DSP registers.
INFO: [HLS 200-486] Changing DSP latency (root=add_ln21_94) to 3 in order to utilize available DSP registers.
INFO: [HLS 200-486] Changing DSP latency (root=add_ln21_93) to 3 in order to utilize available DSP registers.
INFO: [HLS 200-486] Changing DSP latency (root=add_ln21_92) to 3 in order to utilize available DSP registers.
INFO: [HLS 200-486] Changing DSP latency (root=add_ln21_90) to 3 in order to utilize available DSP registers.
INFO: [HLS 200-486] Changing DSP latency (root=add_ln21_89) to 3 in order to utilize available DSP registers.
INFO: [HLS 200-486] Changing DSP latency (root=add_ln21_88) to 3 in order to utilize available DSP registers.
INFO: [HLS 200-486] Changing DSP latency (root=add_ln21_86) to 3 in order to utilize available DSP registers.
INFO: [HLS 200-486] Changing DSP latency (root=add_ln21_85) to 3 in order to utilize available DSP registers.
INFO: [HLS 200-486] Changing DSP latency (root=add_ln21_84) to 3 in order to utilize available DSP registers.
INFO: [HLS 200-486] Changing DSP latency (root=add_ln21_82) to 3 in order to utilize available DSP registers.
INFO: [HLS 200-486] Changing DSP latency (root=add_ln21_81) to 3 in order to utilize available DSP registers.
INFO: [HLS 200-486] Changing DSP latency (root=add_ln21_80) to 3 in order to utilize available DSP registers.
INFO: [HLS 200-486] Changing DSP latency (root=add_ln21_78) to 3 in order to utilize available DSP registers.
INFO: [HLS 200-486] Changing DSP latency (root=add_ln21_77) to 3 in order to utilize available DSP registers.
INFO: [HLS 200-486] Changing DSP latency (root=add_ln21_76) to 3 in order to utilize available DSP registers.
INFO: [HLS 200-486] Changing DSP latency (root=add_ln21_74) to 3 in order to utilize available DSP registers.
INFO: [HLS 200-486] Changing DSP latency (root=add_ln21_73) to 3 in order to utilize available DSP registers.
INFO: [HLS 200-486] Changing DSP latency (root=add_ln21_72) to 3 in order to utilize available DSP registers.
INFO: [HLS 200-486] Changing DSP latency (root=add_ln21_70) to 3 in order to utilize available DSP registers.
INFO: [HLS 200-486] Changing DSP latency (root=add_ln21_69) to 3 in order to utilize available DSP registers.
INFO: [HLS 200-486] Changing DSP latency (root=add_ln21_68) to 3 in order to utilize available DSP registers.
INFO: [HLS 200-486] Changing DSP latency (root=add_ln21_66) to 3 in order to utilize available DSP registers.
INFO: [HLS 200-486] Changing DSP latency (root=add_ln21_65) to 3 in order to utilize available DSP registers.
INFO: [HLS 200-486] Changing DSP latency (root=add_ln21_64) to 3 in order to utilize available DSP registers.
INFO: [HLS 200-486] Changing DSP latency (root=add_ln21_62) to 3 in order to utilize available DSP registers.
INFO: [HLS 200-486] Changing DSP latency (root=add_ln21_61) to 3 in order to utilize available DSP registers.
INFO: [HLS 200-486] Changing DSP latency (root=add_ln21_60) to 3 in order to utilize available DSP registers.
INFO: [HLS 200-486] Changing DSP latency (root=add_ln21_58) to 3 in order to utilize available DSP registers.
INFO: [HLS 200-486] Changing DSP latency (root=add_ln21_57) to 3 in order to utilize available DSP registers.
INFO: [HLS 200-486] Changing DSP latency (root=add_ln21_56) to 3 in order to utilize available DSP registers.
INFO: [HLS 200-486] Changing DSP latency (root=add_ln21_54) to 3 in order to utilize available DSP registers.
INFO: [HLS 200-486] Changing DSP latency (root=add_ln21_53) to 3 in order to utilize available DSP registers.
INFO: [HLS 200-486] Changing DSP latency (root=add_ln21_52) to 3 in order to utilize available DSP registers.
INFO: [HLS 200-486] Changing DSP latency (root=add_ln21_50) to 3 in order to utilize available DSP registers.
INFO: [HLS 200-486] Changing DSP latency (root=add_ln21_49) to 3 in order to utilize available DSP registers.
INFO: [HLS 200-486] Changing DSP latency (root=add_ln21_48) to 3 in order to utilize available DSP registers.
INFO: [HLS 200-486] Changing DSP latency (root=add_ln21_46) to 3 in order to utilize available DSP registers.
INFO: [HLS 200-486] Changing DSP latency (root=add_ln21_45) to 3 in order to utilize available DSP registers.
INFO: [HLS 200-486] Changing DSP latency (root=add_ln21_44) to 3 in order to utilize available DSP registers.
INFO: [HLS 200-486] Changing DSP latency (root=add_ln21_42) to 3 in order to utilize available DSP registers.
INFO: [HLS 200-486] Changing DSP latency (root=add_ln21_41) to 3 in order to utilize available DSP registers.
INFO: [HLS 200-486] Changing DSP latency (root=add_ln21_40) to 3 in order to utilize available DSP registers.
INFO: [HLS 200-486] Changing DSP latency (root=add_ln21_38) to 3 in order to utilize available DSP registers.
INFO: [HLS 200-486] Changing DSP latency (root=add_ln21_37) to 3 in order to utilize available DSP registers.
INFO: [HLS 200-486] Changing DSP latency (root=add_ln21_36) to 3 in order to utilize available DSP registers.
INFO: [HLS 200-486] Changing DSP latency (root=add_ln21_34) to 3 in order to utilize available DSP registers.
INFO: [HLS 200-486] Changing DSP latency (root=add_ln21_33) to 3 in order to utilize available DSP registers.
INFO: [HLS 200-486] Changing DSP latency (root=add_ln21_32) to 3 in order to utilize available DSP registers.
INFO: [HLS 200-486] Changing DSP latency (root=add_ln21_30) to 3 in order to utilize available DSP registers.
INFO: [HLS 200-486] Changing DSP latency (root=add_ln21_29) to 3 in order to utilize available DSP registers.
INFO: [HLS 200-486] Changing DSP latency (root=add_ln21_28) to 3 in order to utilize available DSP registers.
INFO: [HLS 200-486] Changing DSP latency (root=add_ln21_26) to 3 in order to utilize available DSP registers.
INFO: [HLS 200-486] Changing DSP latency (root=add_ln21_25) to 3 in order to utilize available DSP registers.
INFO: [HLS 200-486] Changing DSP latency (root=add_ln21_24) to 3 in order to utilize available DSP registers.
INFO: [HLS 200-486] Changing DSP latency (root=add_ln21_22) to 3 in order to utilize available DSP registers.
INFO: [HLS 200-486] Changing DSP latency (root=add_ln21_21) to 3 in order to utilize available DSP registers.
INFO: [HLS 200-486] Changing DSP latency (root=add_ln21_20) to 3 in order to utilize available DSP registers.
INFO: [HLS 200-486] Changing DSP latency (root=add_ln21_18) to 3 in order to utilize available DSP registers.
INFO: [HLS 200-486] Changing DSP latency (root=add_ln21_17) to 3 in order to utilize available DSP registers.
INFO: [HLS 200-486] Changing DSP latency (root=add_ln21_16) to 3 in order to utilize available DSP registers.
INFO: [HLS 200-486] Changing DSP latency (root=add_ln21_14) to 3 in order to utilize available DSP registers.
INFO: [HLS 200-486] Changing DSP latency (root=add_ln21_13) to 3 in order to utilize available DSP registers.
INFO: [HLS 200-486] Changing DSP latency (root=add_ln21_12) to 3 in order to utilize available DSP registers.
INFO: [HLS 200-486] Changing DSP latency (root=add_ln21_10) to 3 in order to utilize available DSP registers.
INFO: [HLS 200-486] Changing DSP latency (root=add_ln21_9) to 3 in order to utilize available DSP registers.
INFO: [HLS 200-486] Changing DSP latency (root=add_ln21_8) to 3 in order to utilize available DSP registers.
INFO: [HLS 200-486] Changing DSP latency (root=add_ln21_6) to 3 in order to utilize available DSP registers.
INFO: [HLS 200-486] Changing DSP latency (root=add_ln21_5) to 3 in order to utilize available DSP registers.
INFO: [HLS 200-486] Changing DSP latency (root=add_ln21_4) to 3 in order to utilize available DSP registers.
INFO: [HLS 200-486] Changing DSP latency (root=add_ln21_2) to 3 in order to utilize available DSP registers.
INFO: [HLS 200-486] Changing DSP latency (root=add_ln21_1) to 3 in order to utilize available DSP registers.
INFO: [HLS 200-486] Changing DSP latency (root=add_ln21) to 3 in order to utilize available DSP registers.
WARNING: [HLS 200-1015] Estimated delay Estimated delay (5.415ns)  of 'mul' operation 16 bit ('mul_ln21_1', ../source/tut3B_Function/matrix_mult.cpp:21) exceeds the target cycle time (target cycle time: 5.000ns, clock uncertainty: 1.350ns, effective cycle time: 3.650ns).

Resolution: For help on HLS 200-1015 see docs.amd.com/access/sources/dita/topic?Doc_Version=2026.1%20English&url=ug1448-hls-guidance&resourceid=200-1015.html
INFO: [SCHED 204-61] Pipelining function 'matrix_mult'.
WARNING: [HLS 200-448] Lower bound of II is 13 due to multiple operations accessing core:RAM:a: operation list {'load' operation 8 bit ('a_load', ../source/tut3B_Function/matrix_mult.cpp:21) on array 'a', 'load' operation 8 bit ('a_load_1', ../source/tut3B_Function/matrix_mult.cpp:21) on array 'a', 'load' operation 8 bit ('a_load_2', ../source/tut3B_Function/matrix_mult.cpp:21) on array 'a', 'load' operation 8 bit ('a_load_3', ../source/tut3B_Function/matrix_mult.cpp:21) on array 'a', 'load' operation 8 bit ('a_load_4', ../source/tut3B_Function/matrix_mult.cpp:21) on array 'a', 'load' operation 8 bit ('a_load_5', ../source/tut3B_Function/matrix_mult.cpp:21) on array 'a', 'load' operation 8 bit ('a_load_6', ../source/tut3B_Function/matrix_mult.cpp:21) on array 'a', 'load' operation 8 bit ('a_load_7', ../source/tut3B_Function/matrix_mult.cpp:21) on array 'a', 'load' operation 8 bit ('a_load_8', ../source/tut3B_Function/matrix_mult.cpp:21) on array 'a', 'load' operation 8 bit ('a_load_9', ../source/tut3B_Function/matrix_mult.cpp:21) on array 'a', 'load' operation 8 bit ('a_load_10', ../source/tut3B_Function/matrix_mult.cpp:21) on array 'a', 'load' operation 8 bit ('a_load_11', ../source/tut3B_Function/matrix_mult.cpp:21) on array 'a', 'load' operation 8 bit ('a_load_12', ../source/tut3B_Function/matrix_mult.cpp:21) on array 'a', 'load' operation 8 bit ('a_load_13', ../source/tut3B_Function/matrix_mult.cpp:21) on array 'a', 'load' operation 8 bit ('a_load_14', ../source/tut3B_Function/matrix_mult.cpp:21) on array 'a', 'load' operation 8 bit ('a_load_15', ../source/tut3B_Function/matrix_mult.cpp:21) on array 'a', 'load' operation 8 bit ('a_load_16', ../source/tut3B_Function/matrix_mult.cpp:21) on array 'a', 'load' operation 8 bit ('a_load_17', ../source/tut3B_Function/matrix_mult.cpp:21) on array 'a', 'load' operation 8 bit ('a_load_18', ../source/tut3B_Function/matrix_mult.cpp:21) on array 'a', 'load' operation 8 bit ('a_load_19', ../source/tut3B_Function/matrix_mult.cpp:21) on array 'a', 'load' operation 8 bit ('a_load_20', ../source/tut3B_Function/matrix_mult.cpp:21) on array 'a', 'load' operation 8 bit ('a_load_21', ../source/tut3B_Function/matrix_mult.cpp:21) on array 'a', 'load' operation 8 bit ('a_load_22', ../source/tut3B_Function/matrix_mult.cpp:21) on array 'a', 'load' operation 8 bit ('a_load_23', ../source/tut3B_Function/matrix_mult.cpp:21) on array 'a', 'load' operation 8 bit ('a_load_24', ../source/tut3B_Function/matrix_mult.cpp:21) on array 'a'}
WARNING: [HLS 200-448] Lower bound of II is 13 due to multiple operations accessing core:RAM:b: operation list {'load' operation 8 bit ('b_load', ../source/tut3B_Function/matrix_mult.cpp:21) on array 'b', 'load' operation 8 bit ('b_load_1', ../source/tut3B_Function/matrix_mult.cpp:21) on array 'b', 'load' operation 8 bit ('b_load_2', ../source/tut3B_Function/matrix_mult.cpp:21) on array 'b', 'load' operation 8 bit ('b_load_3', ../source/tut3B_Function/matrix_mult.cpp:21) on array 'b', 'load' operation 8 bit ('b_load_4', ../source/tut3B_Function/matrix_mult.cpp:21) on array 'b', 'load' operation 8 bit ('b_load_5', ../source/tut3B_Function/matrix_mult.cpp:21) on array 'b', 'load' operation 8 bit ('b_load_6', ../source/tut3B_Function/matrix_mult.cpp:21) on array 'b', 'load' operation 8 bit ('b_load_7', ../source/tut3B_Function/matrix_mult.cpp:21) on array 'b', 'load' operation 8 bit ('b_load_8', ../source/tut3B_Function/matrix_mult.cpp:21) on array 'b', 'load' operation 8 bit ('b_load_9', ../source/tut3B_Function/matrix_mult.cpp:21) on array 'b', 'load' operation 8 bit ('b_load_10', ../source/tut3B_Function/matrix_mult.cpp:21) on array 'b', 'load' operation 8 bit ('b_load_11', ../source/tut3B_Function/matrix_mult.cpp:21) on array 'b', 'load' operation 8 bit ('b_load_12', ../source/tut3B_Function/matrix_mult.cpp:21) on array 'b', 'load' operation 8 bit ('b_load_13', ../source/tut3B_Function/matrix_mult.cpp:21) on array 'b', 'load' operation 8 bit ('b_load_14', ../source/tut3B_Function/matrix_mult.cpp:21) on array 'b', 'load' operation 8 bit ('b_load_15', ../source/tut3B_Function/matrix_mult.cpp:21) on array 'b', 'load' operation 8 bit ('b_load_16', ../source/tut3B_Function/matrix_mult.cpp:21) on array 'b', 'load' operation 8 bit ('b_load_17', ../source/tut3B_Function/matrix_mult.cpp:21) on array 'b', 'load' operation 8 bit ('b_load_18', ../source/tut3B_Function/matrix_mult.cpp:21) on array 'b', 'load' operation 8 bit ('b_load_19', ../source/tut3B_Function/matrix_mult.cpp:21) on array 'b', 'load' operation 8 bit ('b_load_20', ../source/tut3B_Function/matrix_mult.cpp:21) on array 'b', 'load' operation 8 bit ('b_load_21', ../source/tut3B_Function/matrix_mult.cpp:21) on array 'b', 'load' operation 8 bit ('b_load_22', ../source/tut3B_Function/matrix_mult.cpp:21) on array 'b', 'load' operation 8 bit ('b_load_23', ../source/tut3B_Function/matrix_mult.cpp:21) on array 'b', 'load' operation 8 bit ('b_load_24', ../source/tut3B_Function/matrix_mult.cpp:21) on array 'b'}
WARNING: [HLS 200-448] Lower bound of II is 13 due to multiple operations accessing core:RAM:prod: operation list {'store' operation ('prod_addr_write_ln21', ../source/tut3B_Function/matrix_mult.cpp:21) of variable 'add_ln21_3', ../source/tut3B_Function/matrix_mult.cpp:21 16 bit on array 'prod', 'store' operation ('prod_addr_1_write_ln21', ../source/tut3B_Function/matrix_mult.cpp:21) of variable 'add_ln21_7', ../source/tut3B_Function/matrix_mult.cpp:21 16 bit on array 'prod', 'store' operation ('prod_addr_2_write_ln21', ../source/tut3B_Function/matrix_mult.cpp:21) of variable 'add_ln21_11', ../source/tut3B_Function/matrix_mult.cpp:21 16 bit on array 'prod', 'store' operation ('prod_addr_3_write_ln21', ../source/tut3B_Function/matrix_mult.cpp:21) of variable 'add_ln21_15', ../source/tut3B_Function/matrix_mult.cpp:21 16 bit on array 'prod', 'store' operation ('prod_addr_4_write_ln21', ../source/tut3B_Function/matrix_mult.cpp:21) of variable 'add_ln21_19', ../source/tut3B_Function/matrix_mult.cpp:21 16 bit on array 'prod', 'store' operation ('prod_addr_5_write_ln21', ../source/tut3B_Function/matrix_mult.cpp:21) of variable 'add_ln21_23', ../source/tut3B_Function/matrix_mult.cpp:21 16 bit on array 'prod', 'store' operation ('prod_addr_6_write_ln21', ../source/tut3B_Function/matrix_mult.cpp:21) of variable 'add_ln21_27', ../source/tut3B_Function/matrix_mult.cpp:21 16 bit on array 'prod', 'store' operation ('prod_addr_7_write_ln21', ../source/tut3B_Function/matrix_mult.cpp:21) of variable 'add_ln21_31', ../source/tut3B_Function/matrix_mult.cpp:21 16 bit on array 'prod', 'store' operation ('prod_addr_8_write_ln21', ../source/tut3B_Function/matrix_mult.cpp:21) of variable 'add_ln21_35', ../source/tut3B_Function/matrix_mult.cpp:21 16 bit on array 'prod', 'store' operation ('prod_addr_9_write_ln21', ../source/tut3B_Function/matrix_mult.cpp:21) of variable 'add_ln21_39', ../source/tut3B_Function/matrix_mult.cpp:21 16 bit on array 'prod', 'store' operation ('prod_addr_10_write_ln21', ../source/tut3B_Function/matrix_mult.cpp:21) of variable 'add_ln21_43', ../source/tut3B_Function/matrix_mult.cpp:21 16 bit on array 'prod', 'store' operation ('prod_addr_11_write_ln21', ../source/tut3B_Function/matrix_mult.cpp:21) of variable 'add_ln21_47', ../source/tut3B_Function/matrix_mult.cpp:21 16 bit on array 'prod', 'store' operation ('prod_addr_12_write_ln21', ../source/tut3B_Function/matrix_mult.cpp:21) of variable 'add_ln21_51', ../source/tut3B_Function/matrix_mult.cpp:21 16 bit on array 'prod', 'store' operation ('prod_addr_13_write_ln21', ../source/tut3B_Function/matrix_mult.cpp:21) of variable 'add_ln21_55', ../source/tut3B_Function/matrix_mult.cpp:21 16 bit on array 'prod', 'store' operation ('prod_addr_14_write_ln21', ../source/tut3B_Function/matrix_mult.cpp:21) of variable 'add_ln21_59', ../source/tut3B_Function/matrix_mult.cpp:21 16 bit on array 'prod', 'store' operation ('prod_addr_15_write_ln21', ../source/tut3B_Function/matrix_mult.cpp:21) of variable 'add_ln21_63', ../source/tut3B_Function/matrix_mult.cpp:21 16 bit on array 'prod', 'store' operation ('prod_addr_16_write_ln21', ../source/tut3B_Function/matrix_mult.cpp:21) of variable 'add_ln21_67', ../source/tut3B_Function/matrix_mult.cpp:21 16 bit on array 'prod', 'store' operation ('prod_addr_17_write_ln21', ../source/tut3B_Function/matrix_mult.cpp:21) of variable 'add_ln21_71', ../source/tut3B_Function/matrix_mult.cpp:21 16 bit on array 'prod', 'store' operation ('prod_addr_18_write_ln21', ../source/tut3B_Function/matrix_mult.cpp:21) of variable 'add_ln21_75', ../source/tut3B_Function/matrix_mult.cpp:21 16 bit on array 'prod', 'store' operation ('prod_addr_19_write_ln21', ../source/tut3B_Function/matrix_mult.cpp:21) of variable 'add_ln21_79', ../source/tut3B_Function/matrix_mult.cpp:21 16 bit on array 'prod', 'store' operation ('prod_addr_20_write_ln21', ../source/tut3B_Function/matrix_mult.cpp:21) of variable 'add_ln21_83', ../source/tut3B_Function/matrix_mult.cpp:21 16 bit on array 'prod', 'store' operation ('prod_addr_21_write_ln21', ../source/tut3B_Function/matrix_mult.cpp:21) of variable 'add_ln21_87', ../source/tut3B_Function/matrix_mult.cpp:21 16 bit on array 'prod', 'store' operation ('prod_addr_22_write_ln21', ../source/tut3B_Function/matrix_mult.cpp:21) of variable 'add_ln21_91', ../source/tut3B_Function/matrix_mult.cpp:21 16 bit on array 'prod', 'store' operation ('prod_addr_23_write_ln21', ../source/tut3B_Function/matrix_mult.cpp:21) of variable 'add_ln21_95', ../source/tut3B_Function/matrix_mult.cpp:21 16 bit on array 'prod', 'store' operation ('prod_addr_24_write_ln21', ../source/tut3B_Function/matrix_mult.cpp:21) of variable 'add_ln21_99', ../source/tut3B_Function/matrix_mult.cpp:21 16 bit on array 'prod'}
INFO: [HLS 200-1470] Pipelining result : Target II = 1, Final II = 13, Depth = 28, function 'matrix_mult'
WARNING: [HLS 200-871] Estimated clock period (5.415 ns) exceeds the target (target clock period: 5.000 ns, clock uncertainty: 1.350 ns, effective delay budget: 3.650 ns).
Resolution: For help on HLS 200-871 see docs.amd.com/access/sources/dita/topic?Doc_Version=2026.1%20English&url=ug1448-hls-guidance&resourceid=200-871.html
WARNING: [HLS 200-1016] The critical path in module 'matrix_mult' consists of the following:
	'load' operation 8 bit ('a_load_3', ../source/tut3B_Function/matrix_mult.cpp:21) on array 'a' [99]  (0.000 ns)
	'mul' operation 16 bit ('mul_ln21_3', ../source/tut3B_Function/matrix_mult.cpp:21) [110]  (5.415 ns)

Resolution: For help on HLS 200-1016 see docs.amd.com/access/sources/dita/topic?Doc_Version=2026.1%20English&url=ug1448-hls-guidance&resourceid=200-1016.html
INFO: [SCHED 204-11] Finished scheduling.
INFO: [HLS 200-111] Finished Scheduling: CPU user time: 0 seconds. CPU system time: 0 seconds. Elapsed time: 5.651 seconds; current allocated memory: 178.074 MB.
INFO: [BIND 205-100] Starting micro-architecture generation ...
INFO: [BIND 205-101] Performing variable lifetime analysis.
INFO: [BIND 205-101] Exploring resource sharing.
INFO: [BIND 205-101] Binding ...
INFO: [BIND 205-100] Finished micro-architecture generation.
INFO: [HLS 200-111] Finished Binding: CPU user time: 0 seconds. CPU system time: 0 seconds. Elapsed time: 0.217 seconds; current allocated memory: 179.520 MB.
INFO: [HLS 200-10] ----------------------------------------------------------------
INFO: [HLS 200-10] -- Generating RTL for module 'matrix_mult' 
INFO: [HLS 200-10] ----------------------------------------------------------------
INFO: [RTGEN 206-500] Setting interface mode on port 'matrix_mult/a' to 'ap_memory'.
INFO: [RTGEN 206-500] Setting interface mode on port 'matrix_mult/b' to 'ap_memory'.
INFO: [RTGEN 206-500] Setting interface mode on port 'matrix_mult/prod' to 'ap_memory'.
INFO: [RTGEN 206-500] Setting interface mode on function 'matrix_mult' to 'ap_ctrl_hs'.
INFO: [HLS 200-1030] Apply Unified Pipeline Control on module 'matrix_mult' pipeline 'matrix_mult' pipeline type 'function pipeline'
INFO: [RTGEN 206-100] Generating core module 'mac_muladd_8s_8s_16s_16_4_1': 75 instance(s).
INFO: [RTGEN 206-100] Generating core module 'mul_8s_8s_16_5_1': 50 instance(s).
INFO: [RTGEN 206-100] Finished creating RTL model for 'matrix_mult'.
INFO: [HLS 200-111] Finished Creating RTL model: CPU user time: 0 seconds. CPU system time: 0 seconds. Elapsed time: 0.405 seconds; current allocated memory: 186.707 MB.
INFO: [HLS 200-111] Finished Generating all RTL models: CPU user time: 1 seconds. CPU system time: 0 seconds. Elapsed time: 1.012 seconds; current allocated memory: 197.430 MB.
INFO: [HLS 200-2225] Wrote inferred directives to file D:/SOCD334264/Lab_3/matrix_mult_3B_Function/matrix_mult/hls/syn/inferred_directives.ini
INFO: [HLS 200-111] Finished Updating report files: CPU user time: 1 seconds. CPU system time: 1 seconds. Elapsed time: 1.155 seconds; current allocated memory: 202.914 MB.
INFO: [VHDL 208-304] Generating VHDL RTL for matrix_mult.
INFO: [VLOG 209-307] Generating Verilog RTL for matrix_mult.
INFO: [HLS 200-789] **** Estimated Fmax: 184.67 MHz
INFO: [HLS 200-112] Total CPU user time: 5 seconds. Total CPU system time: 3 seconds. Total elapsed time: 28.036 seconds; peak allocated memory: 203.004 MB.
INFO: [v++ 60-791] Total elapsed time: 0h 0m 32s
