10/06/26 19:28:27: Running xcd server. This server was built by gradle.
10/06/26 19:28:28: Server was asked to start on port: '54455'
10/06/26 19:28:28: Server is using token UUID: 'a6f31e3a-61e4-4d43-9ed6-b6ecf2ea4388'
10/06/26 19:28:28: SESSION_MGR: creating session with session uuid: '6d04a3e9-ade5-4ab9-8d63-1f78fcd2ec76' and name 'default'
10/06/26 19:28:28: Attempting to start server on port '54455'
10/06/26 19:28:28: Running Dispatch Server
10/06/26 19:28:28: Version 2.2.0
10/06/26 19:28:30: Dispatch Server: Accepted socket connection from client
10/06/26 19:28:30: Starting Socket connection
10/06/26 19:28:30: EXCHANGE_TOKEN received, server token: a6f31e3a-61e4-4d43-9ed6-b6ecf2ea4388, passed token: a6f31e3a-61e4-4d43-9ed6-b6ecf2ea4388
10/06/26 19:28:30: DISPATCH_HANDLER: Adding handler from function makeHandler in library xv_system_diagram
10/06/26 19:28:30: SESSION_MGR: creating session with session uuid: 'b6f61aea-c1b9-4788-ba4b-653d7909f8c4' and name 'vitis-run_compile_matrix_mult'
10/06/26 19:28:30: KERNEL_SVC: creating session with uuid: 'b6f61aea-c1b9-4788-ba4b-653d7909f8c4' and name 'vitis-run_compile_matrix_mult'
10/06/26 19:28:30: GUIDANCE_SMGR: creating guidance session with uuid: 'b6f61aea-c1b9-4788-ba4b-653d7909f8c4' and name 'vitis-run_compile_matrix_mult'
10/06/26 19:28:30: SYSTEM_DIAGRAM: creating session with uuid: 'b6f61aea-c1b9-4788-ba4b-653d7909f8c4' and name 'vitis-run_compile_matrix_mult'
10/06/26 19:28:36: Dispatch Server: Accepted socket connection from client
10/06/26 19:28:36: Starting Socket connection
10/06/26 19:28:38: SESSION_MGR: closing session for UUID 'b6f61aea-c1b9-4788-ba4b-653d7909f8c4' with name 'vitis-run_compile_matrix_mult'
10/06/26 19:28:38: KERNEL_SVC: closing session for UUID 'b6f61aea-c1b9-4788-ba4b-653d7909f8c4' with name 'vitis-run_compile_matrix_mult'
10/06/26 19:28:38: GUIDANCE_SMGR: closing session for UUID 'b6f61aea-c1b9-4788-ba4b-653d7909f8c4' with name 'vitis-run_compile_matrix_mult'
10/06/26 19:28:38: SYSTEM_DIAGRAM: closing session for UUID 'b6f61aea-c1b9-4788-ba4b-653d7909f8c4' with name 'vitis-run_compile_matrix_mult'
10/06/26 19:28:38: STOP_SERVER received, server token: a6f31e3a-61e4-4d43-9ed6-b6ecf2ea4388, passed token: a6f31e3a-61e4-4d43-9ed6-b6ecf2ea4388
10/06/26 19:28:38: Socket received request to stop server.
10/06/26 19:28:38: Dispatch Server: do_await_stop
10/06/26 19:28:38: SERVER: destructor for server bound to port 54455
10/06/26 19:31:43: Running xcd server. This server was built by gradle.
10/06/26 19:31:43: Server was asked to start on port: '53664'
10/06/26 19:31:43: Server is using token UUID: '7d3df688-7d17-4d74-82e1-0210a6edad87'
10/06/26 19:31:43: SESSION_MGR: creating session with session uuid: '6d04a3e9-ade5-4ab9-8d63-1f78fcd2ec76' and name 'default'
10/06/26 19:31:43: Attempting to start server on port '53664'
10/06/26 19:31:43: Running Dispatch Server
10/06/26 19:31:43: Version 2.2.0
10/06/26 19:31:45: Dispatch Server: Accepted socket connection from client
10/06/26 19:31:45: Starting Socket connection
10/06/26 19:31:45: EXCHANGE_TOKEN received, server token: 7d3df688-7d17-4d74-82e1-0210a6edad87, passed token: 7d3df688-7d17-4d74-82e1-0210a6edad87
10/06/26 19:31:45: DISPATCH_HANDLER: Adding handler from function makeHandler in library xv_system_diagram
10/06/26 19:31:45: SESSION_MGR: creating session with session uuid: '3f0aeba6-ef77-4c1a-9165-41dcdfeb7dc3' and name 'v++_compile_matrix_mult'
10/06/26 19:31:45: KERNEL_SVC: creating session with uuid: '3f0aeba6-ef77-4c1a-9165-41dcdfeb7dc3' and name 'v++_compile_matrix_mult'
10/06/26 19:31:45: GUIDANCE_SMGR: creating guidance session with uuid: '3f0aeba6-ef77-4c1a-9165-41dcdfeb7dc3' and name 'v++_compile_matrix_mult'
10/06/26 19:31:45: SYSTEM_DIAGRAM: creating session with uuid: '3f0aeba6-ef77-4c1a-9165-41dcdfeb7dc3' and name 'v++_compile_matrix_mult'
10/06/26 19:31:51: Dispatch Server: Accepted socket connection from client
10/06/26 19:31:51: Starting Socket connection
10/06/26 19:32:15: SESSION_MGR: closing session for UUID '3f0aeba6-ef77-4c1a-9165-41dcdfeb7dc3' with name 'v++_compile_matrix_mult'
10/06/26 19:32:15: KERNEL_SVC: closing session for UUID '3f0aeba6-ef77-4c1a-9165-41dcdfeb7dc3' with name 'v++_compile_matrix_mult'
10/06/26 19:32:15: GUIDANCE_SMGR: closing session for UUID '3f0aeba6-ef77-4c1a-9165-41dcdfeb7dc3' with name 'v++_compile_matrix_mult'
10/06/26 19:32:15: SYSTEM_DIAGRAM: closing session for UUID '3f0aeba6-ef77-4c1a-9165-41dcdfeb7dc3' with name 'v++_compile_matrix_mult'
10/06/26 19:32:15: STOP_SERVER received, server token: 7d3df688-7d17-4d74-82e1-0210a6edad87, passed token: 7d3df688-7d17-4d74-82e1-0210a6edad87
10/06/26 19:32:15: Socket received request to stop server.
10/06/26 19:32:15: Dispatch Server: do_await_stop
10/06/26 19:32:15: SERVER: destructor for server bound to port 53664
10/06/26 19:36:34: Running xcd server. This server was built by gradle.
10/06/26 19:36:34: Server was asked to start on port: '55702'
10/06/26 19:36:34: Server is using token UUID: '535dbea0-4fd2-4fc8-ae6d-0bd1a89274d9'
10/06/26 19:36:34: SESSION_MGR: creating session with session uuid: '6d04a3e9-ade5-4ab9-8d63-1f78fcd2ec76' and name 'default'
10/06/26 19:36:34: Attempting to start server on port '55702'
10/06/26 19:36:34: Running Dispatch Server
10/06/26 19:36:34: Version 2.2.0
10/06/26 19:36:37: Dispatch Server: Accepted socket connection from client
10/06/26 19:36:37: Starting Socket connection
10/06/26 19:36:37: EXCHANGE_TOKEN received, server token: 535dbea0-4fd2-4fc8-ae6d-0bd1a89274d9, passed token: 535dbea0-4fd2-4fc8-ae6d-0bd1a89274d9
10/06/26 19:36:37: DISPATCH_HANDLER: Adding handler from function makeHandler in library xv_system_diagram
10/06/26 19:36:37: SESSION_MGR: creating session with session uuid: 'e53b023f-4511-4d2e-bf65-e5afc015bed5' and name 'vitis-run_compile_matrix_mult'
10/06/26 19:36:37: KERNEL_SVC: creating session with uuid: 'e53b023f-4511-4d2e-bf65-e5afc015bed5' and name 'vitis-run_compile_matrix_mult'
10/06/26 19:36:37: GUIDANCE_SMGR: creating guidance session with uuid: 'e53b023f-4511-4d2e-bf65-e5afc015bed5' and name 'vitis-run_compile_matrix_mult'
10/06/26 19:36:37: SYSTEM_DIAGRAM: creating session with uuid: 'e53b023f-4511-4d2e-bf65-e5afc015bed5' and name 'vitis-run_compile_matrix_mult'
10/06/26 19:36:41: Dispatch Server: Accepted socket connection from client
10/06/26 19:36:41: Starting Socket connection
10/06/26 19:37:37: SESSION_MGR: closing session for UUID 'e53b023f-4511-4d2e-bf65-e5afc015bed5' with name 'vitis-run_compile_matrix_mult'
10/06/26 19:37:37: KERNEL_SVC: closing session for UUID 'e53b023f-4511-4d2e-bf65-e5afc015bed5' with name 'vitis-run_compile_matrix_mult'
10/06/26 19:37:37: GUIDANCE_SMGR: closing session for UUID 'e53b023f-4511-4d2e-bf65-e5afc015bed5' with name 'vitis-run_compile_matrix_mult'
10/06/26 19:37:37: SYSTEM_DIAGRAM: closing session for UUID 'e53b023f-4511-4d2e-bf65-e5afc015bed5' with name 'vitis-run_compile_matrix_mult'
10/06/26 19:37:37: STOP_SERVER received, server token: 535dbea0-4fd2-4fc8-ae6d-0bd1a89274d9, passed token: 535dbea0-4fd2-4fc8-ae6d-0bd1a89274d9
10/06/26 19:37:37: Socket received request to stop server.
10/06/26 19:37:37: Dispatch Server: do_await_stop
10/06/26 19:37:37: SERVER: destructor for server bound to port 55702
