

================================================================
== Synthesis Summary Report of 'matrix_mult'
================================================================
+ General Information: 
    * Date:           Tue Oct  6 17:47:53 2026
    * Version:        2026.1 (Build 6493734 on Jun 16 2026)
    * Project:        matrix_mult
    * Solution:       hls
    * Product family: zynq
    * Target device:  xc7z020-clg484-1
    

* Performance & Resource Estimates: 
+--------------------+--------+---------------+----------+---------+------+----------+---------+-----------+-------+------+---------+-----------+-----------+-----+
|       Modules      |  Issue |               | Iteration|         | Trip |          |       Latency       |       |      |         |           |           |     |
|       & Loops      |  Type  | Violation Type|  Latency | Interval| Count| Pipelined| (cycles)|    (ns)   | Slack | BRAM |   DSP   |     FF    |    LUT    | URAM|
+--------------------+--------+---------------+----------+---------+------+----------+---------+-----------+-------+------+---------+-----------+-----------+-----+
|+ matrix_mult       |  Timing|              -|         -|      130|     -|    rewind|      132|  1.242e+03|  -5.76|     -|  1 (~0%)|  281 (~0%)|  399 (~0%)|    -|
| o Row_Col_Product  |       -|              -|         7|        1|   125|       yes|      130|  1.224e+03|   3.65|     -|        -|          -|          -|    -|
+--------------------+--------+---------------+----------+---------+------+----------+---------+-----------+-------+------+---------+-----------+-----------+-----+
    Name Prefix: '+' for module, 'o' for loop, '*' for dataflow


================================================================
== HW Interfaces
================================================================
* AP_MEMORY
+---------------+-----------+----------+
| Port          | Direction | Bitwidth |
+---------------+-----------+----------+
| a_address0    | out       | 5        |
| a_q0          | in        | 8        |
| b_address0    | out       | 5        |
| b_q0          | in        | 8        |
| prod_address0 | out       | 5        |
| prod_d0       | out       | 16       |
+---------------+-----------+----------+

* TOP LEVEL CONTROL
+-----------+------------+-----------------------------------+
| Interface | Type       | Ports                             |
+-----------+------------+-----------------------------------+
| ap_clk    | clock      | ap_clk                            |
| ap_rst    | reset      | ap_rst                            |
| ap_ctrl   | ap_ctrl_hs | ap_done ap_idle ap_ready ap_start |
+-----------+------------+-----------------------------------+


================================================================
== SW I/O Information
================================================================
* Top Function Arguments
+----------+-----------+----------+
| Argument | Direction | Datatype |
+----------+-----------+----------+
| a        | in        | char*    |
| b        | in        | char*    |
| prod     | out       | short*   |
+----------+-----------+----------+

* SW-to-HW Mapping
+----------+---------------+---------+----------+
| Argument | HW Interface  | HW Type | HW Usage |
+----------+---------------+---------+----------+
| a        | a_address0    | port    | offset   |
| a        | a_ce0         | port    |          |
| a        | a_q0          | port    |          |
| b        | b_address0    | port    | offset   |
| b        | b_ce0         | port    |          |
| b        | b_q0          | port    |          |
| prod     | prod_address0 | port    | offset   |
| prod     | prod_ce0      | port    |          |
| prod     | prod_we0      | port    |          |
| prod     | prod_d0       | port    |          |
+----------+---------------+---------+----------+


================================================================
== Bind Op Report
================================================================
+----------------------------------+-----+--------+-------------+--------+-----------+---------+
| Name                             | DSP | Pragma | Variable    | Op     | Impl      | Latency |
+----------------------------------+-----+--------+-------------+--------+-----------+---------+
| + matrix_mult                    | 1   |        |             |        |           |         |
|   select_ln9_fu_326_p3           |     |        | select_ln9  | select | auto_sel  | 0       |
|   xor_ln9_fu_192_p2              |     |        | xor_ln9     | xor    | auto      | 0       |
|   and_ln9_fu_198_p2              |     |        | and_ln9     | and    | auto      | 0       |
|   empty_5_fu_204_p3              |     |        | empty_5     | select | auto_sel  | 0       |
|   i_3_fu_212_p2                  |     |        | i_3         | add    | fabric    | 0       |
|   empty_6_fu_218_p2              |     |        | empty_6     | or     | auto      | 0       |
|   k_mid2_fu_224_p3               |     |        | k_mid2      | select | auto_sel  | 0       |
|   grp_fu_414_p2                  |     |        | p_mid2      | select | auto_sel  | 0       |
|   empty_7_fu_334_p3              |     |        | empty_7     | select | auto_sel  | 0       |
|   j_3_fu_341_p2                  |     |        | j_3         | add    | fabric    | 0       |
|   add_ln12_2_fu_244_p2           |     |        | add_ln12_2  | add    | fabric    | 0       |
|   add_ln20_1_fu_351_p2           |     |        | add_ln20_1  | add    | fabric    | 0       |
|   add_ln20_2_fu_254_p2           |     |        | add_ln20_2  | add    | fabric    | 0       |
|   mac_muladd_8s_8s_16s_16_4_1_U1 | 1   |        | mul_ln20    | mul    | dsp_slice | 3       |
|   mac_muladd_8s_8s_16s_16_4_1_U1 | 1   |        | add_ln20    | add    | dsp_slice | 3       |
|   k_3_fu_265_p2                  |     |        | k_3         | add    | fabric    | 0       |
|   icmp_ln17_fu_379_p2            |     |        | icmp_ln17   | seteq  | auto      | 0       |
|   add_ln9_1_fu_271_p2            |     |        | add_ln9_1   | add    | fabric    | 0       |
|   add_ln12_1_fu_277_p2           |     |        | add_ln12_1  | add    | fabric    | 0       |
|   select_ln12_fu_283_p3          |     |        | select_ln12 | select | auto_sel  | 0       |
|   icmp_ln12_fu_291_p2            |     |        | icmp_ln12   | seteq  | auto      | 0       |
|   icmp_ln9_fu_297_p2             |     |        | icmp_ln9    | seteq  | auto      | 0       |
+----------------------------------+-----+--------+-------------+--------+-----------+---------+


================================================================
== Storage Report
================================================================
  No bind storage info in design

================================================================
== Pragma Report
================================================================
* Inferred Pragmas
+--------------+---------+----------------------------------------------------------------------------------------------------------+---------------------------------------------+
| Type         | Options | Location                                                                                                 | Inferred From                               |
+--------------+---------+----------------------------------------------------------------------------------------------------------+---------------------------------------------+
| LOOP_FLATTEN |         | loop Product (../source/tut3B/matrix_mult.cpp:17:19) in matrix_mult (../source/tut3B/matrix_mult.cpp:17) | pipeline ../source/tut3B/matrix_mult.cpp:18 |
+--------------+---------+----------------------------------------------------------------------------------------------------------+---------------------------------------------+

* Valid Pragma Syntax
+----------+---------+-----------------------------------------------------+
| Type     | Options | Location                                            |
+----------+---------+-----------------------------------------------------+
| PIPELINE | ii=1    | in matrix_mult (../source/tut3B/matrix_mult.cpp:18) |
+----------+---------+-----------------------------------------------------+


