

================================================================
== Vitis HLS Report for 'matrix_mult'
================================================================
* Date:           Tue Oct  6 17:47:53 2026

* Version:        2026.1 (Build 6493734 on Jun 16 2026)
* Project:        matrix_mult
* Solution:       hls
* Product family: zynq
* Target device:  xc7z020-clg484-1


================================================================
== Performance Estimates
================================================================
+ Timing: 
    * Summary: 
    +--------+---------+----------+------------+
    |  Clock |  Target | Estimated| Uncertainty|
    +--------+---------+----------+------------+
    |ap_clk  |  5.00 ns|  9.412 ns|     1.35 ns|
    +--------+---------+----------+------------+

+ Latency: 
    * Summary: 
    +---------+---------+----------+----------+-----+-----+-----------------------------------------+
    |  Latency (cycles) |  Latency (absolute) |  Interval |                 Pipeline                |
    |   min   |   max   |    min   |    max   | min | max |                   Type                  |
    +---------+---------+----------+----------+-----+-----+-----------------------------------------+
    |      132|      132|  1.242 us|  1.242 us|  130|  130|  loop auto-rewind stp (delay=5 cycle(s))|
    +---------+---------+----------+----------+-----+-----+-----------------------------------------+

    + Detail: 
        * Instance: 
        N/A

        * Loop: 
        +-------------------+---------+---------+----------+-----------+-----------+------+----------+
        |                   |  Latency (cycles) | Iteration|  Initiation Interval  | Trip |          |
        |     Loop Name     |   min   |   max   |  Latency |  achieved |   target  | Count| Pipelined|
        +-------------------+---------+---------+----------+-----------+-----------+------+----------+
        |- Row_Col_Product  |      130|      130|         7|          1|          1|   125|       yes|
        +-------------------+---------+---------+----------+-----------+-----------+------+----------+



================================================================
== Utilization Estimates
================================================================
* Summary: 
+-----------------+---------+-----+--------+-------+-----+
|       Name      | BRAM_18K| DSP |   FF   |  LUT  | URAM|
+-----------------+---------+-----+--------+-------+-----+
|DSP              |        -|    1|       -|      -|    -|
|Expression       |        -|    -|       0|    195|    -|
|FIFO             |        -|    -|       -|      -|    -|
|Instance         |        -|    -|       -|      -|    -|
|Memory           |        -|    -|       -|      -|    -|
|Multiplexer      |        -|    -|       0|    108|    -|
|Register         |        -|    -|     281|     96|    -|
+-----------------+---------+-----+--------+-------+-----+
|Total            |        0|    1|     281|    399|    0|
+-----------------+---------+-----+--------+-------+-----+
|Available        |      280|  220|  106400|  53200|    0|
+-----------------+---------+-----+--------+-------+-----+
|Utilization (%)  |        0|   ~0|      ~0|     ~0|    0|
+-----------------+---------+-----+--------+-------+-----+

+ Detail: 
    * Instance: 
    N/A

    * DSP: 
    +--------------------------------+-----------------------------+--------------+
    |            Instance            |            Module           |  Expression  |
    +--------------------------------+-----------------------------+--------------+
    |mac_muladd_8s_8s_16s_16_4_1_U1  |mac_muladd_8s_8s_16s_16_4_1  |  i0 * i1 + i2|
    +--------------------------------+-----------------------------+--------------+

    * Memory: 
    N/A

    * FIFO: 
    N/A

    * Expression: 
    +-----------------------+----------+----+---+----+------------+------------+
    |     Variable Name     | Operation| DSP| FF| LUT| Bitwidth P0| Bitwidth P1|
    +-----------------------+----------+----+---+----+------------+------------+
    |add_ln12_1_fu_277_p2   |         +|   0|  0|  14|           6|           1|
    |add_ln12_2_fu_244_p2   |         +|   0|  0|  13|           5|           5|
    |add_ln20_1_fu_351_p2   |         +|   0|  0|  13|           5|           5|
    |add_ln20_2_fu_254_p2   |         +|   0|  0|  13|           5|           5|
    |add_ln20_3_fu_368_p2   |         +|   0|  0|   7|           5|           5|
    |add_ln20_4_fu_363_p2   |         +|   0|  0|   7|           5|           5|
    |add_ln9_1_fu_271_p2    |         +|   0|  0|  14|           7|           1|
    |i_3_fu_212_p2          |         +|   0|  0|  11|           3|           3|
    |j_3_fu_341_p2          |         +|   0|  0|  11|           3|           3|
    |k_3_fu_265_p2          |         +|   0|  0|  11|           3|           1|
    |and_ln9_fu_198_p2      |       and|   0|  0|   2|           1|           1|
    |ap_condition_184       |       and|   0|  0|   2|           1|           1|
    |icmp_ln12_fu_291_p2    |      icmp|   0|  0|  14|           6|           5|
    |icmp_ln17_fu_379_p2    |      icmp|   0|  0|  11|           3|           3|
    |icmp_ln9_fu_297_p2     |      icmp|   0|  0|  14|           7|           4|
    |empty_6_fu_218_p2      |        or|   0|  0|   2|           1|           1|
    |empty_5_fu_204_p3      |    select|   0|  0|   2|           1|           1|
    |empty_7_fu_334_p3      |    select|   0|  0|   2|           1|           1|
    |grp_fu_414_p2          |    select|   0|  0|  16|           1|           1|
    |k_mid2_fu_224_p3       |    select|   0|  0|   3|           1|           1|
    |select_ln12_fu_283_p3  |    select|   0|  0|   6|           1|           1|
    |select_ln9_fu_326_p3   |    select|   0|  0|   3|           1|           1|
    |ap_enable_pp0          |       xor|   0|  0|   2|           1|           2|
    |xor_ln9_fu_192_p2      |       xor|   0|  0|   2|           1|           2|
    +-----------------------+----------+----+---+----+------------+------------+
    |Total                  |          |   0|  0| 195|          74|          59|
    +-----------------------+----------+----+---+----+------------+------------+

    * Multiplexer: 
    +-------------------------------------+----+-----------+-----+-----------+
    |                 Name                | LUT| Input Size| Bits| Total Bits|
    +-------------------------------------+----+-----------+-----+-----------+
    |ap_done_int                          |   9|          2|    1|          2|
    |ap_enable_reg_pp0_iter1              |   9|          2|    1|          2|
    |ap_phi_mux_icmp_ln127_phi_fu_131_p4  |   9|          2|    1|          2|
    |ap_phi_mux_icmp_ln176_phi_fu_143_p4  |   9|          2|    1|          2|
    |ap_sig_allocacmp_p_load              |   9|          2|   16|         32|
    |empty_fu_84                          |   9|          2|   16|         32|
    |i_fu_68                              |   9|          2|    3|          6|
    |icmp_ln127_reg_127                   |   9|          2|    1|          2|
    |indvar_flatten131_fu_64              |   9|          2|    7|         14|
    |indvar_flatten3_fu_72                |   9|          2|    6|         12|
    |j_fu_76                              |   9|          2|    3|          6|
    |k_fu_80                              |   9|          2|    3|          6|
    +-------------------------------------+----+-----------+-----+-----------+
    |Total                                | 108|         24|   59|        118|
    +-------------------------------------+----+-----------+-----+-----------+

    * Register: 
    +--------------------------------------------------+----+----+-----+-----------+
    |                       Name                       | FF | LUT| Bits| Const Bits|
    +--------------------------------------------------+----+----+-----+-----------+
    |a_load_reg_520                                    |   8|   0|    8|          0|
    |add_ln12_2_reg_481                                |   5|   0|    5|          0|
    |add_ln20_1_reg_510                                |   5|   0|    5|          0|
    |and_ln9_reg_466                                   |   1|   0|    1|          0|
    |ap_CS_fsm                                         |   1|   0|    1|          0|
    |ap_condition_exit_pp0_iter1_stage0_pp0_iter2_reg  |   1|   0|    1|          0|
    |ap_condition_exit_pp0_iter1_stage0_pp0_iter3_reg  |   1|   0|    1|          0|
    |ap_condition_exit_pp0_iter1_stage0_pp0_iter4_reg  |   1|   0|    1|          0|
    |ap_condition_exit_pp0_iter1_stage0_pp0_iter5_reg  |   1|   0|    1|          0|
    |ap_done_reg                                       |   1|   0|    1|          0|
    |ap_enable_reg_pp0_iter1                           |   1|   0|    1|          0|
    |ap_enable_reg_pp0_iter2                           |   1|   0|    1|          0|
    |ap_enable_reg_pp0_iter3                           |   1|   0|    1|          0|
    |ap_enable_reg_pp0_iter4                           |   1|   0|    1|          0|
    |ap_enable_reg_pp0_iter5                           |   1|   0|    1|          0|
    |ap_enable_reg_pp0_iter6                           |   1|   0|    1|          0|
    |ap_loop_exit_ready_pp0_iter2_reg                  |   1|   0|    1|          0|
    |ap_loop_exit_ready_pp0_iter3_reg                  |   1|   0|    1|          0|
    |ap_loop_exit_ready_pp0_iter4_reg                  |   1|   0|    1|          0|
    |ap_loop_exit_ready_pp0_iter5_reg                  |   1|   0|    1|          0|
    |ap_loop_exit_ready_pp0_iter6_reg                  |   1|   0|    1|          0|
    |ap_loop_init_pp0_iter1_reg                        |   1|   0|    1|          0|
    |empty_6_reg_471                                   |   1|   0|    1|          0|
    |empty_fu_84                                       |  16|   0|   16|          0|
    |i_fu_68                                           |   3|   0|    3|          0|
    |icmp_ln127_reg_127                                |   1|   0|    1|          0|
    |icmp_ln12_reg_501                                 |   1|   0|    1|          0|
    |icmp_ln17_reg_525                                 |   1|   0|    1|          0|
    |icmp_ln9_reg_506                                  |   1|   0|    1|          0|
    |indvar_flatten131_fu_64                           |   7|   0|    7|          0|
    |indvar_flatten3_fu_72                             |   6|   0|    6|          0|
    |j_fu_76                                           |   3|   0|    3|          0|
    |k_3_reg_496                                       |   3|   0|    3|          0|
    |k_fu_80                                           |   3|   0|    3|          0|
    |k_mid2_reg_476                                    |   3|   0|    3|          0|
    |zext_ln20_2_reg_486                               |   3|   0|    5|          2|
    |add_ln20_1_reg_510                                |  64|  32|    5|          0|
    |empty_6_reg_471                                   |  64|  32|    1|          0|
    |icmp_ln17_reg_525                                 |  64|  32|    1|          0|
    +--------------------------------------------------+----+----+-----+-----------+
    |Total                                             | 281|  96|   98|          2|
    +--------------------------------------------------+----+----+-----+-----------+



================================================================
== Interface
================================================================
* Summary: 
+---------------+-----+-----+------------+--------------+--------------+
|   RTL Ports   | Dir | Bits|  Protocol  | Source Object|    C Type    |
+---------------+-----+-----+------------+--------------+--------------+
|ap_clk         |   in|    1|  ap_ctrl_hs|   matrix_mult|  return value|
|ap_rst         |   in|    1|  ap_ctrl_hs|   matrix_mult|  return value|
|ap_start       |   in|    1|  ap_ctrl_hs|   matrix_mult|  return value|
|ap_done        |  out|    1|  ap_ctrl_hs|   matrix_mult|  return value|
|ap_idle        |  out|    1|  ap_ctrl_hs|   matrix_mult|  return value|
|ap_ready       |  out|    1|  ap_ctrl_hs|   matrix_mult|  return value|
|a_address0     |  out|    5|   ap_memory|             a|         array|
|a_ce0          |  out|    1|   ap_memory|             a|         array|
|a_q0           |   in|    8|   ap_memory|             a|         array|
|b_address0     |  out|    5|   ap_memory|             b|         array|
|b_ce0          |  out|    1|   ap_memory|             b|         array|
|b_q0           |   in|    8|   ap_memory|             b|         array|
|prod_address0  |  out|    5|   ap_memory|          prod|         array|
|prod_ce0       |  out|    1|   ap_memory|          prod|         array|
|prod_we0       |  out|    1|   ap_memory|          prod|         array|
|prod_d0        |  out|   16|   ap_memory|          prod|         array|
+---------------+-----+-----+------------+--------------+--------------+

