Copyright 1986-2022 Xilinx, Inc. All Rights Reserved. Copyright 2022-2026 Advanced Micro Devices, Inc. All Rights Reserved.
---------------------------------------------------------------------------------------------------------------------------------------------
| Tool Version : Vivado v.2026.1 (win64) Build 6511674 Tue Jun 16 11:02:23 MDT 2026
| Date         : Wed Sep 30 22:44:50 2026
| Host         : KHANHLQ running 64-bit major release  (build 9200)
| Command      : report_control_sets -verbose -file zynq_interrupt_system_wrapper_control_sets_placed.rpt
| Design       : zynq_interrupt_system_wrapper
| Device       : xc7z020
---------------------------------------------------------------------------------------------------------------------------------------------

Control Set Information

Table of Contents
-----------------
1. Summary
2. Histogram
3. Flip-Flop Distribution
4. Detailed Control Set Information

1. Summary
----------

+----------------------------------------------------------+-------+
|                          Status                          | Count |
+----------------------------------------------------------+-------+
| Total control sets                                       |    53 |
|    Minimum number of control sets                        |    53 |
|    Addition due to synthesis replication                 |     0 |
|    Addition due to physical synthesis replication        |     0 |
| Unused register locations in slices containing registers |   152 |
+----------------------------------------------------------+-------+
* Control sets can be merged at opt_design using control_set_merge or merge_equivalent_drivers
** Run report_qor_suggestions for automated merging and remapping suggestions


2. Histogram
------------

+--------------------+-------+
|       Fanout       | Count |
+--------------------+-------+
| Total control sets |    53 |
| >= 0 to < 4        |     4 |
| >= 4 to < 6        |    10 |
| >= 6 to < 8        |     6 |
| >= 8 to < 10       |     7 |
| >= 10 to < 12      |     4 |
| >= 12 to < 14      |     5 |
| >= 14 to < 16      |     0 |
| >= 16              |    17 |
+--------------------+-------+
* Control sets can be remapped at either synth_design or opt_design


3. Flip-Flop Distribution
-------------------------

+--------------+-----------------------+------------------------+-----------------+--------------+
| Clock Enable | Synchronous Set/Reset | Asynchronous Set/Reset | Total Registers | Total Slices |
+--------------+-----------------------+------------------------+-----------------+--------------+
| No           | No                    | No                     |             134 |           48 |
| No           | No                    | Yes                    |               0 |            0 |
| No           | Yes                   | No                     |             231 |           78 |
| Yes          | No                    | No                     |              44 |           10 |
| Yes          | No                    | Yes                    |               0 |            0 |
| Yes          | Yes                   | No                     |             503 |          161 |
+--------------+-----------------------+------------------------+-----------------+--------------+


4. Detailed Control Set Information
-----------------------------------

+--------------------------------------------------------------+-----------------------------------------------------------------------------------------------------------------------------------------+-----------------------------------------------------------------------------------------------------------------------------------------+------------------+----------------+--------------+
|                         Clock Signal                         |                                                              Enable Signal                                                              |                                                             Set/Reset Signal                                                            | Slice Load Count | Bel Load Count | Bels / Slice |
+--------------------------------------------------------------+-----------------------------------------------------------------------------------------------------------------------------------------+-----------------------------------------------------------------------------------------------------------------------------------------+------------------+----------------+--------------+
|  zynq_interrupt_system_i/processing_system7_0/inst/FCLK_CLK0 |                                                                                                                                         | zynq_interrupt_system_i/axi_timer_0/U0/AXI4_LITE_I/I_SLAVE_ATTACHMENT/I_DECODER/GEN_BKEND_CE_REGISTERS[4].ce_out_i_reg[4]_0             |                1 |              1 |         1.00 |
|  zynq_interrupt_system_i/processing_system7_0/inst/FCLK_CLK0 |                                                                                                                                         | zynq_interrupt_system_i/axi_timer_0/U0/TC_CORE_I/TIMER_CONTROL_I/READ_DONE0_I_i_1_n_0                                                   |                1 |              1 |         1.00 |
|  zynq_interrupt_system_i/processing_system7_0/inst/FCLK_CLK0 |                                                                                                                                         | zynq_interrupt_system_i/axi_timer_0/U0/TC_CORE_I/TIMER_CONTROL_I/READ_DONE1_I_i_1_n_0                                                   |                1 |              1 |         1.00 |
|  zynq_interrupt_system_i/processing_system7_0/inst/FCLK_CLK0 |                                                                                                                                         | zynq_interrupt_system_i/axi_timer_0/U0/AXI4_LITE_I/I_SLAVE_ATTACHMENT/I_DECODER/GEN_BKEND_CE_REGISTERS[0].ce_out_i_reg[0]_0             |                1 |              1 |         1.00 |
|  zynq_interrupt_system_i/processing_system7_0/inst/FCLK_CLK0 |                                                                                                                                         | zynq_interrupt_system_i/axi_gpio_0/U0/AXI_LITE_IPIF_I/I_SLAVE_ATTACHMENT/clear                                                          |                1 |              4 |         4.00 |
|  zynq_interrupt_system_i/processing_system7_0/inst/FCLK_CLK0 | zynq_interrupt_system_i/axi_gpio_1/U0/AXI_LITE_IPIF_I/I_SLAVE_ATTACHMENT/bus2ip_addr_i[8]_i_1_n_0                                       | zynq_interrupt_system_i/axi_gpio_1/U0/AXI_LITE_IPIF_I/I_SLAVE_ATTACHMENT/SR[0]                                                          |                1 |              4 |         4.00 |
|  zynq_interrupt_system_i/processing_system7_0/inst/FCLK_CLK0 | zynq_interrupt_system_i/axi_timer_0/U0/AXI4_LITE_I/I_SLAVE_ATTACHMENT/bus2ip_addr_i[4]_i_1_n_0                                          | zynq_interrupt_system_i/axi_timer_0/U0/AXI4_LITE_I/I_SLAVE_ATTACHMENT/rst                                                               |                1 |              4 |         4.00 |
|  zynq_interrupt_system_i/processing_system7_0/inst/FCLK_CLK0 |                                                                                                                                         | zynq_interrupt_system_i/axi_gpio_1/U0/AXI_LITE_IPIF_I/I_SLAVE_ATTACHMENT/clear                                                          |                1 |              4 |         4.00 |
|  zynq_interrupt_system_i/processing_system7_0/inst/FCLK_CLK0 |                                                                                                                                         | zynq_interrupt_system_i/rst_ps7_0_100M/U0/EXT_LPF/lpf_int                                                                               |                3 |              4 |         1.33 |
|  zynq_interrupt_system_i/processing_system7_0/inst/FCLK_CLK0 | zynq_interrupt_system_i/axi_gpio_1/U0/AXI_LITE_IPIF_I/I_SLAVE_ATTACHMENT/start2                                                         | zynq_interrupt_system_i/axi_gpio_1/U0/AXI_LITE_IPIF_I/I_SLAVE_ATTACHMENT/I_DECODER/cs_ce_clr                                            |                2 |              4 |         2.00 |
|  zynq_interrupt_system_i/processing_system7_0/inst/FCLK_CLK0 | zynq_interrupt_system_i/axi_timer_0/U0/AXI4_LITE_I/I_SLAVE_ATTACHMENT/I_DECODER/pair0_Select                                            | zynq_interrupt_system_i/axi_timer_0/U0/TC_CORE_I/GEN_SECOND_TIMER.COUNTER_1_I/COUNTER_I/s_axi_aresetn_0                                 |                2 |              4 |         2.00 |
|  zynq_interrupt_system_i/processing_system7_0/inst/FCLK_CLK0 | zynq_interrupt_system_i/axi_smc/inst/sc_ul/inst/gen_axi_full_nxm.sasd_inst/gen_write.aw_incr[2]_i_1_n_0                                 | zynq_interrupt_system_i/axi_smc/inst/sc_ul/inst/gen_axi_full_nxm.sasd_inst/gen_read.s_axi_arready_vec_i[0]_i_1_n_0                      |                2 |              5 |         2.50 |
|  zynq_interrupt_system_i/processing_system7_0/inst/FCLK_CLK0 |                                                                                                                                         | zynq_interrupt_system_i/axi_gpio_0/U0/gpio_core_1/Not_Dual.ALLIN1_ND.READ_REG_GEN[4].reg1[31]_i_1_n_0                                   |                2 |              5 |         2.50 |
|  zynq_interrupt_system_i/processing_system7_0/inst/FCLK_CLK0 | zynq_interrupt_system_i/axi_gpio_0/U0/AXI_LITE_IPIF_I/I_SLAVE_ATTACHMENT/I_DECODER/E[0]                                                 | zynq_interrupt_system_i/axi_gpio_0/U0/AXI_LITE_IPIF_I/I_SLAVE_ATTACHMENT/SR[0]                                                          |                2 |              5 |         2.50 |
|  zynq_interrupt_system_i/processing_system7_0/inst/FCLK_CLK0 |                                                                                                                                         | zynq_interrupt_system_i/axi_timer_0/U0/AXI4_LITE_I/I_SLAVE_ATTACHMENT/INCLUDE_DPHASE_TIMER.dpto_cnt[5]_i_1_n_0                          |                2 |              6 |         3.00 |
|  zynq_interrupt_system_i/processing_system7_0/inst/FCLK_CLK0 | zynq_interrupt_system_i/rst_ps7_0_100M/U0/SEQ/seq_cnt_en                                                                                | zynq_interrupt_system_i/rst_ps7_0_100M/U0/SEQ/SEQ_COUNTER/clear                                                                         |                1 |              6 |         6.00 |
|  zynq_interrupt_system_i/processing_system7_0/inst/FCLK_CLK0 | zynq_interrupt_system_i/axi_smc/inst/sc_ul/inst/gen_axi_full_nxm.sasd_inst/gen_write.w_split[4]_i_1_n_0                                 | zynq_interrupt_system_i/axi_smc/inst/sc_ul/inst/gen_axi_full_nxm.sasd_inst/gen_read.s_axi_arready_vec_i[0]_i_1_n_0                      |                3 |              6 |         2.00 |
|  zynq_interrupt_system_i/processing_system7_0/inst/FCLK_CLK0 | zynq_interrupt_system_i/axi_smc/inst/sc_ul/inst/gen_axi_full_nxm.sasd_inst/last_r_split                                                 | zynq_interrupt_system_i/axi_smc/inst/sc_ul/inst/gen_axi_full_nxm.sasd_inst/gen_read.s_axi_arready_vec_i[0]_i_1_n_0                      |                4 |              6 |         1.50 |
|  zynq_interrupt_system_i/processing_system7_0/inst/FCLK_CLK0 | zynq_interrupt_system_i/axi_gpio_0/U0/AXI_LITE_IPIF_I/I_SLAVE_ATTACHMENT/s_axi_rresp_i[0]                                               | zynq_interrupt_system_i/axi_gpio_0/U0/AXI_LITE_IPIF_I/I_SLAVE_ATTACHMENT/SR[0]                                                          |                1 |              7 |         7.00 |
|  zynq_interrupt_system_i/processing_system7_0/inst/FCLK_CLK0 | zynq_interrupt_system_i/axi_timer_0/U0/AXI4_LITE_I/I_SLAVE_ATTACHMENT/start2                                                            | zynq_interrupt_system_i/axi_timer_0/U0/AXI4_LITE_I/I_SLAVE_ATTACHMENT/I_DECODER/cs_ce_clr                                               |                2 |              7 |         3.50 |
|  zynq_interrupt_system_i/processing_system7_0/inst/FCLK_CLK0 | zynq_interrupt_system_i/axi_gpio_0/U0/AXI_LITE_IPIF_I/I_SLAVE_ATTACHMENT/bus2ip_addr_i[8]_i_1_n_0                                       | zynq_interrupt_system_i/axi_gpio_0/U0/AXI_LITE_IPIF_I/I_SLAVE_ATTACHMENT/SR[0]                                                          |                2 |              8 |         4.00 |
|  zynq_interrupt_system_i/processing_system7_0/inst/FCLK_CLK0 |                                                                                                                                         | zynq_interrupt_system_i/axi_gpio_1/U0/gpio_core_1/reg1[31]                                                                              |                2 |              8 |         4.00 |
|  zynq_interrupt_system_i/processing_system7_0/inst/FCLK_CLK0 | zynq_interrupt_system_i/axi_smc/inst/sc_ul/inst/gen_axi_full_nxm.sasd_inst/last_r_repeat                                                | zynq_interrupt_system_i/axi_smc/inst/sc_ul/inst/gen_axi_full_nxm.sasd_inst/gen_read.s_axi_arready_vec_i[0]_i_1_n_0                      |                4 |              8 |         2.00 |
|  zynq_interrupt_system_i/processing_system7_0/inst/FCLK_CLK0 | zynq_interrupt_system_i/axi_timer_0/U0/AXI4_LITE_I/I_SLAVE_ATTACHMENT/I_DECODER/bus2ip_wrce[0]                                          | zynq_interrupt_system_i/axi_timer_0/U0/TC_CORE_I/GEN_SECOND_TIMER.COUNTER_1_I/COUNTER_I/s_axi_aresetn_0                                 |                2 |              8 |         4.00 |
|  zynq_interrupt_system_i/processing_system7_0/inst/FCLK_CLK0 | zynq_interrupt_system_i/axi_timer_0/U0/AXI4_LITE_I/I_SLAVE_ATTACHMENT/I_DECODER/bus2ip_wrce[1]                                          | zynq_interrupt_system_i/axi_timer_0/U0/TC_CORE_I/GEN_SECOND_TIMER.COUNTER_1_I/COUNTER_I/s_axi_aresetn_0                                 |                3 |              9 |         3.00 |
|  zynq_interrupt_system_i/processing_system7_0/inst/FCLK_CLK0 | zynq_interrupt_system_i/axi_smc/inst/sc_ul/inst/gen_axi_full_nxm.sasd_inst/r_beats[0]                                                   | zynq_interrupt_system_i/axi_smc/inst/sc_ul/inst/gen_axi_full_nxm.sasd_inst/gen_read.s_axi_arready_vec_i[0]_i_1_n_0                      |                3 |              9 |         3.00 |
|  zynq_interrupt_system_i/processing_system7_0/inst/FCLK_CLK0 | zynq_interrupt_system_i/axi_gpio_1/U0/AXI_LITE_IPIF_I/I_SLAVE_ATTACHMENT/s_axi_rresp_i[0]                                               | zynq_interrupt_system_i/axi_gpio_1/U0/AXI_LITE_IPIF_I/I_SLAVE_ATTACHMENT/SR[0]                                                          |                2 |              9 |         4.50 |
|  zynq_interrupt_system_i/processing_system7_0/inst/FCLK_CLK0 |                                                                                                                                         | zynq_interrupt_system_i/axi_timer_0/U0/AXI4_LITE_I/I_SLAVE_ATTACHMENT/rst                                                               |                4 |             11 |         2.75 |
|  zynq_interrupt_system_i/processing_system7_0/inst/FCLK_CLK0 | zynq_interrupt_system_i/axi_smc/inst/sc_ul/inst/gen_axi_full_nxm.sasd_inst/gen_write.b_cnt[10]_i_2_n_0                                  | zynq_interrupt_system_i/axi_smc/inst/sc_ul/inst/gen_axi_full_nxm.sasd_inst/gen_write.b_cnt[10]_i_1_n_0                                  |                3 |             11 |         3.67 |
|  zynq_interrupt_system_i/processing_system7_0/inst/FCLK_CLK0 | zynq_interrupt_system_i/axi_smc/inst/sc_ul/inst/gen_axi_full_nxm.sasd_inst/r_cnt[0]                                                     | zynq_interrupt_system_i/axi_smc/inst/sc_ul/inst/gen_axi_full_nxm.sasd_inst/gen_read.s_axi_arready_vec_i[0]_i_1_n_0                      |                4 |             11 |         2.75 |
|  zynq_interrupt_system_i/processing_system7_0/inst/FCLK_CLK0 | zynq_interrupt_system_i/axi_smc/inst/sc_ul/inst/gen_axi_full_nxm.sasd_inst/gen_write.wstrb_mux/E[0]                                     | zynq_interrupt_system_i/axi_smc/inst/sc_ul/inst/gen_axi_full_nxm.sasd_inst/gen_read.s_axi_arready_vec_i[0]_i_1_n_0                      |                4 |             11 |         2.75 |
|  zynq_interrupt_system_i/processing_system7_0/inst/FCLK_CLK0 |                                                                                                                                         | zynq_interrupt_system_i/axi_timer_0/U0/TC_CORE_I/GEN_SECOND_TIMER.COUNTER_1_I/COUNTER_I/s_axi_aresetn_0                                 |                4 |             12 |         3.00 |
|  zynq_interrupt_system_i/processing_system7_0/inst/FCLK_CLK0 | zynq_interrupt_system_i/axi_smc/inst/sc_ul/inst/gen_axi_full_nxm.sasd_inst/gen_read.m_arprot[2]_i_1_n_0                                 |                                                                                                                                         |                2 |             12 |         6.00 |
|  zynq_interrupt_system_i/processing_system7_0/inst/FCLK_CLK0 | zynq_interrupt_system_i/axi_smc/inst/sc_ul/inst/gen_axi_full_nxm.sasd_inst/s_bid[0]                                                     | zynq_interrupt_system_i/axi_smc/inst/sc_ul/inst/gen_axi_full_nxm.sasd_inst/gen_read.s_axi_arready_vec_i[0]_i_1_n_0                      |                2 |             12 |         6.00 |
|  zynq_interrupt_system_i/processing_system7_0/inst/FCLK_CLK0 | zynq_interrupt_system_i/axi_smc/inst/sc_ul/inst/gen_axi_full_nxm.sasd_inst/gen_write.aw_addr[8]_i_1_n_0                                 | zynq_interrupt_system_i/axi_smc/inst/sc_ul/inst/gen_axi_full_nxm.sasd_inst/gen_read.s_axi_arready_vec_i[0]_i_1_n_0                      |                4 |             12 |         3.00 |
|  zynq_interrupt_system_i/processing_system7_0/inst/FCLK_CLK0 | zynq_interrupt_system_i/axi_smc/inst/sc_ul/inst/gen_axi_full_nxm.sasd_inst/ar_addr[0]                                                   | zynq_interrupt_system_i/axi_smc/inst/sc_ul/inst/gen_axi_full_nxm.sasd_inst/gen_read.s_axi_arready_vec_i[0]_i_1_n_0                      |                7 |             12 |         1.71 |
|  zynq_interrupt_system_i/processing_system7_0/inst/FCLK_CLK0 | zynq_interrupt_system_i/axi_gpio_1/U0/AXI_LITE_IPIF_I/I_SLAVE_ATTACHMENT/I_DECODER/E[0]                                                 | zynq_interrupt_system_i/axi_gpio_1/U0/AXI_LITE_IPIF_I/I_SLAVE_ATTACHMENT/SR[0]                                                          |                5 |             16 |         3.20 |
|  zynq_interrupt_system_i/processing_system7_0/inst/FCLK_CLK0 | zynq_interrupt_system_i/axi_gpio_0/U0/AXI_LITE_IPIF_I/I_SLAVE_ATTACHMENT/start2                                                         | zynq_interrupt_system_i/axi_gpio_0/U0/AXI_LITE_IPIF_I/I_SLAVE_ATTACHMENT/I_DECODER/cs_ce_clr                                            |                4 |             21 |         5.25 |
|  zynq_interrupt_system_i/processing_system7_0/inst/FCLK_CLK0 |                                                                                                                                         | zynq_interrupt_system_i/axi_gpio_1/U0/AXI_LITE_IPIF_I/I_SLAVE_ATTACHMENT/SR[0]                                                          |                8 |             24 |         3.00 |
|  zynq_interrupt_system_i/processing_system7_0/inst/FCLK_CLK0 | zynq_interrupt_system_i/axi_timer_0/U0/TC_CORE_I/TIMER_CONTROL_I/CE_0                                                                   | zynq_interrupt_system_i/axi_timer_0/U0/TC_CORE_I/GEN_SECOND_TIMER.COUNTER_1_I/COUNTER_I/s_axi_aresetn_0                                 |               10 |             32 |         3.20 |
|  zynq_interrupt_system_i/processing_system7_0/inst/FCLK_CLK0 | zynq_interrupt_system_i/axi_timer_0/U0/TC_CORE_I/TIMER_CONTROL_I/TCSR0_GENERATE[20].TCSR0_FF_I_1                                        | zynq_interrupt_system_i/axi_timer_0/U0/TC_CORE_I/GEN_SECOND_TIMER.COUNTER_1_I/COUNTER_I/s_axi_aresetn_0                                 |                5 |             32 |         6.40 |
|  zynq_interrupt_system_i/processing_system7_0/inst/FCLK_CLK0 | zynq_interrupt_system_i/axi_timer_0/U0/TC_CORE_I/TIMER_CONTROL_I/generateOutPre0_reg_0                                                  | zynq_interrupt_system_i/axi_timer_0/U0/TC_CORE_I/GEN_SECOND_TIMER.COUNTER_1_I/COUNTER_I/s_axi_aresetn_0                                 |                5 |             32 |         6.40 |
|  zynq_interrupt_system_i/processing_system7_0/inst/FCLK_CLK0 |                                                                                                                                         | zynq_interrupt_system_i/axi_smc/inst/sc_ul/inst/gen_axi_full_nxm.sasd_inst/gen_write.m_wdata[31]_i_1_n_0                                |                6 |             32 |         5.33 |
|  zynq_interrupt_system_i/processing_system7_0/inst/FCLK_CLK0 | zynq_interrupt_system_i/axi_smc/inst/sc_ul/inst/gen_axi_full_nxm.sasd_inst/gen_read.r_m_dwsize_mux/E[0]                                 | zynq_interrupt_system_i/axi_smc/inst/sc_ul/inst/gen_axi_full_nxm.sasd_inst/gen_read.s_axi_arready_vec_i[0]_i_1_n_0                      |                9 |             32 |         3.56 |
|  zynq_interrupt_system_i/processing_system7_0/inst/FCLK_CLK0 | zynq_interrupt_system_i/axi_timer_0/U0/AXI4_LITE_I/I_SLAVE_ATTACHMENT/s_axi_rresp_i[0]                                                  | zynq_interrupt_system_i/axi_timer_0/U0/AXI4_LITE_I/I_SLAVE_ATTACHMENT/rst                                                               |               32 |             32 |         1.00 |
|  zynq_interrupt_system_i/processing_system7_0/inst/FCLK_CLK0 | zynq_interrupt_system_i/axi_smc/inst/sc_ul/inst/gen_axi_full_nxm.sasd_inst/gen_read.m_r_en_reg_n_0                                      |                                                                                                                                         |                8 |             32 |         4.00 |
|  zynq_interrupt_system_i/processing_system7_0/inst/FCLK_CLK0 | zynq_interrupt_system_i/axi_timer_0/U0/TC_CORE_I/TIMER_CONTROL_I/CE                                                                     | zynq_interrupt_system_i/axi_timer_0/U0/TC_CORE_I/GEN_SECOND_TIMER.COUNTER_1_I/COUNTER_I/s_axi_aresetn_0                                 |               10 |             32 |         3.20 |
|  zynq_interrupt_system_i/processing_system7_0/inst/FCLK_CLK0 |                                                                                                                                         | zynq_interrupt_system_i/axi_smc/inst/sc_ul/inst/gen_axi_full_nxm.sasd_inst/gen_write.wdata_mux/gen_write.w_grant_i_reg                  |                6 |             37 |         6.17 |
|  zynq_interrupt_system_i/processing_system7_0/inst/FCLK_CLK0 |                                                                                                                                         | zynq_interrupt_system_i/axi_smc/inst/sc_ul/inst/gen_axi_full_nxm.sasd_inst/gen_read.s_axi_arready_vec_i[0]_i_1_n_0                      |               22 |             38 |         1.73 |
|  zynq_interrupt_system_i/processing_system7_0/inst/FCLK_CLK0 |                                                                                                                                         | zynq_interrupt_system_i/axi_gpio_0/U0/AXI_LITE_IPIF_I/I_SLAVE_ATTACHMENT/SR[0]                                                          |               13 |             42 |         3.23 |
|  zynq_interrupt_system_i/processing_system7_0/inst/FCLK_CLK0 | zynq_interrupt_system_i/axi_smc/inst/sc_ul/inst/gen_axi_full_nxm.sasd_inst/gen_read.araddr_mux/s_r_en                                   | zynq_interrupt_system_i/axi_smc/inst/sc_ul/inst/gen_axi_full_nxm.sasd_inst/gen_read.araddr_mux/FSM_sequential_gen_read.r_state_reg[2]   |               12 |             48 |         4.00 |
|  zynq_interrupt_system_i/processing_system7_0/inst/FCLK_CLK0 | zynq_interrupt_system_i/axi_smc/inst/sc_ul/inst/gen_axi_full_nxm.sasd_inst/gen_write.awaddr_mux/FSM_sequential_gen_write.w_state_reg[2] | zynq_interrupt_system_i/axi_smc/inst/sc_ul/inst/gen_axi_full_nxm.sasd_inst/gen_write.awaddr_mux/FSM_sequential_gen_write.w_state_reg[0] |                8 |             48 |         6.00 |
|  zynq_interrupt_system_i/processing_system7_0/inst/FCLK_CLK0 |                                                                                                                                         |                                                                                                                                         |               49 |            135 |         2.76 |
+--------------------------------------------------------------+-----------------------------------------------------------------------------------------------------------------------------------------+-----------------------------------------------------------------------------------------------------------------------------------------+------------------+----------------+--------------+


