

================================================================
== Synthesis Summary Report of 'matrix_mult'
================================================================
+ General Information: 
    * Date:           Tue Oct  6 18:04:47 2026
    * Version:        2026.1 (Build 6493734 on Jun 16 2026)
    * Project:        matrix_mult
    * Solution:       hls
    * Product family: zynq
    * Target device:  xc7z020-clg484-1
    

* Performance & Resource Estimates: 
+---------------+------+---------------+----------+---------+------+----------+---------+-----------+------+------+---------+----------+-----------+-----+
|    Modules    | Issue|               | Iteration|         | Trip |          |       Latency       |      |      |         |          |           |     |
|    & Loops    | Type | Violation Type|  Latency | Interval| Count| Pipelined| (cycles)|    (ns)   | Slack| BRAM |   DSP   |    FF    |    LUT    | URAM|
+---------------+------+---------------+----------+---------+------+----------+---------+-----------+------+------+---------+----------+-----------+-----+
|+ matrix_mult  |     -|              -|         -|      687|     -|        no|      686|  3.430e+03|  0.25|     -|  1 (~0%)|  55 (~0%)|  203 (~0%)|    -|
| o Row         |     -|              -|       137|        -|     5|        no|      685|  3.425e+03|  3.65|     -|        -|         -|          -|    -|
|  o Col        |     -|              -|        27|        -|     5|        no|      135|    675.000|  3.65|     -|        -|         -|          -|    -|
|   o Product   |     -|              -|         5|        -|     5|        no|       25|    125.000|  3.65|     -|        -|         -|          -|    -|
+---------------+------+---------------+----------+---------+------+----------+---------+-----------+------+------+---------+----------+-----------+-----+
    Name Prefix: '+' for module, 'o' for loop, '*' for dataflow


================================================================
== HW Interfaces
================================================================
* AP_MEMORY
+---------------+-----------+----------+
| Port          | Direction | Bitwidth |
+---------------+-----------+----------+
| a_address0    | out       | 5        |
| a_q0          | in        | 8        |
| b_address0    | out       | 5        |
| b_q0          | in        | 8        |
| prod_address0 | out       | 5        |
| prod_d0       | out       | 16       |
+---------------+-----------+----------+

* TOP LEVEL CONTROL
+-----------+------------+-----------------------------------+
| Interface | Type       | Ports                             |
+-----------+------------+-----------------------------------+
| ap_clk    | clock      | ap_clk                            |
| ap_rst    | reset      | ap_rst                            |
| ap_ctrl   | ap_ctrl_hs | ap_done ap_idle ap_ready ap_start |
+-----------+------------+-----------------------------------+


================================================================
== SW I/O Information
================================================================
* Top Function Arguments
+----------+-----------+----------+
| Argument | Direction | Datatype |
+----------+-----------+----------+
| a        | in        | char*    |
| b        | in        | char*    |
| prod     | out       | short*   |
+----------+-----------+----------+

* SW-to-HW Mapping
+----------+---------------+---------+----------+
| Argument | HW Interface  | HW Type | HW Usage |
+----------+---------------+---------+----------+
| a        | a_address0    | port    | offset   |
| a        | a_ce0         | port    |          |
| a        | a_q0          | port    |          |
| b        | b_address0    | port    | offset   |
| b        | b_ce0         | port    |          |
| b        | b_q0          | port    |          |
| prod     | prod_address0 | port    | offset   |
| prod     | prod_ce0      | port    |          |
| prod     | prod_we0      | port    |          |
| prod     | prod_d0       | port    |          |
+----------+---------------+---------+----------+


================================================================
== Bind Op Report
================================================================
+----------------------------------+-----+--------+------------+-------+-----------+---------+
| Name                             | DSP | Pragma | Variable   | Op    | Impl      | Latency |
+----------------------------------+-----+--------+------------+-------+-----------+---------+
| + matrix_mult                    | 1   |        |            |       |           |         |
|   icmp_ln9_fu_135_p2             |     |        | icmp_ln9   | seteq | auto      | 0       |
|   add_ln9_fu_141_p2              |     |        | add_ln9    | add   | fabric    | 0       |
|   add_ln9_1_fu_159_p2            |     |        | add_ln9_1  | add   | fabric    | 0       |
|   icmp_ln12_fu_165_p2            |     |        | icmp_ln12  | seteq | auto      | 0       |
|   add_ln12_fu_171_p2             |     |        | add_ln12   | add   | fabric    | 0       |
|   add_ln19_1_fu_181_p2           |     |        | add_ln19_1 | add   | fabric    | 0       |
|   icmp_ln17_fu_195_p2            |     |        | icmp_ln17  | seteq | auto      | 0       |
|   add_ln17_fu_201_p2             |     |        | add_ln17   | add   | fabric    | 0       |
|   add_ln19_2_fu_211_p2           |     |        | add_ln19_2 | add   | fabric    | 0       |
|   mac_muladd_8s_8s_16s_16_4_1_U1 | 1   |        | mul_ln19   | mul   | dsp_slice | 3       |
|   mac_muladd_8s_8s_16s_16_4_1_U1 | 1   |        | add_ln19   | add   | dsp_slice | 3       |
+----------------------------------+-----+--------+------------+-------+-----------+---------+


================================================================
== Storage Report
================================================================
  No bind storage info in design

================================================================
== Pragma Report
================================================================
  No pragmas found

