  **** HLS Build v2026.1 6493734
INFO: [HLS 200-2005] Using work_dir D:/SOCD334264/Lab_3/matrix_mult_3B_Reshape/matrix_mult 
INFO: [HLS 200-2176] Writing Vitis IDE component file D:/SOCD334264/Lab_3/matrix_mult_3B_Reshape/matrix_mult/vitis-comp.json
INFO: [HLS 200-10] Creating and opening component 'D:/SOCD334264/Lab_3/matrix_mult_3B_Reshape/matrix_mult'.
INFO: [HLS 200-2174] Applying component config ini file hls_config.cfg
INFO: [HLS 200-1465] Applying config ini 'syn.file=../source/tut3B_Reshape/matrix_mult.cpp' from hls_config.cfg(7)
INFO: [HLS 200-10] Adding design file 'D:/SOCD334264/Lab_3/source/tut3B_Reshape/matrix_mult.cpp' to the project
INFO: [HLS 200-1465] Applying config ini 'syn.file=../source/tut3B_Reshape/matrix_mult.h' from hls_config.cfg(8)
INFO: [HLS 200-10] Adding design file 'D:/SOCD334264/Lab_3/source/tut3B_Reshape/matrix_mult.h' to the project
INFO: [HLS 200-1465] Applying config ini 'tb.file=../source/tut3B_Reshape/matrix_mult_test.cpp' from hls_config.cfg(9)
INFO: [HLS 200-10] Adding test bench file 'D:/SOCD334264/Lab_3/source/tut3B_Reshape/matrix_mult_test.cpp' to the project
INFO: [HLS 200-1465] Applying config ini 'syn.top=matrix_mult' from hls_config.cfg(6)
INFO: [HLS 200-1465] Applying config ini 'part=xc7z020clg484-1' from hls_config.cfg(1)
INFO: [HLS 200-1611] Setting target device to 'xc7z020-clg484-1'
INFO: [HLS 200-1465] Applying config ini 'clock=5ns' from hls_config.cfg(10)
INFO: [SYN 201-201] Setting up clock 'default' with a period of 5ns.
INFO: [HLS 200-1465] Applying config ini 'package.output.format=ip_catalog' from hls_config.cfg(4)
INFO: [HLS 200-2176] Writing Vitis IDE component file D:/SOCD334264/Lab_3/matrix_mult_3B_Reshape/matrix_mult/vitis-comp.json
INFO: [HLS 200-111] Finished File checks and directory preparation: CPU user time: 1 seconds. CPU system time: 2 seconds. Elapsed time: 7.313 seconds; current allocated memory: 143.562 MB.
INFO: [HLS 200-2191] C-Synthesis will use clang-16 as the compiler
INFO: [HLS 200-10] Analyzing design file '../source/tut3B_Reshape/matrix_mult.cpp' ... 
INFO: [HLS 200-111] Finished Source Code Analysis and Preprocessing: CPU user time: 0 seconds. CPU system time: 0 seconds. Elapsed time: 4.944 seconds; current allocated memory: 145.750 MB.
INFO: [HLS 200-1995] There were 57 instructions in the design after the 'Compile/Link' phase of compilation. See the Design Size Report for more details (D:/SOCD334264/Lab_3/matrix_mult_3B_Reshape/matrix_mult/hls/syn/report/csynth_design_size.rpt:2)
INFO: [HLS 214-291] Loop 'Product' is marked as complete unroll implied by the pipeline pragma (../source/tut3B_Reshape/matrix_mult.cpp:21:19)
INFO: [HLS 214-186] Unrolling loop 'Product' (../source/tut3B_Reshape/matrix_mult.cpp:21:19) in function 'matrix_mult' completely with a factor of 5 (../source/tut3B_Reshape/matrix_mult.cpp:7:0)
INFO: [HLS 200-1995] There were 65 instructions in the design after the 'Unroll/Inline' phase of compilation. See the Design Size Report for more details (D:/SOCD334264/Lab_3/matrix_mult_3B_Reshape/matrix_mult/hls/syn/report/csynth_design_size.rpt:2)
INFO: [HLS 200-1995] There were 54 instructions in the design after the 'Unroll/Inline (step 2)' phase of compilation. See the Design Size Report for more details (D:/SOCD334264/Lab_3/matrix_mult_3B_Reshape/matrix_mult/hls/syn/report/csynth_design_size.rpt:2)
INFO: [HLS 200-1995] There were 52 instructions in the design after the 'Unroll/Inline (step 3)' phase of compilation. See the Design Size Report for more details (D:/SOCD334264/Lab_3/matrix_mult_3B_Reshape/matrix_mult/hls/syn/report/csynth_design_size.rpt:2)
INFO: [HLS 200-1995] There were 52 instructions in the design after the 'Unroll/Inline (step 4)' phase of compilation. See the Design Size Report for more details (D:/SOCD334264/Lab_3/matrix_mult_3B_Reshape/matrix_mult/hls/syn/report/csynth_design_size.rpt:2)
INFO: [HLS 200-1995] There were 52 instructions in the design after the 'Array/Struct' phase of compilation. See the Design Size Report for more details (D:/SOCD334264/Lab_3/matrix_mult_3B_Reshape/matrix_mult/hls/syn/report/csynth_design_size.rpt:2)
INFO: [HLS 200-1995] There were 52 instructions in the design after the 'Array/Struct (step 2)' phase of compilation. See the Design Size Report for more details (D:/SOCD334264/Lab_3/matrix_mult_3B_Reshape/matrix_mult/hls/syn/report/csynth_design_size.rpt:2)
INFO: [HLS 200-1995] There were 52 instructions in the design after the 'Array/Struct (step 3)' phase of compilation. See the Design Size Report for more details (D:/SOCD334264/Lab_3/matrix_mult_3B_Reshape/matrix_mult/hls/syn/report/csynth_design_size.rpt:2)
INFO: [HLS 214-248] Applying array_reshape to 'a': Complete reshaping on dimension 2. (../source/tut3B_Reshape/matrix_mult.cpp:7:0)
INFO: [HLS 214-248] Applying array_reshape to 'b': Complete reshaping on dimension 1. (../source/tut3B_Reshape/matrix_mult.cpp:7:0)
INFO: [HLS 200-1995] There were 62 instructions in the design after the 'Array/Struct (step 4)' phase of compilation. See the Design Size Report for more details (D:/SOCD334264/Lab_3/matrix_mult_3B_Reshape/matrix_mult/hls/syn/report/csynth_design_size.rpt:2)
INFO: [HLS 200-1995] There were 46 instructions in the design after the 'Array/Struct (step 5)' phase of compilation. See the Design Size Report for more details (D:/SOCD334264/Lab_3/matrix_mult_3B_Reshape/matrix_mult/hls/syn/report/csynth_design_size.rpt:2)
INFO: [HLS 200-1995] There were 46 instructions in the design after the 'Performance' phase of compilation. See the Design Size Report for more details (D:/SOCD334264/Lab_3/matrix_mult_3B_Reshape/matrix_mult/hls/syn/report/csynth_design_size.rpt:2)
INFO: [HLS 200-1995] There were 46 instructions in the design after the 'Performance (step 2)' phase of compilation. See the Design Size Report for more details (D:/SOCD334264/Lab_3/matrix_mult_3B_Reshape/matrix_mult/hls/syn/report/csynth_design_size.rpt:2)
INFO: [HLS 200-1995] There were 46 instructions in the design after the 'Performance (step 3)' phase of compilation. See the Design Size Report for more details (D:/SOCD334264/Lab_3/matrix_mult_3B_Reshape/matrix_mult/hls/syn/report/csynth_design_size.rpt:2)
INFO: [HLS 200-1995] There were 46 instructions in the design after the 'Performance (step 4)' phase of compilation. See the Design Size Report for more details (D:/SOCD334264/Lab_3/matrix_mult_3B_Reshape/matrix_mult/hls/syn/report/csynth_design_size.rpt:2)
INFO: [HLS 200-1995] There were 52 instructions in the design after the 'HW Transforms' phase of compilation. See the Design Size Report for more details (D:/SOCD334264/Lab_3/matrix_mult_3B_Reshape/matrix_mult/hls/syn/report/csynth_design_size.rpt:2)
INFO: [HLS 200-1995] There were 60 instructions in the design after the 'HW Transforms (step 2)' phase of compilation. See the Design Size Report for more details (D:/SOCD334264/Lab_3/matrix_mult_3B_Reshape/matrix_mult/hls/syn/report/csynth_design_size.rpt:2)
INFO: [HLS 200-111] Finished Compiling Optimization and Transform: CPU user time: 1 seconds. CPU system time: 0 seconds. Elapsed time: 12.864 seconds; current allocated memory: 148.637 MB.
INFO: [HLS 200-111] Finished Checking Pragmas: CPU user time: 0 seconds. CPU system time: 0 seconds. Elapsed time: 0.003 seconds; current allocated memory: 148.637 MB.
INFO: [HLS 200-10] Starting code transformations ...
INFO: [HLS 200-111] Finished Standard Transforms: CPU user time: 0 seconds. CPU system time: 0 seconds. Elapsed time: 0.071 seconds; current allocated memory: 152.758 MB.
INFO: [HLS 200-10] Checking synthesizability ...
INFO: [HLS 200-111] Finished Checking Synthesizability: CPU user time: 0 seconds. CPU system time: 0 seconds. Elapsed time: 0.046 seconds; current allocated memory: 154.199 MB.
INFO: [XFORM 203-11] Balancing expressions in function 'matrix_mult' (../source/tut3B_Reshape/matrix_mult.cpp:12:12)...4 expression(s) balanced.
INFO: [HLS 200-111] Finished Loop, function and other optimizations: CPU user time: 0 seconds. CPU system time: 0 seconds. Elapsed time: 0.1 seconds; current allocated memory: 175.160 MB.
INFO: [HLS 200-2061] Successfully converted nested loops 'Row'(../source/tut3B_Reshape/matrix_mult.cpp:12:9) and 'Col'(../source/tut3B_Reshape/matrix_mult.cpp:15:12) in function 'matrix_mult' into perfectly nested loops.
INFO: [HLS 200-2259] Flattening a loop nest with inner loop 'Col' (../source/tut3B_Reshape/matrix_mult.cpp:15:12) and outer loop 'Row' (../source/tut3B_Reshape/matrix_mult.cpp:12:9) in function 'matrix_mult' successfully.
INFO: [HLS 200-111] Finished Architecture Synthesis: CPU user time: 0 seconds. CPU system time: 0 seconds. Elapsed time: 0.077 seconds; current allocated memory: 175.168 MB.
INFO: [HLS 200-2255] Checking Wire Delay Status: Wire Delay Mode is ON
INFO: [HLS 200-10] Starting hardware synthesis ...
INFO: [HLS 200-10] Synthesizing 'matrix_mult' ...
INFO: [HLS 200-10] ----------------------------------------------------------------
INFO: [HLS 200-42] -- Implementing module 'matrix_mult' 
INFO: [HLS 200-10] ----------------------------------------------------------------
INFO: [SCHED 204-11] Starting scheduling ...
INFO: [HLS 200-486] Changing DSP latency (root=add_ln23_2) to 3 in order to utilize available DSP registers.
INFO: [HLS 200-486] Changing DSP latency (root=add_ln23_1) to 3 in order to utilize available DSP registers.
INFO: [HLS 200-486] Changing DSP latency (root=add_ln23) to 3 in order to utilize available DSP registers.
WARNING: [HLS 200-1015] Estimated delay Estimated delay (5.415ns)  of 'mul' operation 16 bit ('mul_ln23_1', ../source/tut3B_Reshape/matrix_mult.cpp:23) exceeds the target cycle time (target cycle time: 5.000ns, clock uncertainty: 1.350ns, effective cycle time: 3.650ns).

Resolution: For help on HLS 200-1015 see docs.amd.com/access/sources/dita/topic?Doc_Version=2026.1%20English&url=ug1448-hls-guidance&resourceid=200-1015.html
INFO: [SCHED 204-61] Pipelining loop 'Row_Col'.
WARNING: [HLS 200-887] Cannot meet target clock period from basic block for.inc29 to 'store' operation ('indvar_flatten1_write_ln12', ../source/tut3B_Reshape/matrix_mult.cpp:12) of variable 'add_ln12_1', ../source/tut3B_Reshape/matrix_mult.cpp:12 5 bit on local variable 'indvar_flatten1' (combination delay: 4.956 ns) to honor II or Latency constraint in region 'Row_Col'.
Resolution: For help on HLS 200-887 see docs.amd.com/access/sources/dita/topic?Doc_Version=2026.1%20English&url=ug1448-hls-guidance&resourceid=200-887.html
INFO: [HLS 200-2253] Unable to schedule 'load' operation 40 bit ('a_load', ../source/tut3B_Reshape/matrix_mult.cpp:23) on array 'a' in the first 0 clock cycle(s).
INFO: [HLS 200-1470] Pipelining result : Target II = 1, Final II = 1, Depth = 10, loop 'Row_Col'
WARNING: [HLS 200-871] Estimated clock period (5.415 ns) exceeds the target (target clock period: 5.000 ns, clock uncertainty: 1.350 ns, effective delay budget: 3.650 ns).
Resolution: For help on HLS 200-871 see docs.amd.com/access/sources/dita/topic?Doc_Version=2026.1%20English&url=ug1448-hls-guidance&resourceid=200-871.html
WARNING: [HLS 200-1016] The critical path in module 'matrix_mult' consists of the following:
	'load' operation 40 bit ('a_load', ../source/tut3B_Reshape/matrix_mult.cpp:23) on array 'a' [33]  (0.000 ns)
	'mul' operation 16 bit ('mul_ln23_1', ../source/tut3B_Reshape/matrix_mult.cpp:23) [63]  (5.415 ns)

Resolution: For help on HLS 200-1016 see docs.amd.com/access/sources/dita/topic?Doc_Version=2026.1%20English&url=ug1448-hls-guidance&resourceid=200-1016.html
INFO: [SCHED 204-11] Finished scheduling.
INFO: [HLS 200-111] Finished Scheduling: CPU user time: 0 seconds. CPU system time: 0 seconds. Elapsed time: 1.703 seconds; current allocated memory: 175.168 MB.
INFO: [HLS 200-2250] Rewind delay = 1 for the pipelined loop 'Row_Col' to synchronize the reading of port 'a (no source info)' with ap_ready.
INFO: [BIND 205-100] Starting micro-architecture generation ...
INFO: [BIND 205-101] Performing variable lifetime analysis.
INFO: [BIND 205-101] Exploring resource sharing.
INFO: [BIND 205-101] Binding ...
INFO: [BIND 205-100] Finished micro-architecture generation.
INFO: [HLS 200-111] Finished Binding: CPU user time: 0 seconds. CPU system time: 0 seconds. Elapsed time: 0.068 seconds; current allocated memory: 175.547 MB.
INFO: [HLS 200-10] ----------------------------------------------------------------
INFO: [HLS 200-10] -- Generating RTL for module 'matrix_mult' 
INFO: [HLS 200-10] ----------------------------------------------------------------
INFO: [RTGEN 206-500] Setting interface mode on port 'matrix_mult/a' to 'ap_memory'.
INFO: [RTGEN 206-500] Setting interface mode on port 'matrix_mult/b' to 'ap_memory'.
INFO: [RTGEN 206-500] Setting interface mode on port 'matrix_mult/prod' to 'ap_memory'.
INFO: [RTGEN 206-500] Setting interface mode on function 'matrix_mult' to 'ap_ctrl_hs'.
INFO: [HLS 200-1030] Apply Unified Pipeline Control on module 'matrix_mult' pipeline 'Row_Col' pipeline type 'loop pipeline'
INFO: [RTGEN 206-100] Generating core module 'mac_muladd_8s_8s_16s_16_4_1': 3 instance(s).
INFO: [RTGEN 206-100] Generating core module 'mul_8s_8s_16_5_1': 2 instance(s).
INFO: [RTGEN 206-100] Finished creating RTL model for 'matrix_mult'.
INFO: [HLS 200-111] Finished Creating RTL model: CPU user time: 0 seconds. CPU system time: 0 seconds. Elapsed time: 0.127 seconds; current allocated memory: 177.625 MB.
INFO: [HLS 200-111] Finished Generating all RTL models: CPU user time: 0 seconds. CPU system time: 0 seconds. Elapsed time: 0.54 seconds; current allocated memory: 181.172 MB.
INFO: [HLS 200-2225] Wrote inferred directives to file D:/SOCD334264/Lab_3/matrix_mult_3B_Reshape/matrix_mult/hls/syn/inferred_directives.ini
INFO: [HLS 200-111] Finished Updating report files: CPU user time: 1 seconds. CPU system time: 0 seconds. Elapsed time: 1.058 seconds; current allocated memory: 183.301 MB.
INFO: [VHDL 208-304] Generating VHDL RTL for matrix_mult.
INFO: [VLOG 209-307] Generating Verilog RTL for matrix_mult.
INFO: [HLS 200-790] **** Loop Constraint Status: All loop constraints were satisfied.
INFO: [HLS 200-789] **** Estimated Fmax: 184.67 MHz
INFO: [HLS 200-112] Total CPU user time: 3 seconds. Total CPU system time: 2 seconds. Total elapsed time: 28.978 seconds; peak allocated memory: 183.383 MB.
INFO: [v++ 60-791] Total elapsed time: 0h 0m 33s
