

================================================================
== Vitis HLS Report for 'matrix_mult'
================================================================
* Date:           Tue Oct  6 18:51:43 2026

* Version:        2026.1 (Build 6493734 on Jun 16 2026)
* Project:        matrix_mult
* Solution:       hls
* Product family: zynq
* Target device:  xc7z020-clg484-1


================================================================
== Performance Estimates
================================================================
+ Timing: 
    * Summary: 
    +--------+---------+----------+------------+
    |  Clock |  Target | Estimated| Uncertainty|
    +--------+---------+----------+------------+
    |ap_clk  |  5.00 ns|  5.415 ns|     1.35 ns|
    +--------+---------+----------+------------+

+ Latency: 
    * Summary: 
    +---------+---------+----------+----------+-----+-----+-----------------------------------------+
    |  Latency (cycles) |  Latency (absolute) |  Interval |                 Pipeline                |
    |   min   |   max   |    min   |    max   | min | max |                   Type                  |
    +---------+---------+----------+----------+-----+-----+-----------------------------------------+
    |       35|       35|  0.190 us|  0.190 us|   26|   26|  loop auto-rewind stp (delay=1 cycle(s))|
    +---------+---------+----------+----------+-----+-----+-----------------------------------------+

    + Detail: 
        * Instance: 
        N/A

        * Loop: 
        +-----------+---------+---------+----------+-----------+-----------+------+----------+
        |           |  Latency (cycles) | Iteration|  Initiation Interval  | Trip |          |
        | Loop Name |   min   |   max   |  Latency |  achieved |   target  | Count| Pipelined|
        +-----------+---------+---------+----------+-----------+-----------+------+----------+
        |- Row_Col  |       33|       33|        10|          1|          1|    25|       yes|
        +-----------+---------+---------+----------+-----------+-----------+------+----------+

============================================================
+ Verbose Summary: Synthesis Manager
============================================================
InlineROM: 1
ExposeGlobal: 0
============================================================
+ Verbose Summary: CDFG Model
============================================================
IsTopModel: 1
ResetActiveHigh: 1
IsCombinational: 2
IsDatapathOnly: 0
HasWiredReturn: 1
HasMFsm: 2
HasVarLatency: 1
IsPipeline: 0
IsRtlPipelined: 0
IsInstanceOverlapped: 0
IsDontTouch: 0
HasImplIP: 0
IsGatedGlobalClock: 0

+ Individual pipeline summary: 
  * Pipeline-0: initiation interval (II) = 1, depth = 10


============================================================
+ Verbose Summary: Schedule
============================================================
* Number of FSM states : 10
* Pipeline : 1
  Pipeline-0 : II = 1, D = 10, States = { 1 2 3 4 5 6 7 8 9 10 }
* Dataflow Pipeline: 0

* FSM state transitions: 
1 --> 2 
2 --> 3 
3 --> 4 
4 --> 5 
5 --> 6 
6 --> 7 
7 --> 8 
8 --> 9 
9 --> 10 
10 --> 

* FSM state operations: 

State 1 <SV = 0> <Delay = 4.95>
ST_1 : Operation 13 [1/1] (0.00ns)   --->   "%indvar_flatten1 = alloca i32 1"   --->   Operation 13 'alloca' 'indvar_flatten1' <Predicate = true> <Delay = 0.00>
ST_1 : Operation 14 [1/1] (0.00ns)   --->   "%i = alloca i32 1" [../source/tut3B_Reshape/matrix_mult.cpp:12]   --->   Operation 14 'alloca' 'i' <Predicate = true> <Delay = 0.00>
ST_1 : Operation 15 [1/1] (0.00ns)   --->   "%j = alloca i32 1" [../source/tut3B_Reshape/matrix_mult.cpp:15]   --->   Operation 15 'alloca' 'j' <Predicate = true> <Delay = 0.00>
ST_1 : Operation 16 [1/1] (0.00ns)   --->   "%spectopmodule_ln0 = spectopmodule void @_ssdm_op_SpecTopModule, void @empty_1"   --->   Operation 16 'spectopmodule' 'spectopmodule_ln0' <Predicate = true> <Delay = 0.00>
ST_1 : Operation 17 [1/1] (0.00ns)   --->   "%specinterface_ln0 = specinterface void @_ssdm_op_SpecInterface, i40 %a, void @empty, i32 0, i32 0, void @empty_0, i32 4294967295, i32 0, void @empty_0, void @empty_0, void @empty_0, i32 0, i32 0, i32 0, i32 0, void @empty_0, void @empty_0, i32 4294967295, i32 0, i32 0, i32 0"   --->   Operation 17 'specinterface' 'specinterface_ln0' <Predicate = true> <Delay = 0.00>
ST_1 : Operation 18 [1/1] (0.00ns)   --->   "%specbitsmap_ln0 = specbitsmap void @_ssdm_op_SpecBitsMap, i40 %a"   --->   Operation 18 'specbitsmap' 'specbitsmap_ln0' <Predicate = true> <Delay = 0.00>
ST_1 : Operation 19 [1/1] (0.00ns)   --->   "%specinterface_ln0 = specinterface void @_ssdm_op_SpecInterface, i40 %b, void @empty, i32 0, i32 0, void @empty_0, i32 4294967295, i32 0, void @empty_0, void @empty_0, void @empty_0, i32 0, i32 0, i32 0, i32 0, void @empty_0, void @empty_0, i32 4294967295, i32 0, i32 0, i32 0"   --->   Operation 19 'specinterface' 'specinterface_ln0' <Predicate = true> <Delay = 0.00>
ST_1 : Operation 20 [1/1] (0.00ns)   --->   "%specbitsmap_ln0 = specbitsmap void @_ssdm_op_SpecBitsMap, i40 %b"   --->   Operation 20 'specbitsmap' 'specbitsmap_ln0' <Predicate = true> <Delay = 0.00>
ST_1 : Operation 21 [1/1] (0.00ns)   --->   "%specinterface_ln0 = specinterface void @_ssdm_op_SpecInterface, i16 %prod, void @empty, i32 0, i32 0, void @empty_0, i32 4294967295, i32 0, void @empty_0, void @empty_0, void @empty_0, i32 0, i32 0, i32 0, i32 0, void @empty_0, void @empty_0, i32 4294967295, i32 0, i32 0, i32 0"   --->   Operation 21 'specinterface' 'specinterface_ln0' <Predicate = true> <Delay = 0.00>
ST_1 : Operation 22 [1/1] (0.00ns)   --->   "%specbitsmap_ln0 = specbitsmap void @_ssdm_op_SpecBitsMap, i16 %prod"   --->   Operation 22 'specbitsmap' 'specbitsmap_ln0' <Predicate = true> <Delay = 0.00>
ST_1 : Operation 23 [1/1] (1.58ns)   --->   "%store_ln15 = store i3 0, i3 %j" [../source/tut3B_Reshape/matrix_mult.cpp:15]   --->   Operation 23 'store' 'store_ln15' <Predicate = true> <Delay = 1.58>
ST_1 : Operation 24 [1/1] (1.58ns)   --->   "%store_ln12 = store i3 0, i3 %i" [../source/tut3B_Reshape/matrix_mult.cpp:12]   --->   Operation 24 'store' 'store_ln12' <Predicate = true> <Delay = 1.58>
ST_1 : Operation 25 [1/1] (1.58ns)   --->   "%store_ln0 = store i5 0, i5 %indvar_flatten1"   --->   Operation 25 'store' 'store_ln0' <Predicate = true> <Delay = 1.58>
ST_1 : Operation 26 [1/1] (1.58ns)   --->   "%br_ln0 = br void %for.inc29"   --->   Operation 26 'br' 'br_ln0' <Predicate = true> <Delay = 1.58>
ST_1 : Operation 27 [1/1] (0.00ns)   --->   "%indvar_flatten1_load = load i5 %indvar_flatten1" [../source/tut3B_Reshape/matrix_mult.cpp:12]   --->   Operation 27 'load' 'indvar_flatten1_load' <Predicate = true> <Delay = 0.00>
ST_1 : Operation 28 [1/1] (1.78ns)   --->   "%add_ln12_1 = add i5 %indvar_flatten1_load, i5 1" [../source/tut3B_Reshape/matrix_mult.cpp:12]   --->   Operation 28 'add' 'add_ln12_1' <Predicate = true> <Delay = 1.78> <CoreInst = "Adder">   --->   Core 1 'Adder' <Latency = 0> <II = 1> <Delay = 1.78> <FuncUnit> <Opcode : 'add' 'sub'> <InPorts = 2> <OutPorts = 1>
ST_1 : Operation 29 [1/1] (1.78ns)   --->   "%icmp_ln12 = icmp_eq  i5 %indvar_flatten1_load, i5 24" [../source/tut3B_Reshape/matrix_mult.cpp:12]   --->   Operation 29 'icmp' 'icmp_ln12' <Predicate = true> <Delay = 1.78> <CoreInst = "Cmp">   --->   Core 9 'Cmp' <Latency = 0> <II = 1> <Delay = 1.78> <FuncUnit> <Opcode : 'seteq' 'setne' 'setle' 'setge' 'setlt' 'setgt'> <InPorts = 2> <OutPorts = 1>
ST_1 : Operation 30 [1/1] (1.58ns)   --->   "%store_ln12 = store i5 %add_ln12_1, i5 %indvar_flatten1" [../source/tut3B_Reshape/matrix_mult.cpp:12]   --->   Operation 30 'store' 'store_ln12' <Predicate = true> <Delay = 1.58>
ST_1 : Operation 31 [1/1] (0.00ns)   --->   "%br_ln12 = br i1 %icmp_ln12, void %for.inc29, void %for.end31" [../source/tut3B_Reshape/matrix_mult.cpp:12]   --->   Operation 31 'br' 'br_ln12' <Predicate = true> <Delay = 0.00>

State 2 <SV = 1> <Delay = 4.28>
ST_2 : Operation 32 [1/1] (0.00ns)   --->   "%icmp_ln154 = phi i1 0, void %entry, i1 %icmp_ln15, void %for.inc29" [../source/tut3B_Reshape/matrix_mult.cpp:15]   --->   Operation 32 'phi' 'icmp_ln154' <Predicate = true> <Delay = 0.00>
ST_2 : Operation 33 [1/1] (0.00ns)   --->   "%i_1 = load i3 %i" [../source/tut3B_Reshape/matrix_mult.cpp:12]   --->   Operation 33 'load' 'i_1' <Predicate = true> <Delay = 0.00>
ST_2 : Operation 34 [1/1] (0.00ns)   --->   "%j_1 = load i3 %j" [../source/tut3B_Reshape/matrix_mult.cpp:12]   --->   Operation 34 'load' 'j_1' <Predicate = true> <Delay = 0.00>
ST_2 : Operation 35 [1/1] (0.98ns)   --->   "%select_ln12 = select i1 %icmp_ln154, i3 0, i3 %j_1" [../source/tut3B_Reshape/matrix_mult.cpp:12]   --->   Operation 35 'select' 'select_ln12' <Predicate = true> <Delay = 0.98> <CoreInst = "Sel">   --->   Core 73 'Sel' <Latency = 0> <II = 1> <Delay = 0.98> <FuncUnit> <Opcode : 'select'> <InPorts = 3> <OutPorts = 1>
ST_2 : Operation 36 [1/1] (0.00ns) (grouped into LUT with out node i_3)   --->   "%empty = select i1 %icmp_ln154, i3 1, i3 0" [../source/tut3B_Reshape/matrix_mult.cpp:15]   --->   Operation 36 'select' 'empty' <Predicate = true> <Delay = 0.00> <CoreInst = "Sel">   --->   Core 73 'Sel' <Latency = 0> <II = 1> <Delay = 0.99> <FuncUnit> <Opcode : 'select'> <InPorts = 3> <OutPorts = 1>
ST_2 : Operation 37 [1/1] (1.65ns) (out node of the LUT)   --->   "%i_3 = add i3 %i_1, i3 %empty" [../source/tut3B_Reshape/matrix_mult.cpp:12]   --->   Operation 37 'add' 'i_3' <Predicate = true> <Delay = 1.65> <CoreInst = "Adder">   --->   Core 1 'Adder' <Latency = 0> <II = 1> <Delay = 1.65> <FuncUnit> <Opcode : 'add' 'sub'> <InPorts = 2> <OutPorts = 1>
ST_2 : Operation 38 [1/1] (0.00ns)   --->   "%zext_ln12 = zext i3 %i_3" [../source/tut3B_Reshape/matrix_mult.cpp:12]   --->   Operation 38 'zext' 'zext_ln12' <Predicate = true> <Delay = 0.00>
ST_2 : Operation 39 [1/1] (0.00ns)   --->   "%a_addr = getelementptr i40 %a, i64 0, i64 %zext_ln12" [../source/tut3B_Reshape/matrix_mult.cpp:23]   --->   Operation 39 'getelementptr' 'a_addr' <Predicate = true> <Delay = 0.00>
ST_2 : Operation 40 [2/2] (0.00ns)   --->   "%a_load = load i3 %a_addr" [../source/tut3B_Reshape/matrix_mult.cpp:23]   --->   Operation 40 'load' 'a_load' <Predicate = true> <Delay = 0.00> <CoreInst = "RAM">   --->   Core 81 'RAM' <Latency = 1> <II = 1> <Delay = 2.32> <Storage> <Opcode : 'load' 'store'> <Ports = 2> <Width = 40> <Depth = 5> <RAM>
ST_2 : Operation 41 [1/1] (0.00ns)   --->   "%zext_ln15 = zext i3 %select_ln12" [../source/tut3B_Reshape/matrix_mult.cpp:15]   --->   Operation 41 'zext' 'zext_ln15' <Predicate = true> <Delay = 0.00>
ST_2 : Operation 42 [1/1] (0.00ns)   --->   "%b_addr = getelementptr i40 %b, i64 0, i64 %zext_ln15" [../source/tut3B_Reshape/matrix_mult.cpp:23]   --->   Operation 42 'getelementptr' 'b_addr' <Predicate = true> <Delay = 0.00>
ST_2 : Operation 43 [2/2] (0.00ns)   --->   "%b_load = load i3 %b_addr" [../source/tut3B_Reshape/matrix_mult.cpp:23]   --->   Operation 43 'load' 'b_load' <Predicate = true> <Delay = 0.00> <CoreInst = "RAM">   --->   Core 81 'RAM' <Latency = 1> <II = 1> <Delay = 2.32> <Storage> <Opcode : 'load' 'store'> <Ports = 2> <Width = 40> <Depth = 5> <RAM>
ST_2 : Operation 44 [1/1] (1.65ns)   --->   "%j_3 = add i3 %select_ln12, i3 1" [../source/tut3B_Reshape/matrix_mult.cpp:15]   --->   Operation 44 'add' 'j_3' <Predicate = true> <Delay = 1.65> <CoreInst = "Adder">   --->   Core 1 'Adder' <Latency = 0> <II = 1> <Delay = 1.65> <FuncUnit> <Opcode : 'add' 'sub'> <InPorts = 2> <OutPorts = 1>
ST_2 : Operation 45 [1/1] (1.65ns)   --->   "%icmp_ln15 = icmp_eq  i3 %j_3, i3 5" [../source/tut3B_Reshape/matrix_mult.cpp:15]   --->   Operation 45 'icmp' 'icmp_ln15' <Predicate = true> <Delay = 1.65> <CoreInst = "Cmp">   --->   Core 9 'Cmp' <Latency = 0> <II = 1> <Delay = 1.65> <FuncUnit> <Opcode : 'seteq' 'setne' 'setle' 'setge' 'setlt' 'setgt'> <InPorts = 2> <OutPorts = 1>
ST_2 : Operation 46 [1/1] (1.58ns)   --->   "%store_ln15 = store i3 %j_3, i3 %j" [../source/tut3B_Reshape/matrix_mult.cpp:15]   --->   Operation 46 'store' 'store_ln15' <Predicate = true> <Delay = 1.58>
ST_2 : Operation 47 [1/1] (1.58ns)   --->   "%store_ln12 = store i3 %i_3, i3 %i" [../source/tut3B_Reshape/matrix_mult.cpp:12]   --->   Operation 47 'store' 'store_ln12' <Predicate = true> <Delay = 1.58>

State 3 <SV = 2> <Delay = 5.41>
ST_3 : Operation 48 [1/1] (0.00ns)   --->   "%zext_ln23 = zext i3 %i_3" [../source/tut3B_Reshape/matrix_mult.cpp:23]   --->   Operation 48 'zext' 'zext_ln23' <Predicate = true> <Delay = 0.00>
ST_3 : Operation 49 [1/1] (0.00ns)   --->   "%tmp_8 = bitconcatenate i5 @_ssdm_op_BitConcatenate.i5.i3.i2, i3 %i_3, i2 0" [../source/tut3B_Reshape/matrix_mult.cpp:23]   --->   Operation 49 'bitconcatenate' 'tmp_8' <Predicate = true> <Delay = 0.00>
ST_3 : Operation 50 [1/1] (0.00ns) (grouped into TernaryAdder)   --->   "%add_ln23_5 = add i5 %tmp_8, i5 %zext_ln23" [../source/tut3B_Reshape/matrix_mult.cpp:23]   --->   Operation 50 'add' 'add_ln23_5' <Predicate = true> <Delay = 0.00> <CoreInst = "TAddSub">   --->   Core 10 'TAddSub' <Latency = 0> <II = 1> <Delay = 1.70> <IPBlock> <Opcode : 'add' 'sub'> <InPorts = 3> <OutPorts = 1> <Sync> <CReg>
ST_3 : Operation 51 [1/2] ( I:0.00ns O:0.00ns )   --->   "%a_load = load i3 %a_addr" [../source/tut3B_Reshape/matrix_mult.cpp:23]   --->   Operation 51 'load' 'a_load' <Predicate = true> <Delay = 0.00> <CoreInst = "RAM">   --->   Core 81 'RAM' <Latency = 1> <II = 1> <Delay = 2.32> <Storage> <Opcode : 'load' 'store'> <Ports = 2> <Width = 40> <Depth = 5> <RAM>
ST_3 : Operation 52 [1/1] (0.00ns)   --->   "%trunc_ln23 = trunc i40 %a_load" [../source/tut3B_Reshape/matrix_mult.cpp:23]   --->   Operation 52 'trunc' 'trunc_ln23' <Predicate = true> <Delay = 0.00>
ST_3 : Operation 53 [1/1] (0.00ns)   --->   "%tmp = partselect i8 @_ssdm_op_PartSelect.i8.i40.i40, i40 %a_load, i40 8" [../source/tut3B_Reshape/matrix_mult.cpp:23]   --->   Operation 53 'partselect' 'tmp' <Predicate = true> <Delay = 0.00>
ST_3 : Operation 54 [1/1] (0.00ns)   --->   "%sext_ln23_1 = sext i8 %tmp" [../source/tut3B_Reshape/matrix_mult.cpp:23]   --->   Operation 54 'sext' 'sext_ln23_1' <Predicate = true> <Delay = 0.00>
ST_3 : Operation 55 [1/1] (0.00ns)   --->   "%tmp_1 = partselect i8 @_ssdm_op_PartSelect.i8.i40.i40, i40 %a_load, i40 16" [../source/tut3B_Reshape/matrix_mult.cpp:23]   --->   Operation 55 'partselect' 'tmp_1' <Predicate = true> <Delay = 0.00>
ST_3 : Operation 56 [1/1] (0.00ns)   --->   "%tmp_2 = partselect i8 @_ssdm_op_PartSelect.i8.i40.i40, i40 %a_load, i40 24" [../source/tut3B_Reshape/matrix_mult.cpp:23]   --->   Operation 56 'partselect' 'tmp_2' <Predicate = true> <Delay = 0.00>
ST_3 : Operation 57 [1/1] (0.00ns)   --->   "%sext_ln23_3 = sext i8 %tmp_2" [../source/tut3B_Reshape/matrix_mult.cpp:23]   --->   Operation 57 'sext' 'sext_ln23_3' <Predicate = true> <Delay = 0.00>
ST_3 : Operation 58 [1/1] (0.00ns)   --->   "%tmp_3 = partselect i8 @_ssdm_op_PartSelect.i8.i40.i40, i40 %a_load, i40 32" [../source/tut3B_Reshape/matrix_mult.cpp:23]   --->   Operation 58 'partselect' 'tmp_3' <Predicate = true> <Delay = 0.00>
ST_3 : Operation 59 [1/1] (0.00ns)   --->   "%zext_ln23_1 = zext i3 %select_ln12" [../source/tut3B_Reshape/matrix_mult.cpp:23]   --->   Operation 59 'zext' 'zext_ln23_1' <Predicate = true> <Delay = 0.00>
ST_3 : Operation 60 [1/1] (3.40ns) (root node of TernaryAdder)   --->   "%add_ln23_4 = add i5 %add_ln23_5, i5 %zext_ln23_1" [../source/tut3B_Reshape/matrix_mult.cpp:23]   --->   Operation 60 'add' 'add_ln23_4' <Predicate = true> <Delay = 3.40> <CoreInst = "TAddSub">   --->   Core 10 'TAddSub' <Latency = 0> <II = 1> <Delay = 1.70> <IPBlock> <Opcode : 'add' 'sub'> <InPorts = 3> <OutPorts = 1> <Sync> <CReg>
ST_3 : Operation 61 [1/2] ( I:0.00ns O:0.00ns )   --->   "%b_load = load i3 %b_addr" [../source/tut3B_Reshape/matrix_mult.cpp:23]   --->   Operation 61 'load' 'b_load' <Predicate = true> <Delay = 0.00> <CoreInst = "RAM">   --->   Core 81 'RAM' <Latency = 1> <II = 1> <Delay = 2.32> <Storage> <Opcode : 'load' 'store'> <Ports = 2> <Width = 40> <Depth = 5> <RAM>
ST_3 : Operation 62 [1/1] (0.00ns)   --->   "%trunc_ln23_1 = trunc i40 %b_load" [../source/tut3B_Reshape/matrix_mult.cpp:23]   --->   Operation 62 'trunc' 'trunc_ln23_1' <Predicate = true> <Delay = 0.00>
ST_3 : Operation 63 [1/1] (0.00ns)   --->   "%tmp_4 = partselect i8 @_ssdm_op_PartSelect.i8.i40.i40, i40 %b_load, i40 8" [../source/tut3B_Reshape/matrix_mult.cpp:23]   --->   Operation 63 'partselect' 'tmp_4' <Predicate = true> <Delay = 0.00>
ST_3 : Operation 64 [1/1] (0.00ns)   --->   "%sext_ln23_6 = sext i8 %tmp_4" [../source/tut3B_Reshape/matrix_mult.cpp:23]   --->   Operation 64 'sext' 'sext_ln23_6' <Predicate = true> <Delay = 0.00>
ST_3 : Operation 65 [1/1] (0.00ns)   --->   "%tmp_5 = partselect i8 @_ssdm_op_PartSelect.i8.i40.i40, i40 %b_load, i40 16" [../source/tut3B_Reshape/matrix_mult.cpp:23]   --->   Operation 65 'partselect' 'tmp_5' <Predicate = true> <Delay = 0.00>
ST_3 : Operation 66 [1/1] (0.00ns)   --->   "%tmp_6 = partselect i8 @_ssdm_op_PartSelect.i8.i40.i40, i40 %b_load, i40 24" [../source/tut3B_Reshape/matrix_mult.cpp:23]   --->   Operation 66 'partselect' 'tmp_6' <Predicate = true> <Delay = 0.00>
ST_3 : Operation 67 [1/1] (0.00ns)   --->   "%sext_ln23_8 = sext i8 %tmp_6" [../source/tut3B_Reshape/matrix_mult.cpp:23]   --->   Operation 67 'sext' 'sext_ln23_8' <Predicate = true> <Delay = 0.00>
ST_3 : Operation 68 [1/1] (0.00ns)   --->   "%tmp_7 = partselect i8 @_ssdm_op_PartSelect.i8.i40.i40, i40 %b_load, i40 32" [../source/tut3B_Reshape/matrix_mult.cpp:23]   --->   Operation 68 'partselect' 'tmp_7' <Predicate = true> <Delay = 0.00>
ST_3 : Operation 69 [5/5] (5.41ns)   --->   "%mul_ln23_1 = mul i16 %sext_ln23_6, i16 %sext_ln23_1" [../source/tut3B_Reshape/matrix_mult.cpp:23]   --->   Operation 69 'mul' 'mul_ln23_1' <Predicate = true> <Delay = 5.41> <CoreInst = "Multiplier">   --->   Core 3 'Multiplier' <Latency = 4> <II = 1> <Delay = 5.41> <FuncUnit> <Opcode : 'mul'> <InPorts = 2> <OutPorts = 1>
ST_3 : Operation 70 [5/5] (5.41ns)   --->   "%mul_ln23_3 = mul i16 %sext_ln23_8, i16 %sext_ln23_3" [../source/tut3B_Reshape/matrix_mult.cpp:23]   --->   Operation 70 'mul' 'mul_ln23_3' <Predicate = true> <Delay = 5.41> <CoreInst = "Multiplier">   --->   Core 3 'Multiplier' <Latency = 4> <II = 1> <Delay = 5.41> <FuncUnit> <Opcode : 'mul'> <InPorts = 2> <OutPorts = 1>

State 4 <SV = 3> <Delay = 5.41>
ST_4 : Operation 71 [4/5] (5.41ns)   --->   "%mul_ln23_1 = mul i16 %sext_ln23_6, i16 %sext_ln23_1" [../source/tut3B_Reshape/matrix_mult.cpp:23]   --->   Operation 71 'mul' 'mul_ln23_1' <Predicate = true> <Delay = 5.41> <CoreInst = "Multiplier">   --->   Core 3 'Multiplier' <Latency = 4> <II = 1> <Delay = 5.41> <FuncUnit> <Opcode : 'mul'> <InPorts = 2> <OutPorts = 1>
ST_4 : Operation 72 [4/5] (5.41ns)   --->   "%mul_ln23_3 = mul i16 %sext_ln23_8, i16 %sext_ln23_3" [../source/tut3B_Reshape/matrix_mult.cpp:23]   --->   Operation 72 'mul' 'mul_ln23_3' <Predicate = true> <Delay = 5.41> <CoreInst = "Multiplier">   --->   Core 3 'Multiplier' <Latency = 4> <II = 1> <Delay = 5.41> <FuncUnit> <Opcode : 'mul'> <InPorts = 2> <OutPorts = 1>

State 5 <SV = 4> <Delay = 5.41>
ST_5 : Operation 73 [3/5] (5.41ns)   --->   "%mul_ln23_1 = mul i16 %sext_ln23_6, i16 %sext_ln23_1" [../source/tut3B_Reshape/matrix_mult.cpp:23]   --->   Operation 73 'mul' 'mul_ln23_1' <Predicate = true> <Delay = 5.41> <CoreInst = "Multiplier">   --->   Core 3 'Multiplier' <Latency = 4> <II = 1> <Delay = 5.41> <FuncUnit> <Opcode : 'mul'> <InPorts = 2> <OutPorts = 1>
ST_5 : Operation 74 [3/5] (5.41ns)   --->   "%mul_ln23_3 = mul i16 %sext_ln23_8, i16 %sext_ln23_3" [../source/tut3B_Reshape/matrix_mult.cpp:23]   --->   Operation 74 'mul' 'mul_ln23_3' <Predicate = true> <Delay = 5.41> <CoreInst = "Multiplier">   --->   Core 3 'Multiplier' <Latency = 4> <II = 1> <Delay = 5.41> <FuncUnit> <Opcode : 'mul'> <InPorts = 2> <OutPorts = 1>

State 6 <SV = 5> <Delay = 5.41>
ST_6 : Operation 75 [1/1] (0.00ns)   --->   "%sext_ln23 = sext i8 %trunc_ln23" [../source/tut3B_Reshape/matrix_mult.cpp:23]   --->   Operation 75 'sext' 'sext_ln23' <Predicate = true> <Delay = 0.00>
ST_6 : Operation 76 [1/1] (0.00ns)   --->   "%sext_ln23_4 = sext i8 %tmp_3" [../source/tut3B_Reshape/matrix_mult.cpp:23]   --->   Operation 76 'sext' 'sext_ln23_4' <Predicate = true> <Delay = 0.00>
ST_6 : Operation 77 [1/1] (0.00ns)   --->   "%sext_ln23_5 = sext i8 %trunc_ln23_1" [../source/tut3B_Reshape/matrix_mult.cpp:23]   --->   Operation 77 'sext' 'sext_ln23_5' <Predicate = true> <Delay = 0.00>
ST_6 : Operation 78 [1/1] (0.00ns)   --->   "%sext_ln23_9 = sext i8 %tmp_7" [../source/tut3B_Reshape/matrix_mult.cpp:23]   --->   Operation 78 'sext' 'sext_ln23_9' <Predicate = true> <Delay = 0.00>
ST_6 : Operation 79 [3/3] (1.05ns) (grouped into DSP with root node add_ln23)   --->   "%mul_ln23 = mul i16 %sext_ln23_5, i16 %sext_ln23" [../source/tut3B_Reshape/matrix_mult.cpp:23]   --->   Operation 79 'mul' 'mul_ln23' <Predicate = true> <Delay = 1.05> <CoreInst = "DSP48">   --->   Core 116 'DSP48' <Latency = 3> <II = 1> <Delay = 2.15> <IPBlock> <Opcode : 'add' 'sub' 'mul' 'select'> <InPorts = 0> <OutPorts = 1> <Sync> <CReg>
ST_6 : Operation 80 [2/5] (5.41ns)   --->   "%mul_ln23_1 = mul i16 %sext_ln23_6, i16 %sext_ln23_1" [../source/tut3B_Reshape/matrix_mult.cpp:23]   --->   Operation 80 'mul' 'mul_ln23_1' <Predicate = true> <Delay = 5.41> <CoreInst = "Multiplier">   --->   Core 3 'Multiplier' <Latency = 4> <II = 1> <Delay = 5.41> <FuncUnit> <Opcode : 'mul'> <InPorts = 2> <OutPorts = 1>
ST_6 : Operation 81 [3/3] (1.05ns) (grouped into DSP with root node add_ln23_1)   --->   "%mul_ln23_2 = mul i16 %sext_ln23_9, i16 %sext_ln23_4" [../source/tut3B_Reshape/matrix_mult.cpp:23]   --->   Operation 81 'mul' 'mul_ln23_2' <Predicate = true> <Delay = 1.05> <CoreInst = "DSP48">   --->   Core 116 'DSP48' <Latency = 3> <II = 1> <Delay = 2.15> <IPBlock> <Opcode : 'add' 'sub' 'mul' 'select'> <InPorts = 0> <OutPorts = 1> <Sync> <CReg>
ST_6 : Operation 82 [2/5] (5.41ns)   --->   "%mul_ln23_3 = mul i16 %sext_ln23_8, i16 %sext_ln23_3" [../source/tut3B_Reshape/matrix_mult.cpp:23]   --->   Operation 82 'mul' 'mul_ln23_3' <Predicate = true> <Delay = 5.41> <CoreInst = "Multiplier">   --->   Core 3 'Multiplier' <Latency = 4> <II = 1> <Delay = 5.41> <FuncUnit> <Opcode : 'mul'> <InPorts = 2> <OutPorts = 1>

State 7 <SV = 6> <Delay = 5.41>
ST_7 : Operation 83 [1/1] (0.00ns)   --->   "%sext_ln23_2 = sext i8 %tmp_1" [../source/tut3B_Reshape/matrix_mult.cpp:23]   --->   Operation 83 'sext' 'sext_ln23_2' <Predicate = true> <Delay = 0.00>
ST_7 : Operation 84 [1/1] (0.00ns)   --->   "%sext_ln23_7 = sext i8 %tmp_5" [../source/tut3B_Reshape/matrix_mult.cpp:23]   --->   Operation 84 'sext' 'sext_ln23_7' <Predicate = true> <Delay = 0.00>
ST_7 : Operation 85 [2/3] (1.05ns) (grouped into DSP with root node add_ln23)   --->   "%mul_ln23 = mul i16 %sext_ln23_5, i16 %sext_ln23" [../source/tut3B_Reshape/matrix_mult.cpp:23]   --->   Operation 85 'mul' 'mul_ln23' <Predicate = true> <Delay = 1.05> <CoreInst = "DSP48">   --->   Core 116 'DSP48' <Latency = 3> <II = 1> <Delay = 2.15> <IPBlock> <Opcode : 'add' 'sub' 'mul' 'select'> <InPorts = 0> <OutPorts = 1> <Sync> <CReg>
ST_7 : Operation 86 [1/5] (5.41ns)   --->   "%mul_ln23_1 = mul i16 %sext_ln23_6, i16 %sext_ln23_1" [../source/tut3B_Reshape/matrix_mult.cpp:23]   --->   Operation 86 'mul' 'mul_ln23_1' <Predicate = true> <Delay = 5.41> <CoreInst = "Multiplier">   --->   Core 3 'Multiplier' <Latency = 4> <II = 1> <Delay = 5.41> <FuncUnit> <Opcode : 'mul'> <InPorts = 2> <OutPorts = 1>
ST_7 : Operation 87 [2/3] (1.05ns) (grouped into DSP with root node add_ln23_1)   --->   "%mul_ln23_2 = mul i16 %sext_ln23_9, i16 %sext_ln23_4" [../source/tut3B_Reshape/matrix_mult.cpp:23]   --->   Operation 87 'mul' 'mul_ln23_2' <Predicate = true> <Delay = 1.05> <CoreInst = "DSP48">   --->   Core 116 'DSP48' <Latency = 3> <II = 1> <Delay = 2.15> <IPBlock> <Opcode : 'add' 'sub' 'mul' 'select'> <InPorts = 0> <OutPorts = 1> <Sync> <CReg>
ST_7 : Operation 88 [1/5] (5.41ns)   --->   "%mul_ln23_3 = mul i16 %sext_ln23_8, i16 %sext_ln23_3" [../source/tut3B_Reshape/matrix_mult.cpp:23]   --->   Operation 88 'mul' 'mul_ln23_3' <Predicate = true> <Delay = 5.41> <CoreInst = "Multiplier">   --->   Core 3 'Multiplier' <Latency = 4> <II = 1> <Delay = 5.41> <FuncUnit> <Opcode : 'mul'> <InPorts = 2> <OutPorts = 1>
ST_7 : Operation 89 [3/3] (1.05ns) (grouped into DSP with root node add_ln23_2)   --->   "%mul_ln23_4 = mul i16 %sext_ln23_7, i16 %sext_ln23_2" [../source/tut3B_Reshape/matrix_mult.cpp:23]   --->   Operation 89 'mul' 'mul_ln23_4' <Predicate = true> <Delay = 1.05> <CoreInst = "DSP48">   --->   Core 116 'DSP48' <Latency = 3> <II = 1> <Delay = 2.15> <IPBlock> <Opcode : 'add' 'sub' 'mul' 'select'> <InPorts = 0> <OutPorts = 1> <Sync> <CReg>

State 8 <SV = 7> <Delay = 2.10>
ST_8 : Operation 90 [1/3] (0.00ns) (grouped into DSP with root node add_ln23)   --->   "%mul_ln23 = mul i16 %sext_ln23_5, i16 %sext_ln23" [../source/tut3B_Reshape/matrix_mult.cpp:23]   --->   Operation 90 'mul' 'mul_ln23' <Predicate = true> <Delay = 0.00> <CoreInst = "DSP48">   --->   Core 116 'DSP48' <Latency = 3> <II = 1> <Delay = 2.15> <IPBlock> <Opcode : 'add' 'sub' 'mul' 'select'> <InPorts = 0> <OutPorts = 1> <Sync> <CReg>
ST_8 : Operation 91 [1/3] (0.00ns) (grouped into DSP with root node add_ln23_1)   --->   "%mul_ln23_2 = mul i16 %sext_ln23_9, i16 %sext_ln23_4" [../source/tut3B_Reshape/matrix_mult.cpp:23]   --->   Operation 91 'mul' 'mul_ln23_2' <Predicate = true> <Delay = 0.00> <CoreInst = "DSP48">   --->   Core 116 'DSP48' <Latency = 3> <II = 1> <Delay = 2.15> <IPBlock> <Opcode : 'add' 'sub' 'mul' 'select'> <InPorts = 0> <OutPorts = 1> <Sync> <CReg>
ST_8 : Operation 92 [2/3] (1.05ns) (grouped into DSP with root node add_ln23_2)   --->   "%mul_ln23_4 = mul i16 %sext_ln23_7, i16 %sext_ln23_2" [../source/tut3B_Reshape/matrix_mult.cpp:23]   --->   Operation 92 'mul' 'mul_ln23_4' <Predicate = true> <Delay = 1.05> <CoreInst = "DSP48">   --->   Core 116 'DSP48' <Latency = 3> <II = 1> <Delay = 2.15> <IPBlock> <Opcode : 'add' 'sub' 'mul' 'select'> <InPorts = 0> <OutPorts = 1> <Sync> <CReg>
ST_8 : Operation 93 [2/2] (2.10ns) (root node of the DSP)   --->   "%add_ln23 = add i16 %mul_ln23_1, i16 %mul_ln23" [../source/tut3B_Reshape/matrix_mult.cpp:23]   --->   Operation 93 'add' 'add_ln23' <Predicate = true> <Delay = 2.10> <CoreInst = "DSP48">   --->   Core 116 'DSP48' <Latency = 3> <II = 1> <Delay = 2.15> <IPBlock> <Opcode : 'add' 'sub' 'mul' 'select'> <InPorts = 0> <OutPorts = 1> <Sync> <CReg>
ST_8 : Operation 94 [2/2] (2.10ns) (root node of the DSP)   --->   "%add_ln23_1 = add i16 %mul_ln23_3, i16 %mul_ln23_2" [../source/tut3B_Reshape/matrix_mult.cpp:23]   --->   Operation 94 'add' 'add_ln23_1' <Predicate = true> <Delay = 2.10> <CoreInst = "DSP48">   --->   Core 116 'DSP48' <Latency = 3> <II = 1> <Delay = 2.15> <IPBlock> <Opcode : 'add' 'sub' 'mul' 'select'> <InPorts = 0> <OutPorts = 1> <Sync> <CReg>

State 9 <SV = 8> <Delay = 4.20>
ST_9 : Operation 95 [1/3] (0.00ns) (grouped into DSP with root node add_ln23_2)   --->   "%mul_ln23_4 = mul i16 %sext_ln23_7, i16 %sext_ln23_2" [../source/tut3B_Reshape/matrix_mult.cpp:23]   --->   Operation 95 'mul' 'mul_ln23_4' <Predicate = true> <Delay = 0.00> <CoreInst = "DSP48">   --->   Core 116 'DSP48' <Latency = 3> <II = 1> <Delay = 2.15> <IPBlock> <Opcode : 'add' 'sub' 'mul' 'select'> <InPorts = 0> <OutPorts = 1> <Sync> <CReg>
ST_9 : Operation 96 [1/2] (2.10ns) (root node of the DSP)   --->   "%add_ln23 = add i16 %mul_ln23_1, i16 %mul_ln23" [../source/tut3B_Reshape/matrix_mult.cpp:23]   --->   Operation 96 'add' 'add_ln23' <Predicate = true> <Delay = 2.10> <CoreInst = "DSP48">   --->   Core 116 'DSP48' <Latency = 3> <II = 1> <Delay = 2.15> <IPBlock> <Opcode : 'add' 'sub' 'mul' 'select'> <InPorts = 0> <OutPorts = 1> <Sync> <CReg>
ST_9 : Operation 97 [1/2] (2.10ns) (root node of the DSP)   --->   "%add_ln23_1 = add i16 %mul_ln23_3, i16 %mul_ln23_2" [../source/tut3B_Reshape/matrix_mult.cpp:23]   --->   Operation 97 'add' 'add_ln23_1' <Predicate = true> <Delay = 2.10> <CoreInst = "DSP48">   --->   Core 116 'DSP48' <Latency = 3> <II = 1> <Delay = 2.15> <IPBlock> <Opcode : 'add' 'sub' 'mul' 'select'> <InPorts = 0> <OutPorts = 1> <Sync> <CReg>
ST_9 : Operation 98 [2/2] (2.10ns) (root node of the DSP)   --->   "%add_ln23_2 = add i16 %add_ln23_1, i16 %mul_ln23_4" [../source/tut3B_Reshape/matrix_mult.cpp:23]   --->   Operation 98 'add' 'add_ln23_2' <Predicate = true> <Delay = 2.10> <CoreInst = "DSP48">   --->   Core 116 'DSP48' <Latency = 3> <II = 1> <Delay = 2.15> <IPBlock> <Opcode : 'add' 'sub' 'mul' 'select'> <InPorts = 0> <OutPorts = 1> <Sync> <CReg>

State 10 <SV = 9> <Delay = 4.17>
ST_10 : Operation 99 [1/1] (0.00ns)   --->   "%specloopname_ln0 = specloopname void @_ssdm_op_SpecLoopName, void @Row_Col_str"   --->   Operation 99 'specloopname' 'specloopname_ln0' <Predicate = true> <Delay = 0.00>
ST_10 : Operation 100 [1/1] (0.00ns)   --->   "%speclooptripcount_ln0 = speclooptripcount void @_ssdm_op_SpecLoopTripCount, i64 25, i64 25, i64 25"   --->   Operation 100 'speclooptripcount' 'speclooptripcount_ln0' <Predicate = true> <Delay = 0.00>
ST_10 : Operation 101 [1/1] (0.00ns)   --->   "%zext_ln23_2 = zext i5 %add_ln23_4" [../source/tut3B_Reshape/matrix_mult.cpp:23]   --->   Operation 101 'zext' 'zext_ln23_2' <Predicate = true> <Delay = 0.00>
ST_10 : Operation 102 [1/1] (0.00ns)   --->   "%prod_addr = getelementptr i16 %prod, i64 0, i64 %zext_ln23_2" [../source/tut3B_Reshape/matrix_mult.cpp:23]   --->   Operation 102 'getelementptr' 'prod_addr' <Predicate = true> <Delay = 0.00>
ST_10 : Operation 103 [1/1] (0.00ns)   --->   "%specpipeline_ln16 = specpipeline void @_ssdm_op_SpecPipeline, i32 1, i32 0, i32 0, i32 0, i32 4294967295, void @empty_0" [../source/tut3B_Reshape/matrix_mult.cpp:16]   --->   Operation 103 'specpipeline' 'specpipeline_ln16' <Predicate = true> <Delay = 0.00>
ST_10 : Operation 104 [1/2] (2.10ns) (root node of the DSP)   --->   "%add_ln23_2 = add i16 %add_ln23_1, i16 %mul_ln23_4" [../source/tut3B_Reshape/matrix_mult.cpp:23]   --->   Operation 104 'add' 'add_ln23_2' <Predicate = true> <Delay = 2.10> <CoreInst = "DSP48">   --->   Core 116 'DSP48' <Latency = 3> <II = 1> <Delay = 2.15> <IPBlock> <Opcode : 'add' 'sub' 'mul' 'select'> <InPorts = 0> <OutPorts = 1> <Sync> <CReg>
ST_10 : Operation 105 [1/1] (2.07ns)   --->   "%add_ln23_3 = add i16 %add_ln23_2, i16 %add_ln23" [../source/tut3B_Reshape/matrix_mult.cpp:23]   --->   Operation 105 'add' 'add_ln23_3' <Predicate = true> <Delay = 2.07> <CoreInst = "Adder">   --->   Core 1 'Adder' <Latency = 0> <II = 1> <Delay = 2.07> <FuncUnit> <Opcode : 'add' 'sub'> <InPorts = 2> <OutPorts = 1>
ST_10 : Operation 106 [1/1] ( I:0.00ns O:0.00ns )   --->   "%store_ln23 = store i16 %add_ln23_3, i5 %prod_addr" [../source/tut3B_Reshape/matrix_mult.cpp:23]   --->   Operation 106 'store' 'store_ln23' <Predicate = true> <Delay = 0.00> <CoreInst = "RAM">   --->   Core 81 'RAM' <Latency = 0> <II = 1> <Delay = 1.86> <Storage> <Opcode : 'load' 'store'> <Ports = 2> <Width = 16> <Depth = 25> <RAM>
ST_10 : Operation 107 [1/1] (1.58ns)   --->   "%ret_ln27 = ret" [../source/tut3B_Reshape/matrix_mult.cpp:27]   --->   Operation 107 'ret' 'ret_ln27' <Predicate = (icmp_ln12)> <Delay = 1.58>


============================================================
+ Verbose Summary: Timing violations
============================================================
Target clock period: 5.000ns, clock uncertainty: 1.350ns.

 <State 1>: 4.956ns
The critical path consists of the following:
	'store' operation ('store_ln0') of constant 0 5 bit on local variable 'indvar_flatten1' [16]  (1.588 ns)
	'load' operation 5 bit ('indvar_flatten1_load', ../source/tut3B_Reshape/matrix_mult.cpp:12) on local variable 'indvar_flatten1' [20]  (0.000 ns)
	'add' operation 5 bit ('add_ln12_1', ../source/tut3B_Reshape/matrix_mult.cpp:12) [73]  (1.780 ns)
	'store' operation ('store_ln12', ../source/tut3B_Reshape/matrix_mult.cpp:12) of variable 'add_ln12_1', ../source/tut3B_Reshape/matrix_mult.cpp:12 5 bit on local variable 'indvar_flatten1' [78]  (1.588 ns)

 <State 2>: 4.280ns
The critical path consists of the following:
	'phi' operation 1 bit ('icmp_ln154', ../source/tut3B_Reshape/matrix_mult.cpp:15) with incoming values : ('icmp_ln15', ../source/tut3B_Reshape/matrix_mult.cpp:15) [19]  (0.000 ns)
	'select' operation 3 bit ('select_ln12', ../source/tut3B_Reshape/matrix_mult.cpp:12) [25]  (0.980 ns)
	'add' operation 3 bit ('j_3', ../source/tut3B_Reshape/matrix_mult.cpp:15) [72]  (1.650 ns)
	'icmp' operation 1 bit ('icmp_ln15', ../source/tut3B_Reshape/matrix_mult.cpp:15) [74]  (1.650 ns)

 <State 3>: 5.415ns
The critical path consists of the following:
	'load' operation 40 bit ('a_load', ../source/tut3B_Reshape/matrix_mult.cpp:23) on array 'a' [33]  (0.000 ns)
	'mul' operation 16 bit ('mul_ln23_1', ../source/tut3B_Reshape/matrix_mult.cpp:23) [63]  (5.415 ns)

 <State 4>: 5.415ns
The critical path consists of the following:
	'mul' operation 16 bit ('mul_ln23_1', ../source/tut3B_Reshape/matrix_mult.cpp:23) [63]  (5.415 ns)

 <State 5>: 5.415ns
The critical path consists of the following:
	'mul' operation 16 bit ('mul_ln23_1', ../source/tut3B_Reshape/matrix_mult.cpp:23) [63]  (5.415 ns)

 <State 6>: 5.415ns
The critical path consists of the following:
	'mul' operation 16 bit ('mul_ln23_1', ../source/tut3B_Reshape/matrix_mult.cpp:23) [63]  (5.415 ns)

 <State 7>: 5.415ns
The critical path consists of the following:
	'mul' operation 16 bit ('mul_ln23_1', ../source/tut3B_Reshape/matrix_mult.cpp:23) [63]  (5.415 ns)

 <State 8>: 2.100ns
The critical path consists of the following:
	'mul' operation 16 bit of DSP[67] ('mul_ln23', ../source/tut3B_Reshape/matrix_mult.cpp:23) [62]  (0.000 ns)
	'add' operation 16 bit of DSP[67] ('add_ln23', ../source/tut3B_Reshape/matrix_mult.cpp:23) [67]  (2.100 ns)

 <State 9>: 4.200ns
The critical path consists of the following:
	'add' operation 16 bit of DSP[68] ('add_ln23_1', ../source/tut3B_Reshape/matrix_mult.cpp:23) [68]  (2.100 ns)
	'add' operation 16 bit of DSP[69] ('add_ln23_2', ../source/tut3B_Reshape/matrix_mult.cpp:23) [69]  (2.100 ns)

 <State 10>: 4.177ns
The critical path consists of the following:
	'add' operation 16 bit of DSP[69] ('add_ln23_2', ../source/tut3B_Reshape/matrix_mult.cpp:23) [69]  (2.100 ns)
	'add' operation 16 bit ('add_ln23_3', ../source/tut3B_Reshape/matrix_mult.cpp:23) [70]  (2.077 ns)


============================================================
+ Verbose Summary: Binding
============================================================
N/A
* FSMD analyzer results:
  - Output states:
 - Input state : 
  - Chain level:
	State 1
	State 2
	State 3
	State 4
	State 5
	State 6
	State 7
	State 8
	State 9
	State 10


============================================================
+ Verbose Summary: Datapath Resource usage 
============================================================
N/A
