

================================================================
== Vitis HLS Report for 'matrix_mult'
================================================================
* Date:           Tue Oct  6 18:41:02 2026

* Version:        2026.1 (Build 6493734 on Jun 16 2026)
* Project:        matrix_mult
* Solution:       hls
* Product family: zynq
* Target device:  xc7z020-clg484-1


================================================================
== Performance Estimates
================================================================
+ Timing: 
    * Summary: 
    +--------+---------+----------+------------+
    |  Clock |  Target | Estimated| Uncertainty|
    +--------+---------+----------+------------+
    |ap_clk  |  5.00 ns|  5.415 ns|     1.35 ns|
    +--------+---------+----------+------------+

+ Latency: 
    * Summary: 
    +---------+---------+----------+----------+-----+-----+-----------------------------------------+
    |  Latency (cycles) |  Latency (absolute) |  Interval |                 Pipeline                |
    |   min   |   max   |    min   |    max   | min | max |                   Type                  |
    +---------+---------+----------+----------+-----+-----+-----------------------------------------+
    |       85|       85|  0.460 us|  0.460 us|   80|   80|  loop auto-rewind stp (delay=5 cycle(s))|
    +---------+---------+----------+----------+-----+-----+-----------------------------------------+

    + Detail: 
        * Instance: 
        N/A

        * Loop: 
        +-----------+---------+---------+----------+-----------+-----------+------+----------+
        |           |  Latency (cycles) | Iteration|  Initiation Interval  | Trip |          |
        | Loop Name |   min   |   max   |  Latency |  achieved |   target  | Count| Pipelined|
        +-----------+---------+---------+----------+-----------+-----------+------+----------+
        |- Row_Col  |       83|       83|        12|          3|          1|    25|       yes|
        +-----------+---------+---------+----------+-----------+-----------+------+----------+



================================================================
== Utilization Estimates
================================================================
* Summary: 
+-----------------+---------+-----+--------+-------+-----+
|       Name      | BRAM_18K| DSP |   FF   |  LUT  | URAM|
+-----------------+---------+-----+--------+-------+-----+
|DSP              |        -|    3|       -|      -|    -|
|Expression       |        -|    -|       0|    222|    -|
|FIFO             |        -|    -|       -|      -|    -|
|Instance         |        -|    0|     204|    154|    -|
|Memory           |        -|    -|       -|      -|    -|
|Multiplexer      |        -|    -|       0|    160|    -|
|Register         |        -|    -|     258|     32|    -|
+-----------------+---------+-----+--------+-------+-----+
|Total            |        0|    3|     462|    568|    0|
+-----------------+---------+-----+--------+-------+-----+
|Available        |      280|  220|  106400|  53200|    0|
+-----------------+---------+-----+--------+-------+-----+
|Utilization (%)  |        0|    1|      ~0|      1|    0|
+-----------------+---------+-----+--------+-------+-----+

+ Detail: 
    * Instance: 
    +---------------------+------------------+---------+----+-----+----+-----+
    |       Instance      |      Module      | BRAM_18K| DSP|  FF | LUT| URAM|
    +---------------------+------------------+---------+----+-----+----+-----+
    |mul_8s_8s_16_5_1_U1  |mul_8s_8s_16_5_1  |        0|   0|  102|  77|    0|
    |mul_8s_8s_16_5_1_U2  |mul_8s_8s_16_5_1  |        0|   0|  102|  77|    0|
    +---------------------+------------------+---------+----+-----+----+-----+
    |Total                |                  |        0|   0|  204| 154|    0|
    +---------------------+------------------+---------+----+-----+----+-----+

    * DSP: 
    +--------------------------------+-----------------------------+--------------+
    |            Instance            |            Module           |  Expression  |
    +--------------------------------+-----------------------------+--------------+
    |mac_muladd_8s_8s_16s_16_4_1_U3  |mac_muladd_8s_8s_16s_16_4_1  |  i0 + i1 * i2|
    |mac_muladd_8s_8s_16s_16_4_1_U4  |mac_muladd_8s_8s_16s_16_4_1  |  i0 + i1 * i2|
    |mac_muladd_8s_8s_16s_16_4_1_U5  |mac_muladd_8s_8s_16s_16_4_1  |  i0 + i1 * i2|
    +--------------------------------+-----------------------------+--------------+

    * Memory: 
    N/A

    * FIFO: 
    N/A

    * Expression: 
    +-----------------------+----------+----+---+----+------------+------------+
    |     Variable Name     | Operation| DSP| FF| LUT| Bitwidth P0| Bitwidth P1|
    +-----------------------+----------+----+---+----+------------+------------+
    |add_ln20_10_fu_320_p2  |         +|   0|  0|  13|           5|           4|
    |add_ln20_11_fu_382_p2  |         +|   0|  0|  13|           5|           5|
    |add_ln20_12_fu_433_p2  |         +|   0|  0|  13|           5|           5|
    |add_ln20_13_fu_271_p2  |         +|   0|  0|  14|           6|           6|
    |add_ln20_3_fu_471_p2   |         +|   0|  0|  23|          16|          16|
    |add_ln20_4_fu_281_p2   |         +|   0|  0|  13|           5|           1|
    |add_ln20_5_fu_419_p2   |         +|   0|  0|  13|           5|           2|
    |add_ln20_6_fu_292_p2   |         +|   0|  0|  13|           5|           2|
    |add_ln20_7_fu_358_p2   |         +|   0|  0|  13|           5|           3|
    |add_ln20_8_fu_309_p2   |         +|   0|  0|  13|           4|           3|
    |add_ln20_9_fu_372_p2   |         +|   0|  0|  13|           5|           4|
    |add_ln9_1_fu_402_p2    |         +|   0|  0|  13|           5|           1|
    |i_3_fu_246_p2          |         +|   0|  0|  11|           3|           3|
    |j_3_fu_331_p2          |         +|   0|  0|  11|           3|           1|
    |ap_condition_538       |       and|   0|  0|   2|           1|           1|
    |icmp_ln12_fu_336_p2    |      icmp|   0|  0|  11|           3|           3|
    |icmp_ln9_fu_408_p2     |      icmp|   0|  0|  13|           5|           5|
    |empty_fu_238_p3        |    select|   0|  0|   2|           1|           1|
    |select_ln9_fu_230_p3   |    select|   0|  0|   3|           1|           1|
    |ap_enable_pp0          |       xor|   0|  0|   2|           1|           2|
    +-----------------------+----------+----+---+----+------------+------------+
    |Total                  |          |   0|  0| 222|          89|          69|
    +-----------------------+----------+----+---+----+------------+------------+

    * Multiplexer: 
    +-------------------------------------+----+-----------+-----+-----------+
    |                 Name                | LUT| Input Size| Bits| Total Bits|
    +-------------------------------------+----+-----------+-----+-----------+
    |a_address0_local                     |  20|          4|    5|         20|
    |a_address1_local                     |  14|          3|    5|         15|
    |ap_NS_fsm                            |  20|          4|    1|          4|
    |ap_done_int                          |   9|          2|    1|          2|
    |ap_enable_reg_pp0_iter0              |   9|          2|    1|          2|
    |ap_phi_mux_icmp_ln124_phi_fu_194_p4  |   9|          2|    1|          2|
    |ap_sig_allocacmp_i_1                 |   9|          2|    3|          6|
    |ap_sig_allocacmp_j_1                 |   9|          2|    3|          6|
    |b_address0_local                     |  20|          4|    5|         20|
    |b_address1_local                     |  14|          3|    5|         15|
    |i_fu_72                              |   9|          2|    3|          6|
    |indvar_flatten1_fu_68                |   9|          2|    5|         10|
    |j_fu_76                              |   9|          2|    3|          6|
    +-------------------------------------+----+-----------+-----+-----------+
    |Total                                | 160|         34|   41|        114|
    +-------------------------------------+----+-----------+-----+-----------+

    * Register: 
    +--------------------------------------------------+----+----+-----+-----------+
    |                       Name                       | FF | LUT| Bits| Const Bits|
    +--------------------------------------------------+----+----+-----+-----------+
    |a_load_2_reg_650                                  |   8|   0|    8|          0|
    |a_load_reg_625                                    |   8|   0|    8|          0|
    |add_ln20_12_reg_635                               |   5|   0|    5|          0|
    |add_ln20_13_reg_537                               |   6|   0|    6|          0|
    |add_ln20_1_reg_695                                |  16|   0|   16|          0|
    |add_ln20_2_reg_705                                |  16|   0|   16|          0|
    |add_ln20_reg_700                                  |  16|   0|   16|          0|
    |ap_CS_fsm                                         |   3|   0|    3|          0|
    |ap_condition_exit_pp0_iter0_stage2_pp0_iter1_reg  |   1|   0|    1|          0|
    |ap_done_reg                                       |   1|   0|    1|          0|
    |ap_enable_reg_pp0_iter0_reg                       |   1|   0|    1|          0|
    |ap_enable_reg_pp0_iter1                           |   1|   0|    1|          0|
    |ap_enable_reg_pp0_iter2                           |   1|   0|    1|          0|
    |ap_enable_reg_pp0_iter3                           |   1|   0|    1|          0|
    |ap_loop_exit_ready_pp0_iter1_reg                  |   1|   0|    1|          0|
    |ap_loop_exit_ready_pp0_iter2_reg                  |   1|   0|    1|          0|
    |ap_loop_exit_ready_pp0_iter3_reg                  |   1|   0|    1|          0|
    |b_load_2_reg_645                                  |   8|   0|    8|          0|
    |b_load_2_reg_645_pp0_iter2_reg                    |   8|   0|    8|          0|
    |b_load_reg_576                                    |   8|   0|    8|          0|
    |b_load_reg_576_pp0_iter1_reg                      |   8|   0|    8|          0|
    |i_3_reg_525                                       |   3|   0|    3|          0|
    |i_fu_72                                           |   3|   0|    3|          0|
    |icmp_ln12_reg_581                                 |   1|   0|    1|          0|
    |icmp_ln9_reg_616                                  |   1|   0|    1|          0|
    |indvar_flatten1_fu_68                             |   5|   0|    5|          0|
    |j_fu_76                                           |   3|   0|    3|          0|
    |mul_ln20_1_reg_690                                |  16|   0|   16|          0|
    |mul_ln20_3_reg_675                                |  16|   0|   16|          0|
    |reg_201                                           |   8|   0|    8|          0|
    |reg_205                                           |   8|   0|    8|          0|
    |select_ln9_reg_518                                |   3|   0|    3|          0|
    |trunc_ln20_reg_542                                |   5|   0|    5|          0|
    |zext_ln20_7_reg_559                               |   3|   0|    5|          2|
    |add_ln20_12_reg_635                               |  64|  32|    5|          0|
    +--------------------------------------------------+----+----+-----+-----------+
    |Total                                             | 258|  32|  201|          2|
    +--------------------------------------------------+----+----+-----+-----------+



================================================================
== Interface
================================================================
* Summary: 
+---------------+-----+-----+------------+--------------+--------------+
|   RTL Ports   | Dir | Bits|  Protocol  | Source Object|    C Type    |
+---------------+-----+-----+------------+--------------+--------------+
|ap_clk         |   in|    1|  ap_ctrl_hs|   matrix_mult|  return value|
|ap_rst         |   in|    1|  ap_ctrl_hs|   matrix_mult|  return value|
|ap_start       |   in|    1|  ap_ctrl_hs|   matrix_mult|  return value|
|ap_done        |  out|    1|  ap_ctrl_hs|   matrix_mult|  return value|
|ap_idle        |  out|    1|  ap_ctrl_hs|   matrix_mult|  return value|
|ap_ready       |  out|    1|  ap_ctrl_hs|   matrix_mult|  return value|
|a_address0     |  out|    5|   ap_memory|             a|         array|
|a_ce0          |  out|    1|   ap_memory|             a|         array|
|a_q0           |   in|    8|   ap_memory|             a|         array|
|a_address1     |  out|    5|   ap_memory|             a|         array|
|a_ce1          |  out|    1|   ap_memory|             a|         array|
|a_q1           |   in|    8|   ap_memory|             a|         array|
|b_address0     |  out|    5|   ap_memory|             b|         array|
|b_ce0          |  out|    1|   ap_memory|             b|         array|
|b_q0           |   in|    8|   ap_memory|             b|         array|
|b_address1     |  out|    5|   ap_memory|             b|         array|
|b_ce1          |  out|    1|   ap_memory|             b|         array|
|b_q1           |   in|    8|   ap_memory|             b|         array|
|prod_address0  |  out|    5|   ap_memory|          prod|         array|
|prod_ce0       |  out|    1|   ap_memory|          prod|         array|
|prod_we0       |  out|    1|   ap_memory|          prod|         array|
|prod_d0        |  out|   16|   ap_memory|          prod|         array|
+---------------+-----+-----+------------+--------------+--------------+

