

================================================================
== Synthesis Summary Report of 'matrix_mult'
================================================================
+ General Information: 
    * Date:           Tue Oct  6 18:51:43 2026
    * Version:        2026.1 (Build 6493734 on Jun 16 2026)
    * Project:        matrix_mult
    * Solution:       hls
    * Product family: zynq
    * Target device:  xc7z020-clg484-1
    

* Performance & Resource Estimates: 
+---------------+--------+---------------+----------+---------+------+----------+---------+---------+-------+------+--------+-----------+----------+-----+
|    Modules    |  Issue |               | Iteration|         | Trip |          |      Latency      |       |      |        |           |          |     |
|    & Loops    |  Type  | Violation Type|  Latency | Interval| Count| Pipelined| (cycles)|   (ns)  | Slack | BRAM |   DSP  |     FF    |    LUT   | URAM|
+---------------+--------+---------------+----------+---------+------+----------+---------+---------+-------+------+--------+-----------+----------+-----+
|+ matrix_mult  |  Timing|              -|         -|       26|     -|    rewind|       35|  189.525|  -1.77|     -|  3 (1%)|  858 (~0%)|  569 (1%)|    -|
| o Row_Col     |       -|              -|        10|        1|    25|       yes|       33|  178.695|   3.65|     -|       -|          -|         -|    -|
+---------------+--------+---------------+----------+---------+------+----------+---------+---------+-------+------+--------+-----------+----------+-----+
    Name Prefix: '+' for module, 'o' for loop, '*' for dataflow


================================================================
== HW Interfaces
================================================================
* AP_MEMORY
+---------------+-----------+----------+
| Port          | Direction | Bitwidth |
+---------------+-----------+----------+
| a_address0    | out       | 3        |
| a_q0          | in        | 40       |
| b_address0    | out       | 3        |
| b_q0          | in        | 40       |
| prod_address0 | out       | 5        |
| prod_d0       | out       | 16       |
+---------------+-----------+----------+

* TOP LEVEL CONTROL
+-----------+------------+-----------------------------------+
| Interface | Type       | Ports                             |
+-----------+------------+-----------------------------------+
| ap_clk    | clock      | ap_clk                            |
| ap_rst    | reset      | ap_rst                            |
| ap_ctrl   | ap_ctrl_hs | ap_done ap_idle ap_ready ap_start |
+-----------+------------+-----------------------------------+


================================================================
== SW I/O Information
================================================================
* Top Function Arguments
+----------+-----------+----------+
| Argument | Direction | Datatype |
+----------+-----------+----------+
| a        | in        | char*    |
| b        | in        | char*    |
| prod     | out       | short*   |
+----------+-----------+----------+

* SW-to-HW Mapping
+----------+---------------+---------+----------+
| Argument | HW Interface  | HW Type | HW Usage |
+----------+---------------+---------+----------+
| a        | a_address0    | port    | offset   |
| a        | a_ce0         | port    |          |
| a        | a_q0          | port    |          |
| b        | b_address0    | port    | offset   |
| b        | b_ce0         | port    |          |
| b        | b_q0          | port    |          |
| prod     | prod_address0 | port    | offset   |
| prod     | prod_ce0      | port    |          |
| prod     | prod_we0      | port    |          |
| prod     | prod_d0       | port    |          |
+----------+---------------+---------+----------+


================================================================
== Bind Op Report
================================================================
+----------------------------------+-----+--------+-------------+--------+-----------+---------+
| Name                             | DSP | Pragma | Variable    | Op     | Impl      | Latency |
+----------------------------------+-----+--------+-------------+--------+-----------+---------+
| + matrix_mult                    | 3   |        |             |        |           |         |
|   select_ln12_fu_167_p3          |     |        | select_ln12 | select | auto_sel  | 0       |
|   empty_fu_175_p3                |     |        | empty       | select | auto_sel  | 0       |
|   i_3_fu_183_p2                  |     |        | i_3         | add    | fabric    | 0       |
|   mac_muladd_8s_8s_16s_16_4_1_U3 | 1   |        | mul_ln23    | mul    | dsp_slice | 3       |
|   mul_8s_8s_16_5_1_U1            |     |        | mul_ln23_1  | mul    | auto      | 4       |
|   mac_muladd_8s_8s_16s_16_4_1_U4 | 1   |        | mul_ln23_2  | mul    | dsp_slice | 3       |
|   mul_8s_8s_16_5_1_U2            |     |        | mul_ln23_3  | mul    | auto      | 4       |
|   mac_muladd_8s_8s_16s_16_4_1_U5 | 1   |        | mul_ln23_4  | mul    | dsp_slice | 3       |
|   mac_muladd_8s_8s_16s_16_4_1_U3 | 1   |        | add_ln23    | add    | dsp_slice | 3       |
|   mac_muladd_8s_8s_16s_16_4_1_U4 | 1   |        | add_ln23_1  | add    | dsp_slice | 3       |
|   mac_muladd_8s_8s_16s_16_4_1_U5 | 1   |        | add_ln23_2  | add    | dsp_slice | 3       |
|   add_ln23_3_fu_368_p2           |     |        | add_ln23_3  | add    | fabric    | 0       |
|   j_3_fu_199_p2                  |     |        | j_3         | add    | fabric    | 0       |
|   add_ln12_1_fu_144_p2           |     |        | add_ln12_1  | add    | fabric    | 0       |
|   icmp_ln15_fu_205_p2            |     |        | icmp_ln15   | seteq  | auto      | 0       |
|   icmp_ln12_fu_150_p2            |     |        | icmp_ln12   | seteq  | auto      | 0       |
+----------------------------------+-----+--------+-------------+--------+-----------+---------+


================================================================
== Storage Report
================================================================
  No bind storage info in design

================================================================
== Pragma Report
================================================================
* Ignored Pragmas
+---------------+---------------------------+------------------------------------------------------------+-----------------+
| Type          | Options                   | Location                                                   | Messages        |
+---------------+---------------------------+------------------------------------------------------------+-----------------+
| ARRAY_RESHAPE | variable=a complete dim=2 | in matrix_mult (../source/tut3B_Reshape/matrix_mult.cpp:8) | Not implemented |
| ARRAY_RESHAPE | variable=b complete dim=1 | in matrix_mult (../source/tut3B_Reshape/matrix_mult.cpp:9) | Not implemented |
+---------------+---------------------------+------------------------------------------------------------+-----------------+

* Inferred Pragmas
+--------------+---------+----------------------------------------------------------------------------------------------------------------------+-----------------------------------------------------+
| Type         | Options | Location                                                                                                             | Inferred From                                       |
+--------------+---------+----------------------------------------------------------------------------------------------------------------------+-----------------------------------------------------+
| LOOP_FLATTEN |         | loop Col (../source/tut3B_Reshape/matrix_mult.cpp:15:12) in matrix_mult (../source/tut3B_Reshape/matrix_mult.cpp:15) | pipeline ../source/tut3B_Reshape/matrix_mult.cpp:16 |
+--------------+---------+----------------------------------------------------------------------------------------------------------------------+-----------------------------------------------------+

* Valid Pragma Syntax
+----------+---------+-------------------------------------------------------------+
| Type     | Options | Location                                                    |
+----------+---------+-------------------------------------------------------------+
| PIPELINE | ii=1    | in matrix_mult (../source/tut3B_Reshape/matrix_mult.cpp:16) |
+----------+---------+-------------------------------------------------------------+


