

================================================================
== Vitis HLS Report for 'matrix_mult'
================================================================
* Date:           Tue Oct  6 18:51:43 2026

* Version:        2026.1 (Build 6493734 on Jun 16 2026)
* Project:        matrix_mult
* Solution:       hls
* Product family: zynq
* Target device:  xc7z020-clg484-1


================================================================
== Performance Estimates
================================================================
+ Timing: 
    * Summary: 
    +--------+---------+----------+------------+
    |  Clock |  Target | Estimated| Uncertainty|
    +--------+---------+----------+------------+
    |ap_clk  |  5.00 ns|  5.415 ns|     1.35 ns|
    +--------+---------+----------+------------+

+ Latency: 
    * Summary: 
    +---------+---------+----------+----------+-----+-----+-----------------------------------------+
    |  Latency (cycles) |  Latency (absolute) |  Interval |                 Pipeline                |
    |   min   |   max   |    min   |    max   | min | max |                   Type                  |
    +---------+---------+----------+----------+-----+-----+-----------------------------------------+
    |       35|       35|  0.190 us|  0.190 us|   26|   26|  loop auto-rewind stp (delay=1 cycle(s))|
    +---------+---------+----------+----------+-----+-----+-----------------------------------------+

    + Detail: 
        * Instance: 
        N/A

        * Loop: 
        +-----------+---------+---------+----------+-----------+-----------+------+----------+
        |           |  Latency (cycles) | Iteration|  Initiation Interval  | Trip |          |
        | Loop Name |   min   |   max   |  Latency |  achieved |   target  | Count| Pipelined|
        +-----------+---------+---------+----------+-----------+-----------+------+----------+
        |- Row_Col  |       33|       33|        10|          1|          1|    25|       yes|
        +-----------+---------+---------+----------+-----------+-----------+------+----------+



================================================================
== Utilization Estimates
================================================================
* Summary: 
+-----------------+---------+-----+--------+-------+-----+
|       Name      | BRAM_18K| DSP |   FF   |  LUT  | URAM|
+-----------------+---------+-----+--------+-------+-----+
|DSP              |        -|    3|       -|      -|    -|
|Expression       |        -|    -|       0|    105|    -|
|FIFO             |        -|    -|       -|      -|    -|
|Instance         |        -|    0|     204|    154|    -|
|Memory           |        -|    -|       -|      -|    -|
|Multiplexer      |        -|    -|       0|     54|    -|
|Register         |        -|    -|     654|    256|    -|
+-----------------+---------+-----+--------+-------+-----+
|Total            |        0|    3|     858|    569|    0|
+-----------------+---------+-----+--------+-------+-----+
|Available        |      280|  220|  106400|  53200|    0|
+-----------------+---------+-----+--------+-------+-----+
|Utilization (%)  |        0|    1|      ~0|      1|    0|
+-----------------+---------+-----+--------+-------+-----+

+ Detail: 
    * Instance: 
    +---------------------+------------------+---------+----+-----+----+-----+
    |       Instance      |      Module      | BRAM_18K| DSP|  FF | LUT| URAM|
    +---------------------+------------------+---------+----+-----+----+-----+
    |mul_8s_8s_16_5_1_U1  |mul_8s_8s_16_5_1  |        0|   0|  102|  77|    0|
    |mul_8s_8s_16_5_1_U2  |mul_8s_8s_16_5_1  |        0|   0|  102|  77|    0|
    +---------------------+------------------+---------+----+-----+----+-----+
    |Total                |                  |        0|   0|  204| 154|    0|
    +---------------------+------------------+---------+----+-----+----+-----+

    * DSP: 
    +--------------------------------+-----------------------------+--------------+
    |            Instance            |            Module           |  Expression  |
    +--------------------------------+-----------------------------+--------------+
    |mac_muladd_8s_8s_16s_16_4_1_U3  |mac_muladd_8s_8s_16s_16_4_1  |  i0 + i1 * i2|
    |mac_muladd_8s_8s_16s_16_4_1_U4  |mac_muladd_8s_8s_16s_16_4_1  |  i0 + i1 * i2|
    |mac_muladd_8s_8s_16s_16_4_1_U5  |mac_muladd_8s_8s_16s_16_4_1  |  i0 + i1 * i2|
    +--------------------------------+-----------------------------+--------------+

    * Memory: 
    N/A

    * FIFO: 
    N/A

    * Expression: 
    +-----------------------+----------+----+---+----+------------+------------+
    |     Variable Name     | Operation| DSP| FF| LUT| Bitwidth P0| Bitwidth P1|
    +-----------------------+----------+----+---+----+------------+------------+
    |add_ln12_1_fu_144_p2   |         +|   0|  0|  13|           5|           1|
    |add_ln23_3_fu_368_p2   |         +|   0|  0|  23|          16|          16|
    |add_ln23_4_fu_284_p2   |         +|   0|  0|   7|           5|           5|
    |add_ln23_5_fu_231_p2   |         +|   0|  0|   7|           5|           5|
    |i_3_fu_183_p2          |         +|   0|  0|  11|           3|           3|
    |j_3_fu_199_p2          |         +|   0|  0|  11|           3|           1|
    |ap_condition_237       |       and|   0|  0|   2|           1|           1|
    |icmp_ln12_fu_150_p2    |      icmp|   0|  0|  13|           5|           5|
    |icmp_ln15_fu_205_p2    |      icmp|   0|  0|  11|           3|           3|
    |empty_fu_175_p3        |    select|   0|  0|   2|           1|           1|
    |select_ln12_fu_167_p3  |    select|   0|  0|   3|           1|           1|
    |ap_enable_pp0          |       xor|   0|  0|   2|           1|           2|
    +-----------------------+----------+----+---+----+------------+------------+
    |Total                  |          |   0|  0| 105|          49|          44|
    +-----------------------+----------+----+---+----+------------+------------+

    * Multiplexer: 
    +---------------------------------------+----+-----------+-----+-----------+
    |                  Name                 | LUT| Input Size| Bits| Total Bits|
    +---------------------------------------+----+-----------+-----+-----------+
    |ap_done_int                            |   9|          2|    1|          2|
    |ap_phi_mux_icmp_ln154_phi_fu_119_p4    |   9|          2|    1|          2|
    |ap_sig_allocacmp_indvar_flatten1_load  |   9|          2|    5|         10|
    |i_fu_68                                |   9|          2|    3|          6|
    |indvar_flatten1_fu_64                  |   9|          2|    5|         10|
    |j_fu_72                                |   9|          2|    3|          6|
    +---------------------------------------+----+-----------+-----+-----------+
    |Total                                  |  54|         12|   18|         36|
    +---------------------------------------+----+-----------+-----+-----------+

    * Register: 
    +--------------------------------------------------+----+----+-----+-----------+
    |                       Name                       | FF | LUT| Bits| Const Bits|
    +--------------------------------------------------+----+----+-----+-----------+
    |add_ln23_4_reg_472                                |   5|   0|    5|          0|
    |add_ln23_reg_542                                  |  16|   0|   16|          0|
    |ap_CS_fsm                                         |   1|   0|    1|          0|
    |ap_condition_exit_pp0_iter0_stage0_pp0_iter1_reg  |   1|   0|    1|          0|
    |ap_done_reg                                       |   1|   0|    1|          0|
    |ap_enable_reg_pp0_iter1                           |   1|   0|    1|          0|
    |ap_enable_reg_pp0_iter2                           |   1|   0|    1|          0|
    |ap_enable_reg_pp0_iter3                           |   1|   0|    1|          0|
    |ap_enable_reg_pp0_iter4                           |   1|   0|    1|          0|
    |ap_enable_reg_pp0_iter5                           |   1|   0|    1|          0|
    |ap_enable_reg_pp0_iter6                           |   1|   0|    1|          0|
    |ap_enable_reg_pp0_iter7                           |   1|   0|    1|          0|
    |ap_enable_reg_pp0_iter8                           |   1|   0|    1|          0|
    |ap_enable_reg_pp0_iter9                           |   1|   0|    1|          0|
    |ap_loop_exit_ready_pp0_iter1_reg                  |   1|   0|    1|          0|
    |ap_loop_exit_ready_pp0_iter2_reg                  |   1|   0|    1|          0|
    |ap_loop_exit_ready_pp0_iter3_reg                  |   1|   0|    1|          0|
    |ap_loop_exit_ready_pp0_iter4_reg                  |   1|   0|    1|          0|
    |ap_loop_exit_ready_pp0_iter5_reg                  |   1|   0|    1|          0|
    |ap_loop_exit_ready_pp0_iter6_reg                  |   1|   0|    1|          0|
    |ap_loop_exit_ready_pp0_iter7_reg                  |   1|   0|    1|          0|
    |ap_loop_exit_ready_pp0_iter8_reg                  |   1|   0|    1|          0|
    |ap_loop_exit_ready_pp0_iter9_reg                  |   1|   0|    1|          0|
    |ap_loop_init_pp0_iter1_reg                        |   1|   0|    1|          0|
    |i_3_reg_426                                       |   3|   0|    3|          0|
    |i_fu_68                                           |   3|   0|    3|          0|
    |icmp_ln12_reg_417                                 |   1|   0|    1|          0|
    |icmp_ln15_reg_442                                 |   1|   0|    1|          0|
    |indvar_flatten1_fu_64                             |   5|   0|    5|          0|
    |j_fu_72                                           |   3|   0|    3|          0|
    |mul_ln23_1_reg_532                                |  16|   0|   16|          0|
    |mul_ln23_3_reg_537                                |  16|   0|   16|          0|
    |select_ln12_reg_421                               |   3|   0|    3|          0|
    |tmp_1_reg_457                                     |   8|   0|    8|          0|
    |tmp_3_reg_467                                     |   8|   0|    8|          0|
    |tmp_5_reg_487                                     |   8|   0|    8|          0|
    |tmp_7_reg_497                                     |   8|   0|    8|          0|
    |trunc_ln23_1_reg_477                              |   8|   0|    8|          0|
    |trunc_ln23_reg_447                                |   8|   0|    8|          0|
    |add_ln23_4_reg_472                                |  64|  32|    5|          0|
    |icmp_ln12_reg_417                                 |  64|  32|    1|          0|
    |tmp_1_reg_457                                     |  64|  32|    8|          0|
    |tmp_3_reg_467                                     |  64|  32|    8|          0|
    |tmp_5_reg_487                                     |  64|  32|    8|          0|
    |tmp_7_reg_497                                     |  64|  32|    8|          0|
    |trunc_ln23_1_reg_477                              |  64|  32|    8|          0|
    |trunc_ln23_reg_447                                |  64|  32|    8|          0|
    +--------------------------------------------------+----+----+-----+-----------+
    |Total                                             | 654| 256|  196|          0|
    +--------------------------------------------------+----+----+-----+-----------+



================================================================
== Interface
================================================================
* Summary: 
+---------------+-----+-----+------------+--------------+--------------+
|   RTL Ports   | Dir | Bits|  Protocol  | Source Object|    C Type    |
+---------------+-----+-----+------------+--------------+--------------+
|ap_clk         |   in|    1|  ap_ctrl_hs|   matrix_mult|  return value|
|ap_rst         |   in|    1|  ap_ctrl_hs|   matrix_mult|  return value|
|ap_start       |   in|    1|  ap_ctrl_hs|   matrix_mult|  return value|
|ap_done        |  out|    1|  ap_ctrl_hs|   matrix_mult|  return value|
|ap_idle        |  out|    1|  ap_ctrl_hs|   matrix_mult|  return value|
|ap_ready       |  out|    1|  ap_ctrl_hs|   matrix_mult|  return value|
|a_address0     |  out|    3|   ap_memory|             a|         array|
|a_ce0          |  out|    1|   ap_memory|             a|         array|
|a_q0           |   in|   40|   ap_memory|             a|         array|
|b_address0     |  out|    3|   ap_memory|             b|         array|
|b_ce0          |  out|    1|   ap_memory|             b|         array|
|b_q0           |   in|   40|   ap_memory|             b|         array|
|prod_address0  |  out|    5|   ap_memory|          prod|         array|
|prod_ce0       |  out|    1|   ap_memory|          prod|         array|
|prod_we0       |  out|    1|   ap_memory|          prod|         array|
|prod_d0        |  out|   16|   ap_memory|          prod|         array|
+---------------+-----+-----+------------+--------------+--------------+

