

================================================================
== Synthesis Summary Report of 'matrix_mult'
================================================================
+ General Information: 
    * Date:           Tue Oct  6 19:32:14 2026
    * Version:        2026.1 (Build 6493734 on Jun 16 2026)
    * Project:        matrix_mult
    * Solution:       hls
    * Product family: zynq
    * Target device:  xc7z020-clg484-1
    

* Performance & Resource Estimates: 
+---------------+-----------+---------------------+----------+---------+------+----------+---------+---------+-------+------+----------+-----------+-----------+-----+
|    Modules    |   Issue   |                     | Iteration|         | Trip |          |      Latency      |       |      |          |           |           |     |
|    & Loops    |    Type   |    Violation Type   |  Latency | Interval| Count| Pipelined| (cycles)|   (ns)  | Slack | BRAM |    DSP   |     FF    |    LUT    | URAM|
+---------------+-----------+---------------------+----------+---------+------+----------+---------+---------+-------+------+----------+-----------+-----------+-----+
|+ matrix_mult  |  Timing II|  Resource Limitation|         -|       13|     -|       yes|       27|  146.205|  -1.77|     -|  75 (34%)|  8196 (7%)|  5075 (9%)|    -|
+---------------+-----------+---------------------+----------+---------+------+----------+---------+---------+-------+------+----------+-----------+-----------+-----+
    II Violation Information: docs.amd.com/access/sources/dita/topic?Doc_Version=2026.1%20English&url=ug1448-hls-guidance&resourceid=200-880.html
    Name Prefix: '+' for module, 'o' for loop, '*' for dataflow


================================================================
== HW Interfaces
================================================================
* AP_MEMORY
+---------------+-----------+----------+
| Port          | Direction | Bitwidth |
+---------------+-----------+----------+
| a_address0    | out       | 5        |
| a_address1    | out       | 5        |
| a_q0          | in        | 8        |
| a_q1          | in        | 8        |
| b_address0    | out       | 5        |
| b_address1    | out       | 5        |
| b_q0          | in        | 8        |
| b_q1          | in        | 8        |
| prod_address0 | out       | 5        |
| prod_address1 | out       | 5        |
| prod_d0       | out       | 16       |
| prod_d1       | out       | 16       |
+---------------+-----------+----------+

* TOP LEVEL CONTROL
+-----------+------------+-----------------------------------+
| Interface | Type       | Ports                             |
+-----------+------------+-----------------------------------+
| ap_clk    | clock      | ap_clk                            |
| ap_rst    | reset      | ap_rst                            |
| ap_ctrl   | ap_ctrl_hs | ap_done ap_idle ap_ready ap_start |
+-----------+------------+-----------------------------------+


================================================================
== SW I/O Information
================================================================
* Top Function Arguments
+----------+-----------+----------+
| Argument | Direction | Datatype |
+----------+-----------+----------+
| a        | in        | char*    |
| b        | in        | char*    |
| prod     | out       | short*   |
+----------+-----------+----------+

* SW-to-HW Mapping
+----------+---------------+---------+----------+
| Argument | HW Interface  | HW Type | HW Usage |
+----------+---------------+---------+----------+
| a        | a_address0    | port    | offset   |
| a        | a_ce0         | port    |          |
| a        | a_q0          | port    |          |
| a        | a_address1    | port    | offset   |
| a        | a_ce1         | port    |          |
| a        | a_q1          | port    |          |
| b        | b_address0    | port    | offset   |
| b        | b_ce0         | port    |          |
| b        | b_q0          | port    |          |
| b        | b_address1    | port    | offset   |
| b        | b_ce1         | port    |          |
| b        | b_q1          | port    |          |
| prod     | prod_address0 | port    | offset   |
| prod     | prod_ce0      | port    |          |
| prod     | prod_we0      | port    |          |
| prod     | prod_d0       | port    |          |
| prod     | prod_address1 | port    | offset   |
| prod     | prod_ce1      | port    |          |
| prod     | prod_we1      | port    |          |
| prod     | prod_d1       | port    |          |
+----------+---------------+---------+----------+


================================================================
== Bind Op Report
================================================================
+------------------------------------+-----+--------+--------------+-----+-----------+---------+
| Name                               | DSP | Pragma | Variable     | Op  | Impl      | Latency |
+------------------------------------+-----+--------+--------------+-----+-----------+---------+
| + matrix_mult                      | 75  |        |              |     |           |         |
|   mac_muladd_8s_8s_16s_16_4_1_U73  | 1   |        | mul_ln21     | mul | dsp_slice | 3       |
|   mul_8s_8s_16_5_1_U25             |     |        | mul_ln21_1   | mul | auto      | 4       |
|   mac_muladd_8s_8s_16s_16_4_1_U51  | 1   |        | mul_ln21_2   | mul | dsp_slice | 3       |
|   mul_8s_8s_16_5_1_U1              |     |        | mul_ln21_3   | mul | auto      | 4       |
|   mac_muladd_8s_8s_16s_16_4_1_U79  | 1   |        | mul_ln21_4   | mul | dsp_slice | 3       |
|   mac_muladd_8s_8s_16s_16_4_1_U73  | 1   |        | add_ln21     | add | dsp_slice | 3       |
|   mac_muladd_8s_8s_16s_16_4_1_U51  | 1   |        | add_ln21_1   | add | dsp_slice | 3       |
|   mac_muladd_8s_8s_16s_16_4_1_U79  | 1   |        | add_ln21_2   | add | dsp_slice | 3       |
|   add_ln21_3_fu_1240_p2            |     |        | add_ln21_3   | add | fabric    | 0       |
|   mac_muladd_8s_8s_16s_16_4_1_U74  | 1   |        | mul_ln21_5   | mul | dsp_slice | 3       |
|   mul_8s_8s_16_5_1_U26             |     |        | mul_ln21_6   | mul | auto      | 4       |
|   mac_muladd_8s_8s_16s_16_4_1_U52  | 1   |        | mul_ln21_7   | mul | dsp_slice | 3       |
|   mul_8s_8s_16_5_1_U2              |     |        | mul_ln21_8   | mul | auto      | 4       |
|   mac_muladd_8s_8s_16s_16_4_1_U80  | 1   |        | mul_ln21_9   | mul | dsp_slice | 3       |
|   mac_muladd_8s_8s_16s_16_4_1_U74  | 1   |        | add_ln21_4   | add | dsp_slice | 3       |
|   mac_muladd_8s_8s_16s_16_4_1_U52  | 1   |        | add_ln21_5   | add | dsp_slice | 3       |
|   mac_muladd_8s_8s_16s_16_4_1_U80  | 1   |        | add_ln21_6   | add | dsp_slice | 3       |
|   add_ln21_7_fu_1245_p2            |     |        | add_ln21_7   | add | fabric    | 0       |
|   mac_muladd_8s_8s_16s_16_4_1_U75  | 1   |        | mul_ln21_10  | mul | dsp_slice | 3       |
|   mul_8s_8s_16_5_1_U27             |     |        | mul_ln21_11  | mul | auto      | 4       |
|   mac_muladd_8s_8s_16s_16_4_1_U55  | 1   |        | mul_ln21_12  | mul | dsp_slice | 3       |
|   mul_8s_8s_16_5_1_U5              |     |        | mul_ln21_13  | mul | auto      | 4       |
|   mac_muladd_8s_8s_16s_16_4_1_U81  | 1   |        | mul_ln21_14  | mul | dsp_slice | 3       |
|   mac_muladd_8s_8s_16s_16_4_1_U75  | 1   |        | add_ln21_8   | add | dsp_slice | 3       |
|   mac_muladd_8s_8s_16s_16_4_1_U55  | 1   |        | add_ln21_9   | add | dsp_slice | 3       |
|   mac_muladd_8s_8s_16s_16_4_1_U81  | 1   |        | add_ln21_10  | add | dsp_slice | 3       |
|   add_ln21_11_fu_1250_p2           |     |        | add_ln21_11  | add | fabric    | 0       |
|   mac_muladd_8s_8s_16s_16_4_1_U82  | 1   |        | mul_ln21_15  | mul | dsp_slice | 3       |
|   mul_8s_8s_16_5_1_U29             |     |        | mul_ln21_16  | mul | auto      | 4       |
|   mac_muladd_8s_8s_16s_16_4_1_U56  | 1   |        | mul_ln21_17  | mul | dsp_slice | 3       |
|   mul_8s_8s_16_5_1_U6              |     |        | mul_ln21_18  | mul | auto      | 4       |
|   mac_muladd_8s_8s_16s_16_4_1_U85  | 1   |        | mul_ln21_19  | mul | dsp_slice | 3       |
|   mac_muladd_8s_8s_16s_16_4_1_U82  | 1   |        | add_ln21_12  | add | dsp_slice | 3       |
|   mac_muladd_8s_8s_16s_16_4_1_U56  | 1   |        | add_ln21_13  | add | dsp_slice | 3       |
|   mac_muladd_8s_8s_16s_16_4_1_U85  | 1   |        | add_ln21_14  | add | dsp_slice | 3       |
|   add_ln21_15_fu_1258_p2           |     |        | add_ln21_15  | add | fabric    | 0       |
|   mac_muladd_8s_8s_16s_16_4_1_U86  | 1   |        | mul_ln21_20  | mul | dsp_slice | 3       |
|   mul_8s_8s_16_5_1_U30             |     |        | mul_ln21_21  | mul | auto      | 4       |
|   mac_muladd_8s_8s_16s_16_4_1_U61  | 1   |        | mul_ln21_22  | mul | dsp_slice | 3       |
|   mul_8s_8s_16_5_1_U9              |     |        | mul_ln21_23  | mul | auto      | 4       |
|   mac_muladd_8s_8s_16s_16_4_1_U91  | 1   |        | mul_ln21_24  | mul | dsp_slice | 3       |
|   mac_muladd_8s_8s_16s_16_4_1_U86  | 1   |        | add_ln21_16  | add | dsp_slice | 3       |
|   mac_muladd_8s_8s_16s_16_4_1_U61  | 1   |        | add_ln21_17  | add | dsp_slice | 3       |
|   mac_muladd_8s_8s_16s_16_4_1_U91  | 1   |        | add_ln21_18  | add | dsp_slice | 3       |
|   add_ln21_19_fu_1267_p2           |     |        | add_ln21_19  | add | fabric    | 0       |
|   mac_muladd_8s_8s_16s_16_4_1_U83  | 1   |        | mul_ln21_25  | mul | dsp_slice | 3       |
|   mul_8s_8s_16_5_1_U31             |     |        | mul_ln21_26  | mul | auto      | 4       |
|   mac_muladd_8s_8s_16s_16_4_1_U53  | 1   |        | mul_ln21_27  | mul | dsp_slice | 3       |
|   mul_8s_8s_16_5_1_U3              |     |        | mul_ln21_28  | mul | auto      | 4       |
|   mac_muladd_8s_8s_16s_16_4_1_U92  | 1   |        | mul_ln21_29  | mul | dsp_slice | 3       |
|   mac_muladd_8s_8s_16s_16_4_1_U83  | 1   |        | add_ln21_20  | add | dsp_slice | 3       |
|   mac_muladd_8s_8s_16s_16_4_1_U53  | 1   |        | add_ln21_21  | add | dsp_slice | 3       |
|   mac_muladd_8s_8s_16s_16_4_1_U92  | 1   |        | add_ln21_22  | add | dsp_slice | 3       |
|   add_ln21_23_fu_1272_p2           |     |        | add_ln21_23  | add | fabric    | 0       |
|   mac_muladd_8s_8s_16s_16_4_1_U84  | 1   |        | mul_ln21_30  | mul | dsp_slice | 3       |
|   mul_8s_8s_16_5_1_U32             |     |        | mul_ln21_31  | mul | auto      | 4       |
|   mac_muladd_8s_8s_16s_16_4_1_U54  | 1   |        | mul_ln21_32  | mul | dsp_slice | 3       |
|   mul_8s_8s_16_5_1_U4              |     |        | mul_ln21_33  | mul | auto      | 4       |
|   mac_muladd_8s_8s_16s_16_4_1_U97  | 1   |        | mul_ln21_34  | mul | dsp_slice | 3       |
|   mac_muladd_8s_8s_16s_16_4_1_U84  | 1   |        | add_ln21_24  | add | dsp_slice | 3       |
|   mac_muladd_8s_8s_16s_16_4_1_U54  | 1   |        | add_ln21_25  | add | dsp_slice | 3       |
|   mac_muladd_8s_8s_16s_16_4_1_U97  | 1   |        | add_ln21_26  | add | dsp_slice | 3       |
|   add_ln21_27_fu_1281_p2           |     |        | add_ln21_27  | add | fabric    | 0       |
|   mac_muladd_8s_8s_16s_16_4_1_U87  | 1   |        | mul_ln21_35  | mul | dsp_slice | 3       |
|   mul_8s_8s_16_5_1_U33             |     |        | mul_ln21_36  | mul | auto      | 4       |
|   mac_muladd_8s_8s_16s_16_4_1_U57  | 1   |        | mul_ln21_37  | mul | dsp_slice | 3       |
|   mul_8s_8s_16_5_1_U7              |     |        | mul_ln21_38  | mul | auto      | 4       |
|   mac_muladd_8s_8s_16s_16_4_1_U98  | 1   |        | mul_ln21_39  | mul | dsp_slice | 3       |
|   mac_muladd_8s_8s_16s_16_4_1_U87  | 1   |        | add_ln21_28  | add | dsp_slice | 3       |
|   mac_muladd_8s_8s_16s_16_4_1_U57  | 1   |        | add_ln21_29  | add | dsp_slice | 3       |
|   mac_muladd_8s_8s_16s_16_4_1_U98  | 1   |        | add_ln21_30  | add | dsp_slice | 3       |
|   add_ln21_31_fu_1286_p2           |     |        | add_ln21_31  | add | fabric    | 0       |
|   mac_muladd_8s_8s_16s_16_4_1_U88  | 1   |        | mul_ln21_40  | mul | dsp_slice | 3       |
|   mul_8s_8s_16_5_1_U34             |     |        | mul_ln21_41  | mul | auto      | 4       |
|   mac_muladd_8s_8s_16s_16_4_1_U58  | 1   |        | mul_ln21_42  | mul | dsp_slice | 3       |
|   mul_8s_8s_16_5_1_U8              |     |        | mul_ln21_43  | mul | auto      | 4       |
|   mac_muladd_8s_8s_16s_16_4_1_U103 | 1   |        | mul_ln21_44  | mul | dsp_slice | 3       |
|   mac_muladd_8s_8s_16s_16_4_1_U88  | 1   |        | add_ln21_32  | add | dsp_slice | 3       |
|   mac_muladd_8s_8s_16s_16_4_1_U58  | 1   |        | add_ln21_33  | add | dsp_slice | 3       |
|   mac_muladd_8s_8s_16s_16_4_1_U103 | 1   |        | add_ln21_34  | add | dsp_slice | 3       |
|   add_ln21_35_fu_1295_p2           |     |        | add_ln21_35  | add | fabric    | 0       |
|   mac_muladd_8s_8s_16s_16_4_1_U89  | 1   |        | mul_ln21_45  | mul | dsp_slice | 3       |
|   mul_8s_8s_16_5_1_U35             |     |        | mul_ln21_46  | mul | auto      | 4       |
|   mac_muladd_8s_8s_16s_16_4_1_U62  | 1   |        | mul_ln21_47  | mul | dsp_slice | 3       |
|   mul_8s_8s_16_5_1_U10             |     |        | mul_ln21_48  | mul | auto      | 4       |
|   mac_muladd_8s_8s_16s_16_4_1_U104 | 1   |        | mul_ln21_49  | mul | dsp_slice | 3       |
|   mac_muladd_8s_8s_16s_16_4_1_U89  | 1   |        | add_ln21_36  | add | dsp_slice | 3       |
|   mac_muladd_8s_8s_16s_16_4_1_U62  | 1   |        | add_ln21_37  | add | dsp_slice | 3       |
|   mac_muladd_8s_8s_16s_16_4_1_U104 | 1   |        | add_ln21_38  | add | dsp_slice | 3       |
|   add_ln21_39_fu_1300_p2           |     |        | add_ln21_39  | add | fabric    | 0       |
|   mac_muladd_8s_8s_16s_16_4_1_U90  | 1   |        | mul_ln21_50  | mul | dsp_slice | 3       |
|   mul_8s_8s_16_5_1_U36             |     |        | mul_ln21_51  | mul | auto      | 4       |
|   mac_muladd_8s_8s_16s_16_4_1_U59  | 1   |        | mul_ln21_52  | mul | dsp_slice | 3       |
|   mul_8s_8s_16_5_1_U11             |     |        | mul_ln21_53  | mul | auto      | 4       |
|   mac_muladd_8s_8s_16s_16_4_1_U109 | 1   |        | mul_ln21_54  | mul | dsp_slice | 3       |
|   mac_muladd_8s_8s_16s_16_4_1_U90  | 1   |        | add_ln21_40  | add | dsp_slice | 3       |
|   mac_muladd_8s_8s_16s_16_4_1_U59  | 1   |        | add_ln21_41  | add | dsp_slice | 3       |
|   mac_muladd_8s_8s_16s_16_4_1_U109 | 1   |        | add_ln21_42  | add | dsp_slice | 3       |
|   add_ln21_43_fu_1305_p2           |     |        | add_ln21_43  | add | fabric    | 0       |
|   mac_muladd_8s_8s_16s_16_4_1_U93  | 1   |        | mul_ln21_55  | mul | dsp_slice | 3       |
|   mul_8s_8s_16_5_1_U37             |     |        | mul_ln21_56  | mul | auto      | 4       |
|   mac_muladd_8s_8s_16s_16_4_1_U60  | 1   |        | mul_ln21_57  | mul | dsp_slice | 3       |
|   mul_8s_8s_16_5_1_U12             |     |        | mul_ln21_58  | mul | auto      | 4       |
|   mac_muladd_8s_8s_16s_16_4_1_U110 | 1   |        | mul_ln21_59  | mul | dsp_slice | 3       |
|   mac_muladd_8s_8s_16s_16_4_1_U93  | 1   |        | add_ln21_44  | add | dsp_slice | 3       |
|   mac_muladd_8s_8s_16s_16_4_1_U60  | 1   |        | add_ln21_45  | add | dsp_slice | 3       |
|   mac_muladd_8s_8s_16s_16_4_1_U110 | 1   |        | add_ln21_46  | add | dsp_slice | 3       |
|   add_ln21_47_fu_1310_p2           |     |        | add_ln21_47  | add | fabric    | 0       |
|   mac_muladd_8s_8s_16s_16_4_1_U94  | 1   |        | mul_ln21_60  | mul | dsp_slice | 3       |
|   mul_8s_8s_16_5_1_U38             |     |        | mul_ln21_61  | mul | auto      | 4       |
|   mac_muladd_8s_8s_16s_16_4_1_U63  | 1   |        | mul_ln21_62  | mul | dsp_slice | 3       |
|   mul_8s_8s_16_5_1_U13             |     |        | mul_ln21_63  | mul | auto      | 4       |
|   mac_muladd_8s_8s_16s_16_4_1_U111 | 1   |        | mul_ln21_64  | mul | dsp_slice | 3       |
|   mac_muladd_8s_8s_16s_16_4_1_U94  | 1   |        | add_ln21_48  | add | dsp_slice | 3       |
|   mac_muladd_8s_8s_16s_16_4_1_U63  | 1   |        | add_ln21_49  | add | dsp_slice | 3       |
|   mac_muladd_8s_8s_16s_16_4_1_U111 | 1   |        | add_ln21_50  | add | dsp_slice | 3       |
|   add_ln21_51_fu_1315_p2           |     |        | add_ln21_51  | add | fabric    | 0       |
|   mac_muladd_8s_8s_16s_16_4_1_U95  | 1   |        | mul_ln21_65  | mul | dsp_slice | 3       |
|   mul_8s_8s_16_5_1_U39             |     |        | mul_ln21_66  | mul | auto      | 4       |
|   mac_muladd_8s_8s_16s_16_4_1_U64  | 1   |        | mul_ln21_67  | mul | dsp_slice | 3       |
|   mul_8s_8s_16_5_1_U14             |     |        | mul_ln21_68  | mul | auto      | 4       |
|   mac_muladd_8s_8s_16s_16_4_1_U112 | 1   |        | mul_ln21_69  | mul | dsp_slice | 3       |
|   mac_muladd_8s_8s_16s_16_4_1_U95  | 1   |        | add_ln21_52  | add | dsp_slice | 3       |
|   mac_muladd_8s_8s_16s_16_4_1_U64  | 1   |        | add_ln21_53  | add | dsp_slice | 3       |
|   mac_muladd_8s_8s_16s_16_4_1_U112 | 1   |        | add_ln21_54  | add | dsp_slice | 3       |
|   add_ln21_55_fu_1319_p2           |     |        | add_ln21_55  | add | fabric    | 0       |
|   mac_muladd_8s_8s_16s_16_4_1_U96  | 1   |        | mul_ln21_70  | mul | dsp_slice | 3       |
|   mul_8s_8s_16_5_1_U40             |     |        | mul_ln21_71  | mul | auto      | 4       |
|   mac_muladd_8s_8s_16s_16_4_1_U65  | 1   |        | mul_ln21_72  | mul | dsp_slice | 3       |
|   mul_8s_8s_16_5_1_U15             |     |        | mul_ln21_73  | mul | auto      | 4       |
|   mac_muladd_8s_8s_16s_16_4_1_U115 | 1   |        | mul_ln21_74  | mul | dsp_slice | 3       |
|   mac_muladd_8s_8s_16s_16_4_1_U96  | 1   |        | add_ln21_56  | add | dsp_slice | 3       |
|   mac_muladd_8s_8s_16s_16_4_1_U65  | 1   |        | add_ln21_57  | add | dsp_slice | 3       |
|   mac_muladd_8s_8s_16s_16_4_1_U115 | 1   |        | add_ln21_58  | add | dsp_slice | 3       |
|   add_ln21_59_fu_1323_p2           |     |        | add_ln21_59  | add | fabric    | 0       |
|   mac_muladd_8s_8s_16s_16_4_1_U99  | 1   |        | mul_ln21_75  | mul | dsp_slice | 3       |
|   mul_8s_8s_16_5_1_U41             |     |        | mul_ln21_76  | mul | auto      | 4       |
|   mac_muladd_8s_8s_16s_16_4_1_U66  | 1   |        | mul_ln21_77  | mul | dsp_slice | 3       |
|   mul_8s_8s_16_5_1_U16             |     |        | mul_ln21_78  | mul | auto      | 4       |
|   mac_muladd_8s_8s_16s_16_4_1_U116 | 1   |        | mul_ln21_79  | mul | dsp_slice | 3       |
|   mac_muladd_8s_8s_16s_16_4_1_U99  | 1   |        | add_ln21_60  | add | dsp_slice | 3       |
|   mac_muladd_8s_8s_16s_16_4_1_U66  | 1   |        | add_ln21_61  | add | dsp_slice | 3       |
|   mac_muladd_8s_8s_16s_16_4_1_U116 | 1   |        | add_ln21_62  | add | dsp_slice | 3       |
|   add_ln21_63_fu_1327_p2           |     |        | add_ln21_63  | add | fabric    | 0       |
|   mac_muladd_8s_8s_16s_16_4_1_U100 | 1   |        | mul_ln21_80  | mul | dsp_slice | 3       |
|   mul_8s_8s_16_5_1_U42             |     |        | mul_ln21_81  | mul | auto      | 4       |
|   mac_muladd_8s_8s_16s_16_4_1_U67  | 1   |        | mul_ln21_82  | mul | dsp_slice | 3       |
|   mul_8s_8s_16_5_1_U17             |     |        | mul_ln21_83  | mul | auto      | 4       |
|   mac_muladd_8s_8s_16s_16_4_1_U117 | 1   |        | mul_ln21_84  | mul | dsp_slice | 3       |
|   mac_muladd_8s_8s_16s_16_4_1_U100 | 1   |        | add_ln21_64  | add | dsp_slice | 3       |
|   mac_muladd_8s_8s_16s_16_4_1_U67  | 1   |        | add_ln21_65  | add | dsp_slice | 3       |
|   mac_muladd_8s_8s_16s_16_4_1_U117 | 1   |        | add_ln21_66  | add | dsp_slice | 3       |
|   add_ln21_67_fu_1331_p2           |     |        | add_ln21_67  | add | fabric    | 0       |
|   mac_muladd_8s_8s_16s_16_4_1_U101 | 1   |        | mul_ln21_85  | mul | dsp_slice | 3       |
|   mul_8s_8s_16_5_1_U43             |     |        | mul_ln21_86  | mul | auto      | 4       |
|   mac_muladd_8s_8s_16s_16_4_1_U68  | 1   |        | mul_ln21_87  | mul | dsp_slice | 3       |
|   mul_8s_8s_16_5_1_U18             |     |        | mul_ln21_88  | mul | auto      | 4       |
|   mac_muladd_8s_8s_16s_16_4_1_U118 | 1   |        | mul_ln21_89  | mul | dsp_slice | 3       |
|   mac_muladd_8s_8s_16s_16_4_1_U101 | 1   |        | add_ln21_68  | add | dsp_slice | 3       |
|   mac_muladd_8s_8s_16s_16_4_1_U68  | 1   |        | add_ln21_69  | add | dsp_slice | 3       |
|   mac_muladd_8s_8s_16s_16_4_1_U118 | 1   |        | add_ln21_70  | add | dsp_slice | 3       |
|   add_ln21_71_fu_1335_p2           |     |        | add_ln21_71  | add | fabric    | 0       |
|   mac_muladd_8s_8s_16s_16_4_1_U102 | 1   |        | mul_ln21_90  | mul | dsp_slice | 3       |
|   mul_8s_8s_16_5_1_U44             |     |        | mul_ln21_91  | mul | auto      | 4       |
|   mac_muladd_8s_8s_16s_16_4_1_U69  | 1   |        | mul_ln21_92  | mul | dsp_slice | 3       |
|   mul_8s_8s_16_5_1_U19             |     |        | mul_ln21_93  | mul | auto      | 4       |
|   mac_muladd_8s_8s_16s_16_4_1_U119 | 1   |        | mul_ln21_94  | mul | dsp_slice | 3       |
|   mac_muladd_8s_8s_16s_16_4_1_U102 | 1   |        | add_ln21_72  | add | dsp_slice | 3       |
|   mac_muladd_8s_8s_16s_16_4_1_U69  | 1   |        | add_ln21_73  | add | dsp_slice | 3       |
|   mac_muladd_8s_8s_16s_16_4_1_U119 | 1   |        | add_ln21_74  | add | dsp_slice | 3       |
|   add_ln21_75_fu_1339_p2           |     |        | add_ln21_75  | add | fabric    | 0       |
|   mac_muladd_8s_8s_16s_16_4_1_U105 | 1   |        | mul_ln21_95  | mul | dsp_slice | 3       |
|   mul_8s_8s_16_5_1_U45             |     |        | mul_ln21_96  | mul | auto      | 4       |
|   mac_muladd_8s_8s_16s_16_4_1_U70  | 1   |        | mul_ln21_97  | mul | dsp_slice | 3       |
|   mul_8s_8s_16_5_1_U20             |     |        | mul_ln21_98  | mul | auto      | 4       |
|   mac_muladd_8s_8s_16s_16_4_1_U120 | 1   |        | mul_ln21_99  | mul | dsp_slice | 3       |
|   mac_muladd_8s_8s_16s_16_4_1_U105 | 1   |        | add_ln21_76  | add | dsp_slice | 3       |
|   mac_muladd_8s_8s_16s_16_4_1_U70  | 1   |        | add_ln21_77  | add | dsp_slice | 3       |
|   mac_muladd_8s_8s_16s_16_4_1_U120 | 1   |        | add_ln21_78  | add | dsp_slice | 3       |
|   add_ln21_79_fu_1343_p2           |     |        | add_ln21_79  | add | fabric    | 0       |
|   mac_muladd_8s_8s_16s_16_4_1_U106 | 1   |        | mul_ln21_100 | mul | dsp_slice | 3       |
|   mul_8s_8s_16_5_1_U46             |     |        | mul_ln21_101 | mul | auto      | 4       |
|   mac_muladd_8s_8s_16s_16_4_1_U71  | 1   |        | mul_ln21_102 | mul | dsp_slice | 3       |
|   mul_8s_8s_16_5_1_U21             |     |        | mul_ln21_103 | mul | auto      | 4       |
|   mac_muladd_8s_8s_16s_16_4_1_U121 | 1   |        | mul_ln21_104 | mul | dsp_slice | 3       |
|   mac_muladd_8s_8s_16s_16_4_1_U106 | 1   |        | add_ln21_80  | add | dsp_slice | 3       |
|   mac_muladd_8s_8s_16s_16_4_1_U71  | 1   |        | add_ln21_81  | add | dsp_slice | 3       |
|   mac_muladd_8s_8s_16s_16_4_1_U121 | 1   |        | add_ln21_82  | add | dsp_slice | 3       |
|   add_ln21_83_fu_1347_p2           |     |        | add_ln21_83  | add | fabric    | 0       |
|   mac_muladd_8s_8s_16s_16_4_1_U107 | 1   |        | mul_ln21_105 | mul | dsp_slice | 3       |
|   mul_8s_8s_16_5_1_U47             |     |        | mul_ln21_106 | mul | auto      | 4       |
|   mac_muladd_8s_8s_16s_16_4_1_U72  | 1   |        | mul_ln21_107 | mul | dsp_slice | 3       |
|   mul_8s_8s_16_5_1_U22             |     |        | mul_ln21_108 | mul | auto      | 4       |
|   mac_muladd_8s_8s_16s_16_4_1_U122 | 1   |        | mul_ln21_109 | mul | dsp_slice | 3       |
|   mac_muladd_8s_8s_16s_16_4_1_U107 | 1   |        | add_ln21_84  | add | dsp_slice | 3       |
|   mac_muladd_8s_8s_16s_16_4_1_U72  | 1   |        | add_ln21_85  | add | dsp_slice | 3       |
|   mac_muladd_8s_8s_16s_16_4_1_U122 | 1   |        | add_ln21_86  | add | dsp_slice | 3       |
|   add_ln21_87_fu_1351_p2           |     |        | add_ln21_87  | add | fabric    | 0       |
|   mac_muladd_8s_8s_16s_16_4_1_U108 | 1   |        | mul_ln21_110 | mul | dsp_slice | 3       |
|   mul_8s_8s_16_5_1_U48             |     |        | mul_ln21_111 | mul | auto      | 4       |
|   mac_muladd_8s_8s_16s_16_4_1_U76  | 1   |        | mul_ln21_112 | mul | dsp_slice | 3       |
|   mul_8s_8s_16_5_1_U23             |     |        | mul_ln21_113 | mul | auto      | 4       |
|   mac_muladd_8s_8s_16s_16_4_1_U123 | 1   |        | mul_ln21_114 | mul | dsp_slice | 3       |
|   mac_muladd_8s_8s_16s_16_4_1_U108 | 1   |        | add_ln21_88  | add | dsp_slice | 3       |
|   mac_muladd_8s_8s_16s_16_4_1_U76  | 1   |        | add_ln21_89  | add | dsp_slice | 3       |
|   mac_muladd_8s_8s_16s_16_4_1_U123 | 1   |        | add_ln21_90  | add | dsp_slice | 3       |
|   add_ln21_91_fu_1355_p2           |     |        | add_ln21_91  | add | fabric    | 0       |
|   mac_muladd_8s_8s_16s_16_4_1_U113 | 1   |        | mul_ln21_115 | mul | dsp_slice | 3       |
|   mul_8s_8s_16_5_1_U49             |     |        | mul_ln21_116 | mul | auto      | 4       |
|   mac_muladd_8s_8s_16s_16_4_1_U77  | 1   |        | mul_ln21_117 | mul | dsp_slice | 3       |
|   mul_8s_8s_16_5_1_U24             |     |        | mul_ln21_118 | mul | auto      | 4       |
|   mac_muladd_8s_8s_16s_16_4_1_U124 | 1   |        | mul_ln21_119 | mul | dsp_slice | 3       |
|   mac_muladd_8s_8s_16s_16_4_1_U113 | 1   |        | add_ln21_92  | add | dsp_slice | 3       |
|   mac_muladd_8s_8s_16s_16_4_1_U77  | 1   |        | add_ln21_93  | add | dsp_slice | 3       |
|   mac_muladd_8s_8s_16s_16_4_1_U124 | 1   |        | add_ln21_94  | add | dsp_slice | 3       |
|   add_ln21_95_fu_1359_p2           |     |        | add_ln21_95  | add | fabric    | 0       |
|   mac_muladd_8s_8s_16s_16_4_1_U114 | 1   |        | mul_ln21_120 | mul | dsp_slice | 3       |
|   mul_8s_8s_16_5_1_U50             |     |        | mul_ln21_121 | mul | auto      | 4       |
|   mac_muladd_8s_8s_16s_16_4_1_U78  | 1   |        | mul_ln21_122 | mul | dsp_slice | 3       |
|   mul_8s_8s_16_5_1_U28             |     |        | mul_ln21_123 | mul | auto      | 4       |
|   mac_muladd_8s_8s_16s_16_4_1_U125 | 1   |        | mul_ln21_124 | mul | dsp_slice | 3       |
|   mac_muladd_8s_8s_16s_16_4_1_U114 | 1   |        | add_ln21_96  | add | dsp_slice | 3       |
|   mac_muladd_8s_8s_16s_16_4_1_U78  | 1   |        | add_ln21_97  | add | dsp_slice | 3       |
|   mac_muladd_8s_8s_16s_16_4_1_U125 | 1   |        | add_ln21_98  | add | dsp_slice | 3       |
|   add_ln21_99_fu_1363_p2           |     |        | add_ln21_99  | add | fabric    | 0       |
+------------------------------------+-----+--------+--------------+-----+-----------+---------+


================================================================
== Storage Report
================================================================
  No bind storage info in design

================================================================
== Pragma Report
================================================================
* Valid Pragma Syntax
+----------+---------+-------------------------------------------------------------+
| Type     | Options | Location                                                    |
+----------+---------+-------------------------------------------------------------+
| PIPELINE | ii=1    | in matrix_mult (../source/tut3B_Function/matrix_mult.cpp:8) |
+----------+---------+-------------------------------------------------------------+


