================================================================
== Design Size Report
================================================================

* Total Instructions per Compilation Phase
+---------------+----------------------------+--------------+----------------------------------------------------------------------------------------+
| Phase         | Step                       | Instructions | Description                                                                            |
+---------------+----------------------------+--------------+----------------------------------------------------------------------------------------+
| Compile/Link  |                            |    55        | After all functions are compiled and linked into a single design                       |
|               |                            |              |                                                                                        |
| Unroll/Inline |                            |              | After user unroll and inline pragmas are applied                                       |
|               | (1) unroll                 | 1,159        | user unroll pragmas are applied                                                        |
|               | (2) simplification         |   426        | simplification of applied user unroll pragmas                                          |
|               | (3) inline                 |   426        | user inline pragmas are applied                                                        |
|               | (4) simplification         |   426        | simplification of applied user inline pragmas                                          |
|               |                            |              |                                                                                        |
| Array/Struct  |                            |              | After user array partition and struct aggregate/disaggregate pragmas are applied       |
|               | (1) array partition        |   426        | user array partition pragmas are applied                                               |
|               | (2) simplification         |   426        | simplification of applied user array partition & struct aggregate/disaggregate pragmas |
|               | (3) aggregate/disaggregate |   426        | user struct aggregate/disaggregate pragmas are applied                                 |
|               | (4) array reshape          |   426        | apply array reshape pragmas                                                            |
|               | (5) access patterns        |   426        | array access pattern optmizations                                                      |
|               |                            |              |                                                                                        |
| Performance   |                            |              | After transformations are applied to meet performance pragma targets                   |
|               | (1) loop simplification    |   426        | loop and instruction simplification                                                    |
|               | (2) parallelization        |   426        | loops are unrolled or pipelined to meet performance targets                            |
|               | (3) array partition        |   426        | arrays are partitioned to meet performance targets                                     |
|               | (4) simplification         |   426        | simplification of design after performance transformations                             |
|               |                            |              |                                                                                        |
| HW Transforms |                            |              | After hardware transfomations                                                          |
|               | (1) lowering               |   432        | initial conversion to HW specific instructions                                         |
|               | (2) optimizations          |   434        | high level synthesis optimizations                                                     |
+---------------+----------------------------+--------------+----------------------------------------------------------------------------------------+

* Instructions per Function for each Compilation Phase
+---------------+-------------------+--------------+---------------+--------------+-------------+---------------+
| Function      | Location          | Compile/Link | Unroll/Inline | Array/Struct | Performance | HW Transforms |
+---------------+-------------------+--------------+---------------+--------------+-------------+---------------+
|   matrix_mult | matrix_mult.cpp:3 | 55           | 426           | 426          | 426         | 434           |
+---------------+-------------------+--------------+---------------+--------------+-------------+---------------+

* Design Size Message Settings
+---------------------------------------------+--------+------------------------------------------------------------------+
| Message Setting                             | Value  | Description                                                      |
+---------------------------------------------+--------+------------------------------------------------------------------+
| config_compile -design_size_maximum_warning | 100000 | Show a warning when total design instructions exceeds this value |
+---------------------------------------------+--------+------------------------------------------------------------------+


